Created log directory: /Users/mac/Documents/6-Research/9-AutoDriving/9-AutoDriving-core/data/chinatravel_baseline12_20260912/planning/e20241028160309165566/logs
cache dir: /Users/mac/Documents/6-Research/9-AutoDriving/9-AutoDriving-core/data/chinatravel_baseline12_20260912/planning/e20241028160309165566/cache
广州 -> 武汉
   id             name  ... price numbed
0   0  臻程酒店(武汉汉阳江滩国博店)  ...   308      1
1   1    武汉江滩好百年美仑国际酒店  ...   499      1
2   2      武汉汉口温德姆花园酒店  ...   498      1
3   3           武汉会议中心  ...   518      1
4   4       武汉江滩世茂凡象酒店  ...   471      1

[5 rows x 8 columns]
search: ...
candidates_type:  ['attraction', 'lunch', 'dinner', 'back-intercity-transport']
POI planning, day 0 02:48, 武汉天河国际机场, next-poi type: attraction
candidates_type:  ['attraction', 'lunch', 'dinner', 'back-intercity-transport']
POI planning, day 0 11:30, 幻境空间超级元宇宙剧场, next-poi type: lunch
candidates_type:  ['attraction', 'dinner', 'back-intercity-transport']
POI planning, day 0 12:51, 哈根达斯(武汉天地店), next-poi type: attraction
Can not go back source-city in time, current POI 盛世欢乐世界, station arrived time: 19:58
The current time is too late to go hotel or back-transport, backtrack...
add_attraction failed, backtrack...
Can not go back source-city in time, current POI 盛世欢乐世界, station arrived time: 19:30
The current time is too late to go hotel or back-transport, backtrack...
add_attraction failed, backtrack...
Can not go back source-city in time, current POI 盛世欢乐世界, station arrived time: 18:08
The current time is too late to go hotel or back-transport, backtrack...
add_attraction failed, backtrack...
candidates_type:  ['attraction', 'dinner', 'back-intercity-transport']
POI planning, day 0 14:35, 汉口新四军军部旧址, next-poi type: attraction
Can not go back source-city in time, current POI 洪山公园, station arrived time: 18:49
The current time is too late to go hotel or back-transport, backtrack...
add_attraction failed, backtrack...
Can not go back source-city in time, current POI 洪山公园, station arrived time: 18:29
The current time is too late to go hotel or back-transport, backtrack...
add_attraction failed, backtrack...
Can not go back source-city in time, current POI 洪山公园, station arrived time: 18:14
The current time is too late to go hotel or back-transport, backtrack...
add_attraction failed, backtrack...
Can not go back source-city in time, current POI 鹅池, station arrived time: 19:10
The current time is too late to go hotel or back-transport, backtrack...
add_attraction failed, backtrack...
Can not go back source-city in time, current POI 鹅池, station arrived time: 18:49
The current time is too late to go hotel or back-transport, backtrack...
add_attraction failed, backtrack...
Can not go back source-city in time, current POI 鹅池, station arrived time: 18:04
The current time is too late to go hotel or back-transport, backtrack...
add_attraction failed, backtrack...
Can not go back source-city in time, current POI 武汉大学-风雨操场, station arrived time: 18:36
The current time is too late to go hotel or back-transport, backtrack...
add_attraction failed, backtrack...
Can not go back source-city in time, current POI 武汉大学-风雨操场, station arrived time: 18:07
The current time is too late to go hotel or back-transport, backtrack...
add_attraction failed, backtrack...
Can not go back source-city in time, current POI 武汉大学-风雨操场, station arrived time: 18:08
The current time is too late to go hotel or back-transport, backtrack...
add_attraction failed, backtrack...
The attraction is closed now...
Can not go back source-city in time, current POI 九真桃源, station arrived time: 20:54
The current time is too late to go hotel or back-transport, backtrack...
add_attraction failed, backtrack...
The current time is too late...
Can not go back source-city in time, current POI 西北湖, station arrived time: 19:18
The current time is too late to go hotel or back-transport, backtrack...
add_attraction failed, backtrack...
Can not go back source-city in time, current POI 西北湖, station arrived time: 19:04
The current time is too late to go hotel or back-transport, backtrack...
add_attraction failed, backtrack...
Can not go back source-city in time, current POI 西北湖, station arrived time: 19:48
The current time is too late to go hotel or back-transport, backtrack...
add_attraction failed, backtrack...
Can not go back source-city in time, current POI 穿越武汉, station arrived time: 19:02
The current time is too late to go hotel or back-transport, backtrack...
add_attraction failed, backtrack...
Can not go back source-city in time, current POI 穿越武汉, station arrived time: 18:41
The current time is too late to go hotel or back-transport, backtrack...
add_attraction failed, backtrack...
Can not go back source-city in time, current POI 穿越武汉, station arrived time: 19:19
The current time is too late to go hotel or back-transport, backtrack...
add_attraction failed, backtrack...
Can not go back source-city in time, current POI 莫莉幻想室内儿童游乐城（武汉摩尔城店）, station arrived time: 20:52
The current time is too late to go hotel or back-transport, backtrack...
add_attraction failed, backtrack...
Can not go back source-city in time, current POI 莫莉幻想室内儿童游乐城（武汉摩尔城店）, station arrived time: 20:31
The current time is too late to go hotel or back-transport, backtrack...
add_attraction failed, backtrack...
Can not go back source-city in time, current POI 莫莉幻想室内儿童游乐城（武汉摩尔城店）, station arrived time: 19:09
The current time is too late to go hotel or back-transport, backtrack...
add_attraction failed, backtrack...
Can not go back source-city in time, current POI 东湖凌波门栈桥, station arrived time: 18:28
The current time is too late to go hotel or back-transport, backtrack...
add_attraction failed, backtrack...
Can not go back source-city in time, current POI 东湖凌波门栈桥, station arrived time: 17:54
The current time is too late to go hotel or back-transport, backtrack...
add_attraction failed, backtrack...
Can not go back source-city in time, current POI 东湖凌波门栈桥, station arrived time: 18:34
The current time is too late to go hotel or back-transport, backtrack...
add_attraction failed, backtrack...
Can not go back source-city in time, current POI 环球艺术家美术馆, station arrived time: 18:43
The current time is too late to go hotel or back-transport, backtrack...
add_attraction failed, backtrack...
Can not go back source-city in time, current POI 环球艺术家美术馆, station arrived time: 18:27
The current time is too late to go hotel or back-transport, backtrack...
add_attraction failed, backtrack...
Can not go back source-city in time, current POI 环球艺术家美术馆, station arrived time: 18:51
The current time is too late to go hotel or back-transport, backtrack...
add_attraction failed, backtrack...
Out of search_width [10], break
validate the plan [for query e20241028160309165566]: 
{'people_number': 1, 'start_city': '广州', 'target_city': '武汉', 'itinerary': [{'day': 1, 'activities': [{'start_time': '01:45', 'end_time': '02:48', 'start': '广州白云国际机场', 'end': '武汉天河国际机场', 'price': 388.13, 'cost': 388.13, 'tickets': 1, 'transports': [], 'FlightID': 'FL309', 'type': 'airplane'}, {'position': '幻境空间超级元宇宙剧场', 'type': 'attraction', 'price': 59, 'cost': 59, 'start_time': '10:00', 'end_time': '11:30', 'transports': [{'start': '武汉天河国际机场', 'end': '天河机场-地铁站', 'mode': 'walk', 'start_time': '02:48', 'end_time': '02:54', 'cost': 0, 'distance': 0.55, 'price': 0}, {'start': '天河机场-地铁站', 'end': '江汉路-地铁站', 'mode': 'metro', 'start_time': '02:54', 'end_time': '03:38', 'cost': 6, 'distance': 22.39, 'price': 6, 'tickets': 1}, {'start': '江汉路-地铁站', 'end': '幻境空间超级元宇宙剧场', 'mode': 'walk', 'start_time': '03:38', 'end_time': '03:48', 'cost': 0, 'distance': 0.86, 'price': 0}], 'tickets': 1}, {'position': '哈根达斯(武汉天地店)', 'type': 'lunch', 'price': 83, 'cost': 83, 'start_time': '11:51', 'end_time': '12:51', 'transports': [{'start': '幻境空间超级元宇宙剧场', 'end': '江汉路-地铁站', 'mode': 'walk', 'start_time': '11:30', 'end_time': '11:40', 'cost': 0, 'distance': 0.86, 'price': 0}, {'start': '江汉路-地铁站', 'end': '黄浦路-地铁站', 'mode': 'metro', 'start_time': '11:40', 'end_time': '11:47', 'cost': 2, 'distance': 3.54, 'price': 2, 'tickets': 1}, {'start': '黄浦路-地铁站', 'end': '哈根达斯(武汉天地店)', 'mode': 'walk', 'start_time': '11:47', 'end_time': '11:51', 'cost': 0, 'distance': 0.34, 'price': 0}]}, {'position': '汉口新四军军部旧址', 'type': 'attraction', 'price': 0, 'cost': 0, 'start_time': '13:05', 'end_time': '14:35', 'transports': [{'start': '哈根达斯(武汉天地店)', 'end': '黄浦路-地铁站', 'mode': 'walk', 'start_time': '12:51', 'end_time': '12:55', 'cost': 0, 'distance': 0.34, 'price': 0}, {'start': '黄浦路-地铁站', 'end': '头道街-地铁站', 'mode': 'metro', 'start_time': '12:55', 'end_time': '12:57', 'cost': 2, 'distance': 1.18, 'price': 2, 'tickets': 1}, {'start': '头道街-地铁站', 'end': '汉口新四军军部旧址', 'mode': 'walk', 'start_time': '12:57', 'end_time': '13:05', 'cost': 0, 'distance': 0.72, 'price': 0}], 'tickets': 1}, {'start_time': '17:38', 'end_time': '22:02', 'start': '武汉站', 'end': '广州南站', 'price': 543.6, 'cost': 543.6, 'tickets': 1, 'transports': [{'start': '汉口新四军军部旧址', 'end': '头道街-地铁站', 'mode': 'walk', 'start_time': '14:35', 'end_time': '14:43', 'cost': 0, 'distance': 0.72, 'price': 0}, {'start': '头道街-地铁站', 'end': '武汉站东广场-地铁站', 'mode': 'metro', 'start_time': '14:43', 'end_time': '15:04', 'cost': 4, 'distance': 10.9, 'price': 4, 'tickets': 1}, {'start': '武汉站东广场-地铁站', 'end': '武汉站', 'mode': 'walk', 'start_time': '15:04', 'end_time': '15:06', 'cost': 0, 'distance': 0.19, 'price': 0}], 'TrainID': 'G1019', 'type': 'train'}]}]}
Activity grounding passed!
Intercity_transport passed!
Attractions passed!
Hotels passed!
Restaurants passed!
Innercity transport  passed!
Time passed!
Space passed!
{'days': 1, 'people_number': 1, 'cost': 1087.73, 'transport_type': {'metro'}, 'intercity_transport': {'train', 'airplane'}, 'train_type': {'G'}, 'food_type': {'面包甜点'}, 'spot_type': {'游乐园/体育娱乐', '红色景点'}, 'hotel_feature': set(), 'food_price': 83.0, 'hotel_price': 0, 'hotel_names': set(), 'restaurant_names': {'哈根达斯(武汉天地店)'}, 'attraction_names': {'幻境空间超级元宇宙剧场', '汉口新四军军部旧址'}, 'tickets': 1, 'rooms': None, 'room_type': None}
[True, True, True]
result=(day_count(plan)==1) passed!
result=(people_count(plan)==1) passed!
total=0
for activity in allactivities(plan):
 total+=activity_cost(activity)
 total+=innercity_transport_cost(activity_transports(activity))
result=(total<=3000) passed!

 Pass! 

True {'people_number': 1, 'start_city': '广州', 'target_city': '武汉', 'itinerary': [{'day': 1, 'activities': [{'start_time': '01:45', 'end_time': '02:48', 'start': '广州白云国际机场', 'end': '武汉天河国际机场', 'price': 388.13, 'cost': 388.13, 'tickets': 1, 'transports': [], 'FlightID': 'FL309', 'type': 'airplane'}, {'position': '幻境空间超级元宇宙剧场', 'type': 'attraction', 'price': 59, 'cost': 59, 'start_time': '10:00', 'end_time': '11:30', 'transports': [{'start': '武汉天河国际机场', 'end': '天河机场-地铁站', 'mode': 'walk', 'start_time': '02:48', 'end_time': '02:54', 'cost': 0, 'distance': 0.55, 'price': 0}, {'start': '天河机场-地铁站', 'end': '江汉路-地铁站', 'mode': 'metro', 'start_time': '02:54', 'end_time': '03:38', 'cost': 6, 'distance': 22.39, 'price': 6, 'tickets': 1}, {'start': '江汉路-地铁站', 'end': '幻境空间超级元宇宙剧场', 'mode': 'walk', 'start_time': '03:38', 'end_time': '03:48', 'cost': 0, 'distance': 0.86, 'price': 0}], 'tickets': 1}, {'position': '哈根达斯(武汉天地店)', 'type': 'lunch', 'price': 83, 'cost': 83, 'start_time': '11:51', 'end_time': '12:51', 'transports': [{'start': '幻境空间超级元宇宙剧场', 'end': '江汉路-地铁站', 'mode': 'walk', 'start_time': '11:30', 'end_time': '11:40', 'cost': 0, 'distance': 0.86, 'price': 0}, {'start': '江汉路-地铁站', 'end': '黄浦路-地铁站', 'mode': 'metro', 'start_time': '11:40', 'end_time': '11:47', 'cost': 2, 'distance': 3.54, 'price': 2, 'tickets': 1}, {'start': '黄浦路-地铁站', 'end': '哈根达斯(武汉天地店)', 'mode': 'walk', 'start_time': '11:47', 'end_time': '11:51', 'cost': 0, 'distance': 0.34, 'price': 0}]}, {'position': '汉口新四军军部旧址', 'type': 'attraction', 'price': 0, 'cost': 0, 'start_time': '13:05', 'end_time': '14:35', 'transports': [{'start': '哈根达斯(武汉天地店)', 'end': '黄浦路-地铁站', 'mode': 'walk', 'start_time': '12:51', 'end_time': '12:55', 'cost': 0, 'distance': 0.34, 'price': 0}, {'start': '黄浦路-地铁站', 'end': '头道街-地铁站', 'mode': 'metro', 'start_time': '12:55', 'end_time': '12:57', 'cost': 2, 'distance': 1.18, 'price': 2, 'tickets': 1}, {'start': '头道街-地铁站', 'end': '汉口新四军军部旧址', 'mode': 'walk', 'start_time': '12:57', 'end_time': '13:05', 'cost': 0, 'distance': 0.72, 'price': 0}], 'tickets': 1}, {'start_time': '17:38', 'end_time': '22:02', 'start': '武汉站', 'end': '广州南站', 'price': 543.6, 'cost': 543.6, 'tickets': 1, 'transports': [{'start': '汉口新四军军部旧址', 'end': '头道街-地铁站', 'mode': 'walk', 'start_time': '14:35', 'end_time': '14:43', 'cost': 0, 'distance': 0.72, 'price': 0}, {'start': '头道街-地铁站', 'end': '武汉站东广场-地铁站', 'mode': 'metro', 'start_time': '14:43', 'end_time': '15:04', 'cost': 4, 'distance': 10.9, 'price': 4, 'tickets': 1}, {'start': '武汉站东广场-地铁站', 'end': '武汉站', 'mode': 'walk', 'start_time': '15:04', 'end_time': '15:06', 'cost': 0, 'distance': 0.19, 'price': 0}], 'TrainID': 'G1019', 'type': 'train'}]}], 'search_time_sec': 1.0416500568389893, 'llm_inference_time_sec': 0}
True {'people_number': 1, 'start_city': '广州', 'target_city': '武汉', 'itinerary': [{'day': 1, 'activities': [{'start_time': '01:45', 'end_time': '02:48', 'start': '广州白云国际机场', 'end': '武汉天河国际机场', 'price': 388.13, 'cost': 388.13, 'tickets': 1, 'transports': [], 'FlightID': 'FL309', 'type': 'airplane'}, {'position': '幻境空间超级元宇宙剧场', 'type': 'attraction', 'price': 59, 'cost': 59, 'start_time': '10:00', 'end_time': '11:30', 'transports': [{'start': '武汉天河国际机场', 'end': '天河机场-地铁站', 'mode': 'walk', 'start_time': '02:48', 'end_time': '02:54', 'cost': 0, 'distance': 0.55, 'price': 0}, {'start': '天河机场-地铁站', 'end': '江汉路-地铁站', 'mode': 'metro', 'start_time': '02:54', 'end_time': '03:38', 'cost': 6, 'distance': 22.39, 'price': 6, 'tickets': 1}, {'start': '江汉路-地铁站', 'end': '幻境空间超级元宇宙剧场', 'mode': 'walk', 'start_time': '03:38', 'end_time': '03:48', 'cost': 0, 'distance': 0.86, 'price': 0}], 'tickets': 1}, {'position': '哈根达斯(武汉天地店)', 'type': 'lunch', 'price': 83, 'cost': 83, 'start_time': '11:51', 'end_time': '12:51', 'transports': [{'start': '幻境空间超级元宇宙剧场', 'end': '江汉路-地铁站', 'mode': 'walk', 'start_time': '11:30', 'end_time': '11:40', 'cost': 0, 'distance': 0.86, 'price': 0}, {'start': '江汉路-地铁站', 'end': '黄浦路-地铁站', 'mode': 'metro', 'start_time': '11:40', 'end_time': '11:47', 'cost': 2, 'distance': 3.54, 'price': 2, 'tickets': 1}, {'start': '黄浦路-地铁站', 'end': '哈根达斯(武汉天地店)', 'mode': 'walk', 'start_time': '11:47', 'end_time': '11:51', 'cost': 0, 'distance': 0.34, 'price': 0}]}, {'position': '汉口新四军军部旧址', 'type': 'attraction', 'price': 0, 'cost': 0, 'start_time': '13:05', 'end_time': '14:35', 'transports': [{'start': '哈根达斯(武汉天地店)', 'end': '黄浦路-地铁站', 'mode': 'walk', 'start_time': '12:51', 'end_time': '12:55', 'cost': 0, 'distance': 0.34, 'price': 0}, {'start': '黄浦路-地铁站', 'end': '头道街-地铁站', 'mode': 'metro', 'start_time': '12:55', 'end_time': '12:57', 'cost': 2, 'distance': 1.18, 'price': 2, 'tickets': 1}, {'start': '头道街-地铁站', 'end': '汉口新四军军部旧址', 'mode': 'walk', 'start_time': '12:57', 'end_time': '13:05', 'cost': 0, 'distance': 0.72, 'price': 0}], 'tickets': 1}, {'start_time': '17:38', 'end_time': '22:02', 'start': '武汉站', 'end': '广州南站', 'price': 543.6, 'cost': 543.6, 'tickets': 1, 'transports': [{'start': '汉口新四军军部旧址', 'end': '头道街-地铁站', 'mode': 'walk', 'start_time': '14:35', 'end_time': '14:43', 'cost': 0, 'distance': 0.72, 'price': 0}, {'start': '头道街-地铁站', 'end': '武汉站东广场-地铁站', 'mode': 'metro', 'start_time': '14:43', 'end_time': '15:04', 'cost': 4, 'distance': 10.9, 'price': 4, 'tickets': 1}, {'start': '武汉站东广场-地铁站', 'end': '武汉站', 'mode': 'walk', 'start_time': '15:04', 'end_time': '15:06', 'cost': 0, 'distance': 0.19, 'price': 0}], 'TrainID': 'G1019', 'type': 'train'}]}], 'search_time_sec': 1.0416500568389893, 'llm_inference_time_sec': 0}
