Created log directory: /Users/mac/Documents/6-Research/9-AutoDriving/9-AutoDriving-core/data/chinatravel_baseline12_20260912/planning/e20241028160301887545/logs
cache dir: /Users/mac/Documents/6-Research/9-AutoDriving/9-AutoDriving-core/data/chinatravel_baseline12_20260912/planning/e20241028160301887545/cache
深圳 -> 广州
   id            name  ... price numbed
0   0    广州番禺万博中心舒与酒店  ...   493      1
1   1    广州天河体育中心美居酒店  ...   474      1
2   2        广州东站城际酒店  ...   551      1
3   3          广州建国酒店  ...   502      1
4   4  广州北京路天字码头亚朵S酒店  ...   561      1

[5 rows x 8 columns]
search: ...
candidates_type:  ['attraction', 'lunch', 'dinner', 'back-intercity-transport']
POI planning, day 0 08:49, 广州东站, next-poi type: attraction
candidates_type:  ['attraction', 'lunch', 'dinner', 'back-intercity-transport']
POI planning, day 0 10:43, 岭南金融博物馆, next-poi type: lunch
candidates_type:  ['attraction', 'dinner', 'back-intercity-transport']
POI planning, day 0 12:00, 明华饼店, next-poi type: attraction
Can not go back source-city in time, current POI 广州翔云跳伞俱乐部(增城基地), station arrived time: 28:46
The current time is too late to go hotel or back-transport, backtrack...
add_attraction failed, backtrack...
Can not go back source-city in time, current POI 广州翔云跳伞俱乐部(增城基地), station arrived time: 28:03
The current time is too late to go hotel or back-transport, backtrack...
add_attraction failed, backtrack...
The current time is too late...
candidates_type:  ['attraction', 'dinner', 'back-intercity-transport']
POI planning, day 0 15:42, 广州番禺直升机观光游览区, next-poi type: attraction
candidates_type:  ['attraction', 'dinner', 'back-intercity-transport']
POI planning, day 0 18:00, 南越国水关遗址(光明广场), next-poi type: dinner
candidates_type:  ['attraction', 'back-intercity-transport']
POI planning, day 0 19:13, 天成川菜·鲜活川味(海港城江景店), next-poi type: attraction
Can not go back source-city in time, current POI 番禺欢乐森林, station arrived time: 24:41
The current time is too late to go hotel or back-transport, backtrack...
add_attraction failed, backtrack...
Can not go back source-city in time, current POI 番禺欢乐森林, station arrived time: 24:41
The current time is too late to go hotel or back-transport, backtrack...
add_attraction failed, backtrack...
The current time is too late...
Can not go back source-city in time, current POI 鱼珠码头, station arrived time: 25:37
The current time is too late to go hotel or back-transport, backtrack...
add_attraction failed, backtrack...
Can not go back source-city in time, current POI 鱼珠码头, station arrived time: 25:20
The current time is too late to go hotel or back-transport, backtrack...
add_attraction failed, backtrack...
The current time is too late...
Can not go back source-city in time, current POI 石基, station arrived time: 23:40
The current time is too late to go hotel or back-transport, backtrack...
add_attraction failed, backtrack...
Can not go back source-city in time, current POI 石基, station arrived time: 24:43
The current time is too late to go hotel or back-transport, backtrack...
add_attraction failed, backtrack...
The current time is too late...
candidates_type:  ['attraction', 'back-intercity-transport']
POI planning, day 0 21:14, 一方乐田都市农园, next-poi type: back-intercity-transport
validate the plan [for query e20241028160301887545]: 
{'people_number': 1, 'start_city': '深圳', 'target_city': '广州', 'itinerary': [{'day': 1, 'activities': [{'start_time': '07:26', 'end_time': '08:49', 'start': '深圳站', 'end': '广州东站', 'price': 46.89, 'cost': 46.89, 'tickets': 1, 'transports': [], 'TrainID': 'C7074', 'type': 'train'}, {'position': '岭南金融博物馆', 'type': 'attraction', 'price': 0, 'cost': 0, 'start_time': '09:13', 'end_time': '10:43', 'transports': [{'start': '广州东站', 'end': '燕塘-地铁站', 'mode': 'walk', 'start_time': '08:49', 'end_time': '08:56', 'cost': 0, 'distance': 0.66, 'price': 0}, {'start': '燕塘-地铁站', 'end': '农讲所-地铁站', 'mode': 'metro', 'start_time': '08:56', 'end_time': '09:08', 'cost': 3, 'distance': 6.44, 'price': 3, 'tickets': 1}, {'start': '农讲所-地铁站', 'end': '岭南金融博物馆', 'mode': 'walk', 'start_time': '09:08', 'end_time': '09:13', 'cost': 0, 'distance': 0.47, 'price': 0}], 'tickets': 1}, {'position': '明华饼店', 'type': 'lunch', 'price': 26, 'cost': 26, 'start_time': '11:00', 'end_time': '12:00', 'transports': [{'start': '岭南金融博物馆', 'end': '农讲所-地铁站', 'mode': 'walk', 'start_time': '10:43', 'end_time': '10:48', 'cost': 0, 'distance': 0.47, 'price': 0}, {'start': '农讲所-地铁站', 'end': '海珠广场-地铁站', 'mode': 'metro', 'start_time': '10:48', 'end_time': '10:51', 'cost': 2, 'distance': 1.68, 'price': 2, 'tickets': 1}, {'start': '海珠广场-地铁站', 'end': '明华饼店', 'mode': 'walk', 'start_time': '10:51', 'end_time': '10:55', 'cost': 0, 'distance': 0.41, 'price': 0}]}, {'position': '广州番禺直升机观光游览区', 'type': 'attraction', 'price': 499, 'cost': 499, 'start_time': '14:12', 'end_time': '15:42', 'transports': [{'start': '明华饼店', 'end': '海珠广场-地铁站', 'mode': 'walk', 'start_time': '12:00', 'end_time': '12:04', 'cost': 0, 'distance': 0.41, 'price': 0}, {'start': '海珠广场-地铁站', 'end': '海傍-地铁站', 'mode': 'metro', 'start_time': '12:04', 'end_time': '13:01', 'cost': 7, 'distance': 28.98, 'price': 7, 'tickets': 1}, {'start': '海傍-地铁站', 'end': '广州番禺直升机观光游览区', 'mode': 'walk', 'start_time': '13:01', 'end_time': '14:12', 'cost': 0, 'distance': 5.92, 'price': 0}], 'tickets': 1}, {'position': '南越国水关遗址(光明广场)', 'type': 'attraction', 'price': 0, 'cost': 0, 'start_time': '17:54', 'end_time': '18:00', 'transports': [{'start': '广州番禺直升机观光游览区', 'end': '海傍-地铁站', 'mode': 'walk', 'start_time': '15:42', 'end_time': '16:53', 'cost': 0, 'distance': 5.92, 'price': 0}, {'start': '海傍-地铁站', 'end': '农讲所-地铁站', 'mode': 'metro', 'start_time': '16:53', 'end_time': '17:51', 'cost': 7, 'distance': 29.13, 'price': 7, 'tickets': 1}, {'start': '农讲所-地铁站', 'end': '南越国水关遗址(光明广场)', 'mode': 'walk', 'start_time': '17:51', 'end_time': '17:54', 'cost': 0, 'distance': 0.28, 'price': 0}], 'tickets': 1}, {'position': '天成川菜·鲜活川味(海港城江景店)', 'type': 'dinner', 'price': 88, 'cost': 88, 'start_time': '18:13', 'end_time': '19:13', 'transports': [{'start': '南越国水关遗址(光明广场)', 'end': '农讲所-地铁站', 'mode': 'walk', 'start_time': '18:00', 'end_time': '18:03', 'cost': 0, 'distance': 0.28, 'price': 0}, {'start': '农讲所-地铁站', 'end': '东湖-地铁站', 'mode': 'metro', 'start_time': '18:03', 'end_time': '18:06', 'cost': 2, 'distance': 1.84, 'price': 2, 'tickets': 1}, {'start': '东湖-地铁站', 'end': '天成川菜·鲜活川味(海港城江景店)', 'mode': 'walk', 'start_time': '18:06', 'end_time': '18:13', 'cost': 0, 'distance': 0.62, 'price': 0}]}, {'position': '一方乐田都市农园', 'type': 'attraction', 'price': 37, 'cost': 37, 'start_time': '19:44', 'end_time': '21:14', 'transports': [{'start': '天成川菜·鲜活川味(海港城江景店)', 'end': '东湖-地铁站', 'mode': 'walk', 'start_time': '19:13', 'end_time': '19:20', 'cost': 0, 'distance': 0.62, 'price': 0}, {'start': '东湖-地铁站', 'end': '大塘-地铁站', 'mode': 'metro', 'start_time': '19:20', 'end_time': '19:30', 'cost': 3, 'distance': 5.33, 'price': 3, 'tickets': 1}, {'start': '大塘-地铁站', 'end': '一方乐田都市农园', 'mode': 'walk', 'start_time': '19:30', 'end_time': '19:44', 'cost': 0, 'distance': 1.17, 'price': 0}], 'tickets': 1}, {'start_time': '23:28', 'end_time': '23:57', 'start': '广州南站', 'end': '深圳北站', 'price': 67.73, 'cost': 67.73, 'tickets': 1, 'transports': [{'start': '一方乐田都市农园', 'end': '大塘-地铁站', 'mode': 'walk', 'start_time': '21:14', 'end_time': '21:28', 'cost': 0, 'distance': 1.17, 'price': 0}, {'start': '大塘-地铁站', 'end': '广州南站-地铁站', 'mode': 'metro', 'start_time': '21:28', 'end_time': '21:50', 'cost': 4, 'distance': 11.22, 'price': 4, 'tickets': 1}, {'start': '广州南站-地铁站', 'end': '广州南站', 'mode': 'walk', 'start_time': '21:50', 'end_time': '21:52', 'cost': 0, 'distance': 0.19, 'price': 0}], 'TrainID': 'G6025', 'type': 'train'}]}]}
Activity grounding passed!
Intercity_transport passed!
Attractions passed!
Hotels passed!
Restaurants passed!
Innercity transport  passed!
Time passed!
Space passed!
{'days': 1, 'people_number': 1, 'cost': 792.62, 'transport_type': {'metro'}, 'intercity_transport': {'train'}, 'train_type': {'G', 'C'}, 'food_type': {'川菜', '面包甜点'}, 'spot_type': {'游乐园/体育娱乐', '博物馆/纪念馆', '历史古迹', '公园'}, 'hotel_feature': set(), 'food_price': 57.0, 'hotel_price': 0, 'hotel_names': set(), 'restaurant_names': {'天成川菜·鲜活川味(海港城江景店)', '明华饼店'}, 'attraction_names': {'广州番禺直升机观光游览区', '岭南金融博物馆', '南越国水关遗址(光明广场)', '一方乐田都市农园'}, 'tickets': 1, 'rooms': None, 'room_type': None}
[True, True, True]
result=(day_count(plan)==1) passed!
result=(people_count(plan)==1) passed!
total=0
for activity in allactivities(plan):
 total+=activity_cost(activity)
 total+=innercity_transport_cost(activity_transports(activity))
result=(total<=800) passed!

 Pass! 

True {'people_number': 1, 'start_city': '深圳', 'target_city': '广州', 'itinerary': [{'day': 1, 'activities': [{'start_time': '07:26', 'end_time': '08:49', 'start': '深圳站', 'end': '广州东站', 'price': 46.89, 'cost': 46.89, 'tickets': 1, 'transports': [], 'TrainID': 'C7074', 'type': 'train'}, {'position': '岭南金融博物馆', 'type': 'attraction', 'price': 0, 'cost': 0, 'start_time': '09:13', 'end_time': '10:43', 'transports': [{'start': '广州东站', 'end': '燕塘-地铁站', 'mode': 'walk', 'start_time': '08:49', 'end_time': '08:56', 'cost': 0, 'distance': 0.66, 'price': 0}, {'start': '燕塘-地铁站', 'end': '农讲所-地铁站', 'mode': 'metro', 'start_time': '08:56', 'end_time': '09:08', 'cost': 3, 'distance': 6.44, 'price': 3, 'tickets': 1}, {'start': '农讲所-地铁站', 'end': '岭南金融博物馆', 'mode': 'walk', 'start_time': '09:08', 'end_time': '09:13', 'cost': 0, 'distance': 0.47, 'price': 0}], 'tickets': 1}, {'position': '明华饼店', 'type': 'lunch', 'price': 26, 'cost': 26, 'start_time': '11:00', 'end_time': '12:00', 'transports': [{'start': '岭南金融博物馆', 'end': '农讲所-地铁站', 'mode': 'walk', 'start_time': '10:43', 'end_time': '10:48', 'cost': 0, 'distance': 0.47, 'price': 0}, {'start': '农讲所-地铁站', 'end': '海珠广场-地铁站', 'mode': 'metro', 'start_time': '10:48', 'end_time': '10:51', 'cost': 2, 'distance': 1.68, 'price': 2, 'tickets': 1}, {'start': '海珠广场-地铁站', 'end': '明华饼店', 'mode': 'walk', 'start_time': '10:51', 'end_time': '10:55', 'cost': 0, 'distance': 0.41, 'price': 0}]}, {'position': '广州番禺直升机观光游览区', 'type': 'attraction', 'price': 499, 'cost': 499, 'start_time': '14:12', 'end_time': '15:42', 'transports': [{'start': '明华饼店', 'end': '海珠广场-地铁站', 'mode': 'walk', 'start_time': '12:00', 'end_time': '12:04', 'cost': 0, 'distance': 0.41, 'price': 0}, {'start': '海珠广场-地铁站', 'end': '海傍-地铁站', 'mode': 'metro', 'start_time': '12:04', 'end_time': '13:01', 'cost': 7, 'distance': 28.98, 'price': 7, 'tickets': 1}, {'start': '海傍-地铁站', 'end': '广州番禺直升机观光游览区', 'mode': 'walk', 'start_time': '13:01', 'end_time': '14:12', 'cost': 0, 'distance': 5.92, 'price': 0}], 'tickets': 1}, {'position': '南越国水关遗址(光明广场)', 'type': 'attraction', 'price': 0, 'cost': 0, 'start_time': '17:54', 'end_time': '18:00', 'transports': [{'start': '广州番禺直升机观光游览区', 'end': '海傍-地铁站', 'mode': 'walk', 'start_time': '15:42', 'end_time': '16:53', 'cost': 0, 'distance': 5.92, 'price': 0}, {'start': '海傍-地铁站', 'end': '农讲所-地铁站', 'mode': 'metro', 'start_time': '16:53', 'end_time': '17:51', 'cost': 7, 'distance': 29.13, 'price': 7, 'tickets': 1}, {'start': '农讲所-地铁站', 'end': '南越国水关遗址(光明广场)', 'mode': 'walk', 'start_time': '17:51', 'end_time': '17:54', 'cost': 0, 'distance': 0.28, 'price': 0}], 'tickets': 1}, {'position': '天成川菜·鲜活川味(海港城江景店)', 'type': 'dinner', 'price': 88, 'cost': 88, 'start_time': '18:13', 'end_time': '19:13', 'transports': [{'start': '南越国水关遗址(光明广场)', 'end': '农讲所-地铁站', 'mode': 'walk', 'start_time': '18:00', 'end_time': '18:03', 'cost': 0, 'distance': 0.28, 'price': 0}, {'start': '农讲所-地铁站', 'end': '东湖-地铁站', 'mode': 'metro', 'start_time': '18:03', 'end_time': '18:06', 'cost': 2, 'distance': 1.84, 'price': 2, 'tickets': 1}, {'start': '东湖-地铁站', 'end': '天成川菜·鲜活川味(海港城江景店)', 'mode': 'walk', 'start_time': '18:06', 'end_time': '18:13', 'cost': 0, 'distance': 0.62, 'price': 0}]}, {'position': '一方乐田都市农园', 'type': 'attraction', 'price': 37, 'cost': 37, 'start_time': '19:44', 'end_time': '21:14', 'transports': [{'start': '天成川菜·鲜活川味(海港城江景店)', 'end': '东湖-地铁站', 'mode': 'walk', 'start_time': '19:13', 'end_time': '19:20', 'cost': 0, 'distance': 0.62, 'price': 0}, {'start': '东湖-地铁站', 'end': '大塘-地铁站', 'mode': 'metro', 'start_time': '19:20', 'end_time': '19:30', 'cost': 3, 'distance': 5.33, 'price': 3, 'tickets': 1}, {'start': '大塘-地铁站', 'end': '一方乐田都市农园', 'mode': 'walk', 'start_time': '19:30', 'end_time': '19:44', 'cost': 0, 'distance': 1.17, 'price': 0}], 'tickets': 1}, {'start_time': '23:28', 'end_time': '23:57', 'start': '广州南站', 'end': '深圳北站', 'price': 67.73, 'cost': 67.73, 'tickets': 1, 'transports': [{'start': '一方乐田都市农园', 'end': '大塘-地铁站', 'mode': 'walk', 'start_time': '21:14', 'end_time': '21:28', 'cost': 0, 'distance': 1.17, 'price': 0}, {'start': '大塘-地铁站', 'end': '广州南站-地铁站', 'mode': 'metro', 'start_time': '21:28', 'end_time': '21:50', 'cost': 4, 'distance': 11.22, 'price': 4, 'tickets': 1}, {'start': '广州南站-地铁站', 'end': '广州南站', 'mode': 'walk', 'start_time': '21:50', 'end_time': '21:52', 'cost': 0, 'distance': 0.19, 'price': 0}], 'TrainID': 'G6025', 'type': 'train'}]}], 'search_time_sec': 1.5501649379730225, 'llm_inference_time_sec': 0}
True {'people_number': 1, 'start_city': '深圳', 'target_city': '广州', 'itinerary': [{'day': 1, 'activities': [{'start_time': '07:26', 'end_time': '08:49', 'start': '深圳站', 'end': '广州东站', 'price': 46.89, 'cost': 46.89, 'tickets': 1, 'transports': [], 'TrainID': 'C7074', 'type': 'train'}, {'position': '岭南金融博物馆', 'type': 'attraction', 'price': 0, 'cost': 0, 'start_time': '09:13', 'end_time': '10:43', 'transports': [{'start': '广州东站', 'end': '燕塘-地铁站', 'mode': 'walk', 'start_time': '08:49', 'end_time': '08:56', 'cost': 0, 'distance': 0.66, 'price': 0}, {'start': '燕塘-地铁站', 'end': '农讲所-地铁站', 'mode': 'metro', 'start_time': '08:56', 'end_time': '09:08', 'cost': 3, 'distance': 6.44, 'price': 3, 'tickets': 1}, {'start': '农讲所-地铁站', 'end': '岭南金融博物馆', 'mode': 'walk', 'start_time': '09:08', 'end_time': '09:13', 'cost': 0, 'distance': 0.47, 'price': 0}], 'tickets': 1}, {'position': '明华饼店', 'type': 'lunch', 'price': 26, 'cost': 26, 'start_time': '11:00', 'end_time': '12:00', 'transports': [{'start': '岭南金融博物馆', 'end': '农讲所-地铁站', 'mode': 'walk', 'start_time': '10:43', 'end_time': '10:48', 'cost': 0, 'distance': 0.47, 'price': 0}, {'start': '农讲所-地铁站', 'end': '海珠广场-地铁站', 'mode': 'metro', 'start_time': '10:48', 'end_time': '10:51', 'cost': 2, 'distance': 1.68, 'price': 2, 'tickets': 1}, {'start': '海珠广场-地铁站', 'end': '明华饼店', 'mode': 'walk', 'start_time': '10:51', 'end_time': '10:55', 'cost': 0, 'distance': 0.41, 'price': 0}]}, {'position': '广州番禺直升机观光游览区', 'type': 'attraction', 'price': 499, 'cost': 499, 'start_time': '14:12', 'end_time': '15:42', 'transports': [{'start': '明华饼店', 'end': '海珠广场-地铁站', 'mode': 'walk', 'start_time': '12:00', 'end_time': '12:04', 'cost': 0, 'distance': 0.41, 'price': 0}, {'start': '海珠广场-地铁站', 'end': '海傍-地铁站', 'mode': 'metro', 'start_time': '12:04', 'end_time': '13:01', 'cost': 7, 'distance': 28.98, 'price': 7, 'tickets': 1}, {'start': '海傍-地铁站', 'end': '广州番禺直升机观光游览区', 'mode': 'walk', 'start_time': '13:01', 'end_time': '14:12', 'cost': 0, 'distance': 5.92, 'price': 0}], 'tickets': 1}, {'position': '南越国水关遗址(光明广场)', 'type': 'attraction', 'price': 0, 'cost': 0, 'start_time': '17:54', 'end_time': '18:00', 'transports': [{'start': '广州番禺直升机观光游览区', 'end': '海傍-地铁站', 'mode': 'walk', 'start_time': '15:42', 'end_time': '16:53', 'cost': 0, 'distance': 5.92, 'price': 0}, {'start': '海傍-地铁站', 'end': '农讲所-地铁站', 'mode': 'metro', 'start_time': '16:53', 'end_time': '17:51', 'cost': 7, 'distance': 29.13, 'price': 7, 'tickets': 1}, {'start': '农讲所-地铁站', 'end': '南越国水关遗址(光明广场)', 'mode': 'walk', 'start_time': '17:51', 'end_time': '17:54', 'cost': 0, 'distance': 0.28, 'price': 0}], 'tickets': 1}, {'position': '天成川菜·鲜活川味(海港城江景店)', 'type': 'dinner', 'price': 88, 'cost': 88, 'start_time': '18:13', 'end_time': '19:13', 'transports': [{'start': '南越国水关遗址(光明广场)', 'end': '农讲所-地铁站', 'mode': 'walk', 'start_time': '18:00', 'end_time': '18:03', 'cost': 0, 'distance': 0.28, 'price': 0}, {'start': '农讲所-地铁站', 'end': '东湖-地铁站', 'mode': 'metro', 'start_time': '18:03', 'end_time': '18:06', 'cost': 2, 'distance': 1.84, 'price': 2, 'tickets': 1}, {'start': '东湖-地铁站', 'end': '天成川菜·鲜活川味(海港城江景店)', 'mode': 'walk', 'start_time': '18:06', 'end_time': '18:13', 'cost': 0, 'distance': 0.62, 'price': 0}]}, {'position': '一方乐田都市农园', 'type': 'attraction', 'price': 37, 'cost': 37, 'start_time': '19:44', 'end_time': '21:14', 'transports': [{'start': '天成川菜·鲜活川味(海港城江景店)', 'end': '东湖-地铁站', 'mode': 'walk', 'start_time': '19:13', 'end_time': '19:20', 'cost': 0, 'distance': 0.62, 'price': 0}, {'start': '东湖-地铁站', 'end': '大塘-地铁站', 'mode': 'metro', 'start_time': '19:20', 'end_time': '19:30', 'cost': 3, 'distance': 5.33, 'price': 3, 'tickets': 1}, {'start': '大塘-地铁站', 'end': '一方乐田都市农园', 'mode': 'walk', 'start_time': '19:30', 'end_time': '19:44', 'cost': 0, 'distance': 1.17, 'price': 0}], 'tickets': 1}, {'start_time': '23:28', 'end_time': '23:57', 'start': '广州南站', 'end': '深圳北站', 'price': 67.73, 'cost': 67.73, 'tickets': 1, 'transports': [{'start': '一方乐田都市农园', 'end': '大塘-地铁站', 'mode': 'walk', 'start_time': '21:14', 'end_time': '21:28', 'cost': 0, 'distance': 1.17, 'price': 0}, {'start': '大塘-地铁站', 'end': '广州南站-地铁站', 'mode': 'metro', 'start_time': '21:28', 'end_time': '21:50', 'cost': 4, 'distance': 11.22, 'price': 4, 'tickets': 1}, {'start': '广州南站-地铁站', 'end': '广州南站', 'mode': 'walk', 'start_time': '21:50', 'end_time': '21:52', 'cost': 0, 'distance': 0.19, 'price': 0}], 'TrainID': 'G6025', 'type': 'train'}]}], 'search_time_sec': 1.5501649379730225, 'llm_inference_time_sec': 0}
