Created log directory: /Users/mac/Documents/6-Research/9-AutoDriving/9-AutoDriving-core/data/chinatravel_baseline12_20260912/planning/e20241028160307743716/logs
cache dir: /Users/mac/Documents/6-Research/9-AutoDriving/9-AutoDriving-core/data/chinatravel_baseline12_20260912/planning/e20241028160307743716/cache
北京 -> 上海
   id               name  ... price numbed
0   0          上海静安昆仑大酒店  ...   939      1
1   1     上海陆家嘴世博中心亚朵S酒店  ...   737      1
2   2     上海国际旅游度假区荷逸唐酒店  ...   437      2
3   3  美豪丽致酒店(上海徐家汇衡山路店)  ...   615      1
4   4             上海南郊宾馆  ...   522      1

[5 rows x 8 columns]
search: ...
candidates_type:  ['attraction', 'lunch', 'dinner', 'back-intercity-transport']
POI planning, day 0 03:14, 上海浦东国际机场, next-poi type: attraction
candidates_type:  ['attraction', 'lunch', 'dinner', 'back-intercity-transport']
POI planning, day 0 07:26, 朵云书院(广富林店), next-poi type: attraction
Can not go back source-city in time, current POI ORIENS LUMINA焕光森林•东方曦望, station arrived time: 22:24
The current time is too late to go hotel or back-transport, backtrack...
add_attraction failed, backtrack...
Can not go back source-city in time, current POI ORIENS LUMINA焕光森林•东方曦望, station arrived time: 22:24
The current time is too late to go hotel or back-transport, backtrack...
add_attraction failed, backtrack...
Can not go back source-city in time, current POI ORIENS LUMINA焕光森林•东方曦望, station arrived time: 22:24
The current time is too late to go hotel or back-transport, backtrack...
add_attraction failed, backtrack...
candidates_type:  ['attraction', 'lunch', 'dinner', 'back-intercity-transport']
POI planning, day 0 11:30, 魔都360°球幕宇宙探索馆, next-poi type: lunch
add_restaurant failed, backtrack...
candidates_type:  ['attraction', 'dinner', 'back-intercity-transport']
POI planning, day 0 13:19, AZUL italiano意大利餐厅(大洋千树店), next-poi type: attraction
Can not go back source-city in time, current POI ORIENS LUMINA焕光森林•东方曦望, station arrived time: 22:24
The current time is too late to go hotel or back-transport, backtrack...
add_attraction failed, backtrack...
Can not go back source-city in time, current POI ORIENS LUMINA焕光森林•东方曦望, station arrived time: 22:24
The current time is too late to go hotel or back-transport, backtrack...
add_attraction failed, backtrack...
Can not go back source-city in time, current POI ORIENS LUMINA焕光森林•东方曦望, station arrived time: 23:29
The current time is too late to go hotel or back-transport, backtrack...
add_attraction failed, backtrack...
Can not go back source-city in time, current POI 州桥老街, station arrived time: 28:04
The current time is too late to go hotel or back-transport, backtrack...
add_attraction failed, backtrack...
Can not go back source-city in time, current POI 州桥老街, station arrived time: 27:19
The current time is too late to go hotel or back-transport, backtrack...
add_attraction failed, backtrack...
Can not go back source-city in time, current POI 州桥老街, station arrived time: 22:11
The current time is too late to go hotel or back-transport, backtrack...
add_attraction failed, backtrack...
candidates_type:  ['attraction', 'dinner', 'back-intercity-transport']
POI planning, day 0 15:20, 上海图书馆(东馆), next-poi type: attraction
Can not go back source-city in time, current POI 月湖雕塑公园, station arrived time: 29:00
The current time is too late to go hotel or back-transport, backtrack...
add_attraction failed, backtrack...
Can not go back source-city in time, current POI 月湖雕塑公园, station arrived time: 29:00
The current time is too late to go hotel or back-transport, backtrack...
add_attraction failed, backtrack...
The current time is too late...
Can not go back source-city in time, current POI X-META·风起洛阳·沉浸式全感VR·元宇宙主题乐园, station arrived time: 23:59
The current time is too late to go hotel or back-transport, backtrack...
add_attraction failed, backtrack...
Can not go back source-city in time, current POI X-META·风起洛阳·沉浸式全感VR·元宇宙主题乐园, station arrived time: 23:46
The current time is too late to go hotel or back-transport, backtrack...
add_attraction failed, backtrack...
Can not go back source-city in time, current POI X-META·风起洛阳·沉浸式全感VR·元宇宙主题乐园, station arrived time: 25:04
The current time is too late to go hotel or back-transport, backtrack...
add_attraction failed, backtrack...
Can not go back source-city in time, current POI 大宁公园, station arrived time: 24:54
The current time is too late to go hotel or back-transport, backtrack...
add_attraction failed, backtrack...
Can not go back source-city in time, current POI 大宁公园, station arrived time: 24:42
The current time is too late to go hotel or back-transport, backtrack...
add_attraction failed, backtrack...
Can not go back source-city in time, current POI 大宁公园, station arrived time: 26:45
The current time is too late to go hotel or back-transport, backtrack...
add_attraction failed, backtrack...
Can not go back source-city in time, current POI 四川北路公园, station arrived time: 23:51
The current time is too late to go hotel or back-transport, backtrack...
add_attraction failed, backtrack...
Can not go back source-city in time, current POI 四川北路公园, station arrived time: 23:40
The current time is too late to go hotel or back-transport, backtrack...
add_attraction failed, backtrack...
Can not go back source-city in time, current POI 四川北路公园, station arrived time: 24:54
The current time is too late to go hotel or back-transport, backtrack...
add_attraction failed, backtrack...
Can not go back source-city in time, current POI 莫奈花园, station arrived time: 23:35
The current time is too late to go hotel or back-transport, backtrack...
add_attraction failed, backtrack...
Can not go back source-city in time, current POI 莫奈花园, station arrived time: 23:17
The current time is too late to go hotel or back-transport, backtrack...
add_attraction failed, backtrack...
Can not go back source-city in time, current POI 莫奈花园, station arrived time: 21:55
The current time is too late to go hotel or back-transport, backtrack...
add_attraction failed, backtrack...
Can not go back source-city in time, current POI 上海纺织博物馆, station arrived time: 23:18
The current time is too late to go hotel or back-transport, backtrack...
add_attraction failed, backtrack...
Can not go back source-city in time, current POI 上海纺织博物馆, station arrived time: 23:18
The current time is too late to go hotel or back-transport, backtrack...
add_attraction failed, backtrack...
The attraction is closed now...
Can not go back source-city in time, current POI 松江梦幻水世界, station arrived time: 22:42
The current time is too late to go hotel or back-transport, backtrack...
add_attraction failed, backtrack...
Can not go back source-city in time, current POI 松江梦幻水世界, station arrived time: 30:18
The current time is too late to go hotel or back-transport, backtrack...
add_attraction failed, backtrack...
The current time is too late...
Can not go back source-city in time, current POI 独角兽星空艺术馆 田子坊旗舰店, station arrived time: 23:51
The current time is too late to go hotel or back-transport, backtrack...
add_attraction failed, backtrack...
Can not go back source-city in time, current POI 独角兽星空艺术馆 田子坊旗舰店, station arrived time: 23:39
The current time is too late to go hotel or back-transport, backtrack...
add_attraction failed, backtrack...
Can not go back source-city in time, current POI 独角兽星空艺术馆 田子坊旗舰店, station arrived time: 24:59
The current time is too late to go hotel or back-transport, backtrack...
add_attraction failed, backtrack...
Can not go back source-city in time, current POI 金泽镇, station arrived time: 25:40
The current time is too late to go hotel or back-transport, backtrack...
add_attraction failed, backtrack...
Can not go back source-city in time, current POI 金泽镇, station arrived time: 23:17
The current time is too late to go hotel or back-transport, backtrack...
add_attraction failed, backtrack...
The current time is too late...
candidates_type:  ['attraction', 'dinner', 'back-intercity-transport']
POI planning, day 0 17:32, 米奇大街, next-poi type: dinner
Can not go back source-city in time, current POI 上海中心J酒店·弋酒廊Yi Lounge, station arrived time: 25:37
The current time is too late to go hotel or back-transport, backtrack...
add_restaurant failed, backtrack...
Can not go back source-city in time, current POI 上海中心J酒店·弋酒廊Yi Lounge, station arrived time: 25:11
The current time is too late to go hotel or back-transport, backtrack...
add_restaurant failed, backtrack...
add_restaurant failed, backtrack...
Can not go back source-city in time, current POI 顺昌仁寿灌蛋(七宝老街店), station arrived time: 21:38
The current time is too late to go hotel or back-transport, backtrack...
add_restaurant failed, backtrack...
Can not go back source-city in time, current POI 顺昌仁寿灌蛋(七宝老街店), station arrived time: 28:00
The current time is too late to go hotel or back-transport, backtrack...
add_restaurant failed, backtrack...
add_restaurant failed, backtrack...
Can not go back source-city in time, current POI 大肠面, station arrived time: 25:51
The current time is too late to go hotel or back-transport, backtrack...
add_restaurant failed, backtrack...
Can not go back source-city in time, current POI 大肠面, station arrived time: 25:30
The current time is too late to go hotel or back-transport, backtrack...
add_restaurant failed, backtrack...
add_restaurant failed, backtrack...
Can not go back source-city in time, current POI Jstone.Italian Kitchen &Bar(世茂52+ 店), station arrived time: 25:22
The current time is too late to go hotel or back-transport, backtrack...
add_restaurant failed, backtrack...
Can not go back source-city in time, current POI Jstone.Italian Kitchen &Bar(世茂52+ 店), station arrived time: 24:55
The current time is too late to go hotel or back-transport, backtrack...
add_restaurant failed, backtrack...
add_restaurant failed, backtrack...
Can not go back source-city in time, current POI 珍宝海鲜JUMBO SEAFOOD(环贸店), station arrived time: 26:21
The current time is too late to go hotel or back-transport, backtrack...
add_restaurant failed, backtrack...
Can not go back source-city in time, current POI 珍宝海鲜JUMBO SEAFOOD(环贸店), station arrived time: 26:00
The current time is too late to go hotel or back-transport, backtrack...
add_restaurant failed, backtrack...
add_restaurant failed, backtrack...
Can not go back source-city in time, current POI 大隐割烹料理(静安店), station arrived time: 26:41
The current time is too late to go hotel or back-transport, backtrack...
add_restaurant failed, backtrack...
Can not go back source-city in time, current POI 大隐割烹料理(静安店), station arrived time: 26:17
The current time is too late to go hotel or back-transport, backtrack...
add_restaurant failed, backtrack...
add_restaurant failed, backtrack...
Can not go back source-city in time, current POI LE VERRE a vin by MIG, station arrived time: 26:47
The current time is too late to go hotel or back-transport, backtrack...
add_restaurant failed, backtrack...
Can not go back source-city in time, current POI LE VERRE a vin by MIG, station arrived time: 26:22
The current time is too late to go hotel or back-transport, backtrack...
add_restaurant failed, backtrack...
add_restaurant failed, backtrack...
Can not go back source-city in time, current POI 小山日本料理(兴业太古汇店), station arrived time: 26:24
The current time is too late to go hotel or back-transport, backtrack...
add_restaurant failed, backtrack...
Can not go back source-city in time, current POI 小山日本料理(兴业太古汇店), station arrived time: 26:00
The current time is too late to go hotel or back-transport, backtrack...
add_restaurant failed, backtrack...
add_restaurant failed, backtrack...
Can not go back source-city in time, current POI 老吉士酒家(天平路店), station arrived time: 26:45
The current time is too late to go hotel or back-transport, backtrack...
add_restaurant failed, backtrack...
Can not go back source-city in time, current POI 老吉士酒家(天平路店), station arrived time: 26:22
The current time is too late to go hotel or back-transport, backtrack...
add_restaurant failed, backtrack...
add_restaurant failed, backtrack...
Out of search_width [10], break
validate the plan [for query e20241028160307743716]: 
{'people_number': 1, 'start_city': '北京', 'target_city': '上海', 'itinerary': [{'day': 1, 'activities': [{'start_time': '01:55', 'end_time': '03:14', 'start': '北京首都国际机场', 'end': '上海浦东国际机场', 'price': 485.15, 'cost': 485.15, 'tickets': 1, 'transports': [], 'FlightID': 'FL081', 'type': 'airplane'}, {'position': '朵云书院(广富林店)', 'type': 'attraction', 'price': 0, 'cost': 0, 'start_time': '05:56', 'end_time': '07:26', 'transports': [{'start': '上海浦东国际机场', 'end': '浦东国际机场-地铁站', 'mode': 'walk', 'start_time': '03:14', 'end_time': '03:29', 'cost': 0, 'distance': 1.27, 'price': 0}, {'start': '浦东国际机场-地铁站', 'end': '洞泾-地铁站', 'mode': 'metro', 'start_time': '03:29', 'end_time': '05:19', 'cost': 9, 'distance': 55.35, 'price': 9, 'tickets': 1}, {'start': '洞泾-地铁站', 'end': '朵云书院(广富林店)', 'mode': 'walk', 'start_time': '05:19', 'end_time': '05:56', 'cost': 0, 'distance': 3.1, 'price': 0}], 'tickets': 1}, {'position': '魔都360°球幕宇宙探索馆', 'type': 'attraction', 'price': 78, 'cost': 78, 'start_time': '10:00', 'end_time': '11:30', 'transports': [{'start': '朵云书院(广富林店)', 'end': '洞泾-地铁站', 'mode': 'walk', 'start_time': '07:26', 'end_time': '08:03', 'cost': 0, 'distance': 3.1, 'price': 0}, {'start': '洞泾-地铁站', 'end': '奉浦大道-地铁站', 'mode': 'metro', 'start_time': '08:03', 'end_time': '08:55', 'cost': 6, 'distance': 26.17, 'price': 6, 'tickets': 1}, {'start': '奉浦大道-地铁站', 'end': '魔都360°球幕宇宙探索馆', 'mode': 'walk', 'start_time': '08:55', 'end_time': '09:14', 'cost': 0, 'distance': 1.65, 'price': 0}], 'tickets': 1}, {'position': 'AZUL italiano意大利餐厅(大洋千树店)', 'type': 'lunch', 'price': 209, 'cost': 209, 'start_time': '12:19', 'end_time': '13:19', 'transports': [{'start': '魔都360°球幕宇宙探索馆', 'end': 'AZUL italiano意大利餐厅(大洋千树店)', 'mode': 'taxi', 'start_time': '11:30', 'end_time': '12:19', 'cost': 144.61, 'distance': 33.31, 'price': 144.61, 'cars': 1}]}, {'position': '上海图书馆(东馆)', 'type': 'attraction', 'price': 0, 'cost': 0, 'start_time': '13:50', 'end_time': '15:20', 'transports': [{'start': 'AZUL italiano意大利餐厅(大洋千树店)', 'end': '江宁路-地铁站', 'mode': 'walk', 'start_time': '13:19', 'end_time': '13:25', 'cost': 0, 'distance': 0.54, 'price': 0}, {'start': '江宁路-地铁站', 'end': '杨高中路-地铁站', 'mode': 'metro', 'start_time': '13:25', 'end_time': '13:45', 'cost': 4, 'distance': 10.07, 'price': 4, 'tickets': 1}, {'start': '杨高中路-地铁站', 'end': '上海图书馆(东馆)', 'mode': 'walk', 'start_time': '13:45', 'end_time': '13:50', 'cost': 0, 'distance': 0.49, 'price': 0}], 'tickets': 1}, {'position': '米奇大街', 'type': 'attraction', 'price': 0, 'cost': 0, 'start_time': '16:02', 'end_time': '17:32', 'transports': [{'start': '上海图书馆(东馆)', 'end': '杨高中路-地铁站', 'mode': 'walk', 'start_time': '15:20', 'end_time': '15:25', 'cost': 0, 'distance': 0.49, 'price': 0}, {'start': '杨高中路-地铁站', 'end': '迪士尼-地铁站', 'mode': 'metro', 'start_time': '15:25', 'end_time': '15:54', 'cost': 5, 'distance': 14.86, 'price': 5, 'tickets': 1}, {'start': '迪士尼-地铁站', 'end': '米奇大街', 'mode': 'walk', 'start_time': '15:54', 'end_time': '16:02', 'cost': 0, 'distance': 0.75, 'price': 0}], 'tickets': 1}, {'start_time': '21:23', 'end_time': '22:42', 'start': '上海浦东国际机场', 'end': '北京大兴国际机场', 'price': 578.59, 'cost': 578.59, 'tickets': 1, 'transports': [{'start': '米奇大街', 'end': '迪士尼-地铁站', 'mode': 'walk', 'start_time': '17:32', 'end_time': '17:40', 'cost': 0, 'distance': 0.75, 'price': 0}, {'start': '迪士尼-地铁站', 'end': '浦东国际机场-地铁站', 'mode': 'metro', 'start_time': '17:40', 'end_time': '18:06', 'cost': 4, 'distance': 13.17, 'price': 4, 'tickets': 1}, {'start': '浦东国际机场-地铁站', 'end': '上海浦东国际机场', 'mode': 'walk', 'start_time': '18:06', 'end_time': '18:21', 'cost': 0, 'distance': 1.27, 'price': 0}], 'FlightID': 'FL010', 'type': 'airplane'}]}]}
Activity grounding passed!
Intercity_transport passed!
Attractions passed!
Hotels passed!
Restaurants passed!
Innercity transport  passed!
Time passed!
Space passed!
{'days': 1, 'people_number': 1, 'cost': 1523.35, 'transport_type': {'taxi', 'metro'}, 'intercity_transport': {'airplane'}, 'train_type': set(), 'food_type': {'西餐'}, 'spot_type': {'游乐园/体育娱乐', '文化旅游区', '博物馆/纪念馆', '商业街区'}, 'hotel_feature': set(), 'food_price': 209.0, 'hotel_price': 0, 'hotel_names': set(), 'restaurant_names': {'AZUL italiano意大利餐厅(大洋千树店)'}, 'attraction_names': {'魔都360°球幕宇宙探索馆', '上海图书馆(东馆)', '米奇大街', '朵云书院(广富林店)'}, 'tickets': 1, 'rooms': None, 'room_type': None}
[True, True, True]
result=(day_count(plan)==1) passed!
result=(people_count(plan)==1) passed!
total=0
for activity in allactivities(plan):
 total+=activity_cost(activity)
 total+=innercity_transport_cost(activity_transports(activity))
result=(total<=3000) passed!

 Pass! 

True {'people_number': 1, 'start_city': '北京', 'target_city': '上海', 'itinerary': [{'day': 1, 'activities': [{'start_time': '01:55', 'end_time': '03:14', 'start': '北京首都国际机场', 'end': '上海浦东国际机场', 'price': 485.15, 'cost': 485.15, 'tickets': 1, 'transports': [], 'FlightID': 'FL081', 'type': 'airplane'}, {'position': '朵云书院(广富林店)', 'type': 'attraction', 'price': 0, 'cost': 0, 'start_time': '05:56', 'end_time': '07:26', 'transports': [{'start': '上海浦东国际机场', 'end': '浦东国际机场-地铁站', 'mode': 'walk', 'start_time': '03:14', 'end_time': '03:29', 'cost': 0, 'distance': 1.27, 'price': 0}, {'start': '浦东国际机场-地铁站', 'end': '洞泾-地铁站', 'mode': 'metro', 'start_time': '03:29', 'end_time': '05:19', 'cost': 9, 'distance': 55.35, 'price': 9, 'tickets': 1}, {'start': '洞泾-地铁站', 'end': '朵云书院(广富林店)', 'mode': 'walk', 'start_time': '05:19', 'end_time': '05:56', 'cost': 0, 'distance': 3.1, 'price': 0}], 'tickets': 1}, {'position': '魔都360°球幕宇宙探索馆', 'type': 'attraction', 'price': 78, 'cost': 78, 'start_time': '10:00', 'end_time': '11:30', 'transports': [{'start': '朵云书院(广富林店)', 'end': '洞泾-地铁站', 'mode': 'walk', 'start_time': '07:26', 'end_time': '08:03', 'cost': 0, 'distance': 3.1, 'price': 0}, {'start': '洞泾-地铁站', 'end': '奉浦大道-地铁站', 'mode': 'metro', 'start_time': '08:03', 'end_time': '08:55', 'cost': 6, 'distance': 26.17, 'price': 6, 'tickets': 1}, {'start': '奉浦大道-地铁站', 'end': '魔都360°球幕宇宙探索馆', 'mode': 'walk', 'start_time': '08:55', 'end_time': '09:14', 'cost': 0, 'distance': 1.65, 'price': 0}], 'tickets': 1}, {'position': 'AZUL italiano意大利餐厅(大洋千树店)', 'type': 'lunch', 'price': 209, 'cost': 209, 'start_time': '12:19', 'end_time': '13:19', 'transports': [{'start': '魔都360°球幕宇宙探索馆', 'end': 'AZUL italiano意大利餐厅(大洋千树店)', 'mode': 'taxi', 'start_time': '11:30', 'end_time': '12:19', 'cost': 144.61, 'distance': 33.31, 'price': 144.61, 'cars': 1}]}, {'position': '上海图书馆(东馆)', 'type': 'attraction', 'price': 0, 'cost': 0, 'start_time': '13:50', 'end_time': '15:20', 'transports': [{'start': 'AZUL italiano意大利餐厅(大洋千树店)', 'end': '江宁路-地铁站', 'mode': 'walk', 'start_time': '13:19', 'end_time': '13:25', 'cost': 0, 'distance': 0.54, 'price': 0}, {'start': '江宁路-地铁站', 'end': '杨高中路-地铁站', 'mode': 'metro', 'start_time': '13:25', 'end_time': '13:45', 'cost': 4, 'distance': 10.07, 'price': 4, 'tickets': 1}, {'start': '杨高中路-地铁站', 'end': '上海图书馆(东馆)', 'mode': 'walk', 'start_time': '13:45', 'end_time': '13:50', 'cost': 0, 'distance': 0.49, 'price': 0}], 'tickets': 1}, {'position': '米奇大街', 'type': 'attraction', 'price': 0, 'cost': 0, 'start_time': '16:02', 'end_time': '17:32', 'transports': [{'start': '上海图书馆(东馆)', 'end': '杨高中路-地铁站', 'mode': 'walk', 'start_time': '15:20', 'end_time': '15:25', 'cost': 0, 'distance': 0.49, 'price': 0}, {'start': '杨高中路-地铁站', 'end': '迪士尼-地铁站', 'mode': 'metro', 'start_time': '15:25', 'end_time': '15:54', 'cost': 5, 'distance': 14.86, 'price': 5, 'tickets': 1}, {'start': '迪士尼-地铁站', 'end': '米奇大街', 'mode': 'walk', 'start_time': '15:54', 'end_time': '16:02', 'cost': 0, 'distance': 0.75, 'price': 0}], 'tickets': 1}, {'start_time': '21:23', 'end_time': '22:42', 'start': '上海浦东国际机场', 'end': '北京大兴国际机场', 'price': 578.59, 'cost': 578.59, 'tickets': 1, 'transports': [{'start': '米奇大街', 'end': '迪士尼-地铁站', 'mode': 'walk', 'start_time': '17:32', 'end_time': '17:40', 'cost': 0, 'distance': 0.75, 'price': 0}, {'start': '迪士尼-地铁站', 'end': '浦东国际机场-地铁站', 'mode': 'metro', 'start_time': '17:40', 'end_time': '18:06', 'cost': 4, 'distance': 13.17, 'price': 4, 'tickets': 1}, {'start': '浦东国际机场-地铁站', 'end': '上海浦东国际机场', 'mode': 'walk', 'start_time': '18:06', 'end_time': '18:21', 'cost': 0, 'distance': 1.27, 'price': 0}], 'FlightID': 'FL010', 'type': 'airplane'}]}], 'search_time_sec': 1.8914639949798584, 'llm_inference_time_sec': 0}
True {'people_number': 1, 'start_city': '北京', 'target_city': '上海', 'itinerary': [{'day': 1, 'activities': [{'start_time': '01:55', 'end_time': '03:14', 'start': '北京首都国际机场', 'end': '上海浦东国际机场', 'price': 485.15, 'cost': 485.15, 'tickets': 1, 'transports': [], 'FlightID': 'FL081', 'type': 'airplane'}, {'position': '朵云书院(广富林店)', 'type': 'attraction', 'price': 0, 'cost': 0, 'start_time': '05:56', 'end_time': '07:26', 'transports': [{'start': '上海浦东国际机场', 'end': '浦东国际机场-地铁站', 'mode': 'walk', 'start_time': '03:14', 'end_time': '03:29', 'cost': 0, 'distance': 1.27, 'price': 0}, {'start': '浦东国际机场-地铁站', 'end': '洞泾-地铁站', 'mode': 'metro', 'start_time': '03:29', 'end_time': '05:19', 'cost': 9, 'distance': 55.35, 'price': 9, 'tickets': 1}, {'start': '洞泾-地铁站', 'end': '朵云书院(广富林店)', 'mode': 'walk', 'start_time': '05:19', 'end_time': '05:56', 'cost': 0, 'distance': 3.1, 'price': 0}], 'tickets': 1}, {'position': '魔都360°球幕宇宙探索馆', 'type': 'attraction', 'price': 78, 'cost': 78, 'start_time': '10:00', 'end_time': '11:30', 'transports': [{'start': '朵云书院(广富林店)', 'end': '洞泾-地铁站', 'mode': 'walk', 'start_time': '07:26', 'end_time': '08:03', 'cost': 0, 'distance': 3.1, 'price': 0}, {'start': '洞泾-地铁站', 'end': '奉浦大道-地铁站', 'mode': 'metro', 'start_time': '08:03', 'end_time': '08:55', 'cost': 6, 'distance': 26.17, 'price': 6, 'tickets': 1}, {'start': '奉浦大道-地铁站', 'end': '魔都360°球幕宇宙探索馆', 'mode': 'walk', 'start_time': '08:55', 'end_time': '09:14', 'cost': 0, 'distance': 1.65, 'price': 0}], 'tickets': 1}, {'position': 'AZUL italiano意大利餐厅(大洋千树店)', 'type': 'lunch', 'price': 209, 'cost': 209, 'start_time': '12:19', 'end_time': '13:19', 'transports': [{'start': '魔都360°球幕宇宙探索馆', 'end': 'AZUL italiano意大利餐厅(大洋千树店)', 'mode': 'taxi', 'start_time': '11:30', 'end_time': '12:19', 'cost': 144.61, 'distance': 33.31, 'price': 144.61, 'cars': 1}]}, {'position': '上海图书馆(东馆)', 'type': 'attraction', 'price': 0, 'cost': 0, 'start_time': '13:50', 'end_time': '15:20', 'transports': [{'start': 'AZUL italiano意大利餐厅(大洋千树店)', 'end': '江宁路-地铁站', 'mode': 'walk', 'start_time': '13:19', 'end_time': '13:25', 'cost': 0, 'distance': 0.54, 'price': 0}, {'start': '江宁路-地铁站', 'end': '杨高中路-地铁站', 'mode': 'metro', 'start_time': '13:25', 'end_time': '13:45', 'cost': 4, 'distance': 10.07, 'price': 4, 'tickets': 1}, {'start': '杨高中路-地铁站', 'end': '上海图书馆(东馆)', 'mode': 'walk', 'start_time': '13:45', 'end_time': '13:50', 'cost': 0, 'distance': 0.49, 'price': 0}], 'tickets': 1}, {'position': '米奇大街', 'type': 'attraction', 'price': 0, 'cost': 0, 'start_time': '16:02', 'end_time': '17:32', 'transports': [{'start': '上海图书馆(东馆)', 'end': '杨高中路-地铁站', 'mode': 'walk', 'start_time': '15:20', 'end_time': '15:25', 'cost': 0, 'distance': 0.49, 'price': 0}, {'start': '杨高中路-地铁站', 'end': '迪士尼-地铁站', 'mode': 'metro', 'start_time': '15:25', 'end_time': '15:54', 'cost': 5, 'distance': 14.86, 'price': 5, 'tickets': 1}, {'start': '迪士尼-地铁站', 'end': '米奇大街', 'mode': 'walk', 'start_time': '15:54', 'end_time': '16:02', 'cost': 0, 'distance': 0.75, 'price': 0}], 'tickets': 1}, {'start_time': '21:23', 'end_time': '22:42', 'start': '上海浦东国际机场', 'end': '北京大兴国际机场', 'price': 578.59, 'cost': 578.59, 'tickets': 1, 'transports': [{'start': '米奇大街', 'end': '迪士尼-地铁站', 'mode': 'walk', 'start_time': '17:32', 'end_time': '17:40', 'cost': 0, 'distance': 0.75, 'price': 0}, {'start': '迪士尼-地铁站', 'end': '浦东国际机场-地铁站', 'mode': 'metro', 'start_time': '17:40', 'end_time': '18:06', 'cost': 4, 'distance': 13.17, 'price': 4, 'tickets': 1}, {'start': '浦东国际机场-地铁站', 'end': '上海浦东国际机场', 'mode': 'walk', 'start_time': '18:06', 'end_time': '18:21', 'cost': 0, 'distance': 1.27, 'price': 0}], 'FlightID': 'FL010', 'type': 'airplane'}]}], 'search_time_sec': 1.8914639949798584, 'llm_inference_time_sec': 0}
