Created log directory: /Users/mac/Documents/6-Research/9-AutoDriving/9-AutoDriving-core/data/chinatravel_baseline12_20260912/planning/e20241028160311039073/logs
cache dir: /Users/mac/Documents/6-Research/9-AutoDriving/9-AutoDriving-core/data/chinatravel_baseline12_20260912/planning/e20241028160311039073/cache
深圳 -> 杭州
   id           name  ... price numbed
0   0  杭州西湖湖滨平海路亚朵酒店  ...   482      1
1   1    杭州滨江开元名都大酒店  ...   498      2
2   2      杭州西溪谷君亭酒店  ...   598      1
3   3     杭州海外海皇冠大酒店  ...   598      1
4   4      杭州湖山雷迪森庄园  ...   466      1

[5 rows x 8 columns]
search: ...
candidates_type:  ['attraction', 'lunch', 'dinner', 'back-intercity-transport']
POI planning, day 0 07:20, 杭州萧山国际机场, next-poi type: attraction
candidates_type:  ['attraction', 'lunch', 'dinner', 'back-intercity-transport']
POI planning, day 0 10:30, 西湖外事游船, next-poi type: lunch
inner-city transport error, backtrack...
candidates_type:  ['attraction', 'dinner', 'back-intercity-transport']
POI planning, day 0 12:00, 明洞王妃家烤肉(湖滨银泰in77D区店), next-poi type: attraction
Can not go back source-city in time, current POI 富春山居图实景游(东门码头), station arrived time: 29:52
The current time is too late to go hotel or back-transport, backtrack...
add_attraction failed, backtrack...
Can not go back source-city in time, current POI 富春山居图实景游(东门码头), station arrived time: 23:32
The current time is too late to go hotel or back-transport, backtrack...
add_attraction failed, backtrack...
The current time is too late...
candidates_type:  ['attraction', 'dinner', 'back-intercity-transport']
POI planning, day 0 13:52, 中国伞博物馆, next-poi type: attraction
candidates_type:  ['attraction', 'dinner', 'back-intercity-transport']
POI planning, day 0 15:47, 南宋德寿宫遗址博物馆, next-poi type: attraction
The current time is too late...
Can not go back source-city in time, current POI 富春山居图实景游(东门码头), station arrived time: 27:19
The current time is too late to go hotel or back-transport, backtrack...
add_attraction failed, backtrack...
The current time is too late...
Can not go back source-city in time, current POI 湘湖越界X-LIVIN, station arrived time: 21:40
The current time is too late to go hotel or back-transport, backtrack...
add_attraction failed, backtrack...
Can not go back source-city in time, current POI 湘湖越界X-LIVIN, station arrived time: 20:59
The current time is too late to go hotel or back-transport, backtrack...
add_attraction failed, backtrack...
Can not go back source-city in time, current POI 湘湖越界X-LIVIN, station arrived time: 23:02
The current time is too late to go hotel or back-transport, backtrack...
add_attraction failed, backtrack...
Can not go back source-city in time, current POI 宝寿山景区, station arrived time: 22:18
The current time is too late to go hotel or back-transport, backtrack...
add_attraction failed, backtrack...
Can not go back source-city in time, current POI 宝寿山景区, station arrived time: 21:53
The current time is too late to go hotel or back-transport, backtrack...
add_attraction failed, backtrack...
Can not go back source-city in time, current POI 宝寿山景区, station arrived time: 23:13
The current time is too late to go hotel or back-transport, backtrack...
add_attraction failed, backtrack...
candidates_type:  ['attraction', 'dinner', 'back-intercity-transport']
POI planning, day 0 16:30, 杭州南宋官窑博物馆, next-poi type: dinner
candidates_type:  ['attraction', 'back-intercity-transport']
POI planning, day 0 18:00, 芽笼芽笼新加坡餐厅(来福士店), next-poi type: back-intercity-transport
validate the plan [for query e20241028160311039073]: 
{'people_number': 1, 'start_city': '深圳', 'target_city': '杭州', 'itinerary': [{'day': 1, 'activities': [{'start_time': '06:02', 'end_time': '07:20', 'start': '深圳宝安国际机场', 'end': '杭州萧山国际机场', 'price': 572.69, 'cost': 572.69, 'tickets': 1, 'transports': [], 'FlightID': 'FL219', 'type': 'airplane'}, {'position': '西湖外事游船', 'type': 'attraction', 'price': 48, 'cost': 48, 'start_time': '09:00', 'end_time': '10:30', 'transports': [{'start': '杭州萧山国际机场', 'end': '萧山国际机场-地铁站', 'mode': 'walk', 'start_time': '07:20', 'end_time': '07:21', 'cost': 0, 'distance': 0.12, 'price': 0}, {'start': '萧山国际机场-地铁站', 'end': '龙翔桥-地铁站', 'mode': 'metro', 'start_time': '07:21', 'end_time': '08:12', 'cost': 6, 'distance': 25.98, 'price': 6, 'tickets': 1}, {'start': '龙翔桥-地铁站', 'end': '西湖外事游船', 'mode': 'walk', 'start_time': '08:12', 'end_time': '08:19', 'cost': 0, 'distance': 0.59, 'price': 0}], 'tickets': 1}, {'position': '明洞王妃家烤肉(湖滨银泰in77D区店)', 'type': 'lunch', 'price': 132, 'cost': 132, 'start_time': '11:00', 'end_time': '12:00', 'transports': [{'start': '西湖外事游船', 'end': '明洞王妃家烤肉(湖滨银泰in77D区店)', 'mode': 'taxi', 'start_time': '10:30', 'end_time': '10:31', 'cost': 11.0, 'distance': 0.68, 'price': 11.0, 'cars': 1}]}, {'position': '中国伞博物馆', 'type': 'attraction', 'price': 0, 'cost': 0, 'start_time': '12:22', 'end_time': '13:52', 'transports': [{'start': '明洞王妃家烤肉(湖滨银泰in77D区店)', 'end': '龙翔桥-地铁站', 'mode': 'walk', 'start_time': '12:00', 'end_time': '12:01', 'cost': 0, 'distance': 0.12, 'price': 0}, {'start': '龙翔桥-地铁站', 'end': '拱宸桥东-地铁站', 'mode': 'metro', 'start_time': '12:01', 'end_time': '12:15', 'cost': 3, 'distance': 7.09, 'price': 3, 'tickets': 1}, {'start': '拱宸桥东-地铁站', 'end': '中国伞博物馆', 'mode': 'walk', 'start_time': '12:15', 'end_time': '12:22', 'cost': 0, 'distance': 0.64, 'price': 0}], 'tickets': 1}, {'position': '南宋德寿宫遗址博物馆', 'type': 'attraction', 'price': 0, 'cost': 0, 'start_time': '14:17', 'end_time': '15:47', 'transports': [{'start': '中国伞博物馆', 'end': '拱宸桥东-地铁站', 'mode': 'walk', 'start_time': '13:52', 'end_time': '13:59', 'cost': 0, 'distance': 0.64, 'price': 0}, {'start': '拱宸桥东-地铁站', 'end': '城站-地铁站', 'mode': 'metro', 'start_time': '13:59', 'end_time': '14:16', 'cost': 3, 'distance': 8.63, 'price': 3, 'tickets': 1}, {'start': '城站-地铁站', 'end': '南宋德寿宫遗址博物馆', 'mode': 'walk', 'start_time': '14:16', 'end_time': '14:17', 'cost': 0, 'distance': 0.1, 'price': 0}], 'tickets': 1}, {'position': '杭州南宋官窑博物馆', 'type': 'attraction', 'price': 0, 'cost': 0, 'start_time': '16:03', 'end_time': '16:30', 'transports': [{'start': '南宋德寿宫遗址博物馆', 'end': '城站-地铁站', 'mode': 'walk', 'start_time': '15:47', 'end_time': '15:48', 'cost': 0, 'distance': 0.1, 'price': 0}, {'start': '城站-地铁站', 'end': '复兴路-地铁站', 'mode': 'metro', 'start_time': '15:48', 'end_time': '15:56', 'cost': 3, 'distance': 4.15, 'price': 3, 'tickets': 1}, {'start': '复兴路-地铁站', 'end': '杭州南宋官窑博物馆', 'mode': 'walk', 'start_time': '15:56', 'end_time': '16:03', 'cost': 0, 'distance': 0.61, 'price': 0}], 'tickets': 1}, {'position': '芽笼芽笼新加坡餐厅(来福士店)', 'type': 'dinner', 'price': 91, 'cost': 91, 'start_time': '17:00', 'end_time': '18:00', 'transports': [{'start': '杭州南宋官窑博物馆', 'end': '复兴路-地铁站', 'mode': 'walk', 'start_time': '16:30', 'end_time': '16:37', 'cost': 0, 'distance': 0.61, 'price': 0}, {'start': '复兴路-地铁站', 'end': '江锦路-地铁站', 'mode': 'metro', 'start_time': '16:37', 'end_time': '16:50', 'cost': 3, 'distance': 6.66, 'price': 3, 'tickets': 1}, {'start': '江锦路-地铁站', 'end': '芽笼芽笼新加坡餐厅(来福士店)', 'mode': 'walk', 'start_time': '16:50', 'end_time': '16:52', 'cost': 0, 'distance': 0.25, 'price': 0}]}, {'start_time': '20:59', 'end_time': '06:26', 'start': '杭州东站', 'end': '深圳北站', 'price': 631.19, 'cost': 631.19, 'tickets': 1, 'transports': [{'start': '芽笼芽笼新加坡餐厅(来福士店)', 'end': '江锦路-地铁站', 'mode': 'walk', 'start_time': '18:00', 'end_time': '18:02', 'cost': 0, 'distance': 0.25, 'price': 0}, {'start': '江锦路-地铁站', 'end': '火车东站(东广场)-地铁站', 'mode': 'metro', 'start_time': '18:02', 'end_time': '18:11', 'cost': 3, 'distance': 4.91, 'price': 3, 'tickets': 1}, {'start': '火车东站(东广场)-地铁站', 'end': '杭州东站', 'mode': 'walk', 'start_time': '18:11', 'end_time': '18:16', 'cost': 0, 'distance': 0.48, 'price': 0}], 'TrainID': 'D931', 'type': 'train'}]}]}
Activity grounding passed!
Intercity_transport passed!
Attractions passed!
Hotels passed!
Restaurants passed!
Innercity transport  passed!
Time passed!
Space passed!
{'days': 1, 'people_number': 1, 'cost': 1506.88, 'transport_type': {'taxi', 'metro'}, 'intercity_transport': {'train', 'airplane'}, 'train_type': {'D'}, 'food_type': {'东南亚菜', '韩国料理'}, 'spot_type': {'游乐园/体育娱乐', '博物馆/纪念馆'}, 'hotel_feature': set(), 'food_price': 111.5, 'hotel_price': 0, 'hotel_names': set(), 'restaurant_names': {'芽笼芽笼新加坡餐厅(来福士店)', '明洞王妃家烤肉(湖滨银泰in77D区店)'}, 'attraction_names': {'南宋德寿宫遗址博物馆', '杭州南宋官窑博物馆', '西湖外事游船', '中国伞博物馆'}, 'tickets': 1, 'rooms': None, 'room_type': None}
[True, True, True]
result=(day_count(plan)==1) passed!
result=(people_count(plan)==1) passed!
total=0
for activity in allactivities(plan):
 total+=activity_cost(activity)
 total+=innercity_transport_cost(activity_transports(activity))
result=(total<=2000) passed!

 Pass! 

True {'people_number': 1, 'start_city': '深圳', 'target_city': '杭州', 'itinerary': [{'day': 1, 'activities': [{'start_time': '06:02', 'end_time': '07:20', 'start': '深圳宝安国际机场', 'end': '杭州萧山国际机场', 'price': 572.69, 'cost': 572.69, 'tickets': 1, 'transports': [], 'FlightID': 'FL219', 'type': 'airplane'}, {'position': '西湖外事游船', 'type': 'attraction', 'price': 48, 'cost': 48, 'start_time': '09:00', 'end_time': '10:30', 'transports': [{'start': '杭州萧山国际机场', 'end': '萧山国际机场-地铁站', 'mode': 'walk', 'start_time': '07:20', 'end_time': '07:21', 'cost': 0, 'distance': 0.12, 'price': 0}, {'start': '萧山国际机场-地铁站', 'end': '龙翔桥-地铁站', 'mode': 'metro', 'start_time': '07:21', 'end_time': '08:12', 'cost': 6, 'distance': 25.98, 'price': 6, 'tickets': 1}, {'start': '龙翔桥-地铁站', 'end': '西湖外事游船', 'mode': 'walk', 'start_time': '08:12', 'end_time': '08:19', 'cost': 0, 'distance': 0.59, 'price': 0}], 'tickets': 1}, {'position': '明洞王妃家烤肉(湖滨银泰in77D区店)', 'type': 'lunch', 'price': 132, 'cost': 132, 'start_time': '11:00', 'end_time': '12:00', 'transports': [{'start': '西湖外事游船', 'end': '明洞王妃家烤肉(湖滨银泰in77D区店)', 'mode': 'taxi', 'start_time': '10:30', 'end_time': '10:31', 'cost': 11.0, 'distance': 0.68, 'price': 11.0, 'cars': 1}]}, {'position': '中国伞博物馆', 'type': 'attraction', 'price': 0, 'cost': 0, 'start_time': '12:22', 'end_time': '13:52', 'transports': [{'start': '明洞王妃家烤肉(湖滨银泰in77D区店)', 'end': '龙翔桥-地铁站', 'mode': 'walk', 'start_time': '12:00', 'end_time': '12:01', 'cost': 0, 'distance': 0.12, 'price': 0}, {'start': '龙翔桥-地铁站', 'end': '拱宸桥东-地铁站', 'mode': 'metro', 'start_time': '12:01', 'end_time': '12:15', 'cost': 3, 'distance': 7.09, 'price': 3, 'tickets': 1}, {'start': '拱宸桥东-地铁站', 'end': '中国伞博物馆', 'mode': 'walk', 'start_time': '12:15', 'end_time': '12:22', 'cost': 0, 'distance': 0.64, 'price': 0}], 'tickets': 1}, {'position': '南宋德寿宫遗址博物馆', 'type': 'attraction', 'price': 0, 'cost': 0, 'start_time': '14:17', 'end_time': '15:47', 'transports': [{'start': '中国伞博物馆', 'end': '拱宸桥东-地铁站', 'mode': 'walk', 'start_time': '13:52', 'end_time': '13:59', 'cost': 0, 'distance': 0.64, 'price': 0}, {'start': '拱宸桥东-地铁站', 'end': '城站-地铁站', 'mode': 'metro', 'start_time': '13:59', 'end_time': '14:16', 'cost': 3, 'distance': 8.63, 'price': 3, 'tickets': 1}, {'start': '城站-地铁站', 'end': '南宋德寿宫遗址博物馆', 'mode': 'walk', 'start_time': '14:16', 'end_time': '14:17', 'cost': 0, 'distance': 0.1, 'price': 0}], 'tickets': 1}, {'position': '杭州南宋官窑博物馆', 'type': 'attraction', 'price': 0, 'cost': 0, 'start_time': '16:03', 'end_time': '16:30', 'transports': [{'start': '南宋德寿宫遗址博物馆', 'end': '城站-地铁站', 'mode': 'walk', 'start_time': '15:47', 'end_time': '15:48', 'cost': 0, 'distance': 0.1, 'price': 0}, {'start': '城站-地铁站', 'end': '复兴路-地铁站', 'mode': 'metro', 'start_time': '15:48', 'end_time': '15:56', 'cost': 3, 'distance': 4.15, 'price': 3, 'tickets': 1}, {'start': '复兴路-地铁站', 'end': '杭州南宋官窑博物馆', 'mode': 'walk', 'start_time': '15:56', 'end_time': '16:03', 'cost': 0, 'distance': 0.61, 'price': 0}], 'tickets': 1}, {'position': '芽笼芽笼新加坡餐厅(来福士店)', 'type': 'dinner', 'price': 91, 'cost': 91, 'start_time': '17:00', 'end_time': '18:00', 'transports': [{'start': '杭州南宋官窑博物馆', 'end': '复兴路-地铁站', 'mode': 'walk', 'start_time': '16:30', 'end_time': '16:37', 'cost': 0, 'distance': 0.61, 'price': 0}, {'start': '复兴路-地铁站', 'end': '江锦路-地铁站', 'mode': 'metro', 'start_time': '16:37', 'end_time': '16:50', 'cost': 3, 'distance': 6.66, 'price': 3, 'tickets': 1}, {'start': '江锦路-地铁站', 'end': '芽笼芽笼新加坡餐厅(来福士店)', 'mode': 'walk', 'start_time': '16:50', 'end_time': '16:52', 'cost': 0, 'distance': 0.25, 'price': 0}]}, {'start_time': '20:59', 'end_time': '06:26', 'start': '杭州东站', 'end': '深圳北站', 'price': 631.19, 'cost': 631.19, 'tickets': 1, 'transports': [{'start': '芽笼芽笼新加坡餐厅(来福士店)', 'end': '江锦路-地铁站', 'mode': 'walk', 'start_time': '18:00', 'end_time': '18:02', 'cost': 0, 'distance': 0.25, 'price': 0}, {'start': '江锦路-地铁站', 'end': '火车东站(东广场)-地铁站', 'mode': 'metro', 'start_time': '18:02', 'end_time': '18:11', 'cost': 3, 'distance': 4.91, 'price': 3, 'tickets': 1}, {'start': '火车东站(东广场)-地铁站', 'end': '杭州东站', 'mode': 'walk', 'start_time': '18:11', 'end_time': '18:16', 'cost': 0, 'distance': 0.48, 'price': 0}], 'TrainID': 'D931', 'type': 'train'}]}], 'search_time_sec': 1.62766695022583, 'llm_inference_time_sec': 0}
True {'people_number': 1, 'start_city': '深圳', 'target_city': '杭州', 'itinerary': [{'day': 1, 'activities': [{'start_time': '06:02', 'end_time': '07:20', 'start': '深圳宝安国际机场', 'end': '杭州萧山国际机场', 'price': 572.69, 'cost': 572.69, 'tickets': 1, 'transports': [], 'FlightID': 'FL219', 'type': 'airplane'}, {'position': '西湖外事游船', 'type': 'attraction', 'price': 48, 'cost': 48, 'start_time': '09:00', 'end_time': '10:30', 'transports': [{'start': '杭州萧山国际机场', 'end': '萧山国际机场-地铁站', 'mode': 'walk', 'start_time': '07:20', 'end_time': '07:21', 'cost': 0, 'distance': 0.12, 'price': 0}, {'start': '萧山国际机场-地铁站', 'end': '龙翔桥-地铁站', 'mode': 'metro', 'start_time': '07:21', 'end_time': '08:12', 'cost': 6, 'distance': 25.98, 'price': 6, 'tickets': 1}, {'start': '龙翔桥-地铁站', 'end': '西湖外事游船', 'mode': 'walk', 'start_time': '08:12', 'end_time': '08:19', 'cost': 0, 'distance': 0.59, 'price': 0}], 'tickets': 1}, {'position': '明洞王妃家烤肉(湖滨银泰in77D区店)', 'type': 'lunch', 'price': 132, 'cost': 132, 'start_time': '11:00', 'end_time': '12:00', 'transports': [{'start': '西湖外事游船', 'end': '明洞王妃家烤肉(湖滨银泰in77D区店)', 'mode': 'taxi', 'start_time': '10:30', 'end_time': '10:31', 'cost': 11.0, 'distance': 0.68, 'price': 11.0, 'cars': 1}]}, {'position': '中国伞博物馆', 'type': 'attraction', 'price': 0, 'cost': 0, 'start_time': '12:22', 'end_time': '13:52', 'transports': [{'start': '明洞王妃家烤肉(湖滨银泰in77D区店)', 'end': '龙翔桥-地铁站', 'mode': 'walk', 'start_time': '12:00', 'end_time': '12:01', 'cost': 0, 'distance': 0.12, 'price': 0}, {'start': '龙翔桥-地铁站', 'end': '拱宸桥东-地铁站', 'mode': 'metro', 'start_time': '12:01', 'end_time': '12:15', 'cost': 3, 'distance': 7.09, 'price': 3, 'tickets': 1}, {'start': '拱宸桥东-地铁站', 'end': '中国伞博物馆', 'mode': 'walk', 'start_time': '12:15', 'end_time': '12:22', 'cost': 0, 'distance': 0.64, 'price': 0}], 'tickets': 1}, {'position': '南宋德寿宫遗址博物馆', 'type': 'attraction', 'price': 0, 'cost': 0, 'start_time': '14:17', 'end_time': '15:47', 'transports': [{'start': '中国伞博物馆', 'end': '拱宸桥东-地铁站', 'mode': 'walk', 'start_time': '13:52', 'end_time': '13:59', 'cost': 0, 'distance': 0.64, 'price': 0}, {'start': '拱宸桥东-地铁站', 'end': '城站-地铁站', 'mode': 'metro', 'start_time': '13:59', 'end_time': '14:16', 'cost': 3, 'distance': 8.63, 'price': 3, 'tickets': 1}, {'start': '城站-地铁站', 'end': '南宋德寿宫遗址博物馆', 'mode': 'walk', 'start_time': '14:16', 'end_time': '14:17', 'cost': 0, 'distance': 0.1, 'price': 0}], 'tickets': 1}, {'position': '杭州南宋官窑博物馆', 'type': 'attraction', 'price': 0, 'cost': 0, 'start_time': '16:03', 'end_time': '16:30', 'transports': [{'start': '南宋德寿宫遗址博物馆', 'end': '城站-地铁站', 'mode': 'walk', 'start_time': '15:47', 'end_time': '15:48', 'cost': 0, 'distance': 0.1, 'price': 0}, {'start': '城站-地铁站', 'end': '复兴路-地铁站', 'mode': 'metro', 'start_time': '15:48', 'end_time': '15:56', 'cost': 3, 'distance': 4.15, 'price': 3, 'tickets': 1}, {'start': '复兴路-地铁站', 'end': '杭州南宋官窑博物馆', 'mode': 'walk', 'start_time': '15:56', 'end_time': '16:03', 'cost': 0, 'distance': 0.61, 'price': 0}], 'tickets': 1}, {'position': '芽笼芽笼新加坡餐厅(来福士店)', 'type': 'dinner', 'price': 91, 'cost': 91, 'start_time': '17:00', 'end_time': '18:00', 'transports': [{'start': '杭州南宋官窑博物馆', 'end': '复兴路-地铁站', 'mode': 'walk', 'start_time': '16:30', 'end_time': '16:37', 'cost': 0, 'distance': 0.61, 'price': 0}, {'start': '复兴路-地铁站', 'end': '江锦路-地铁站', 'mode': 'metro', 'start_time': '16:37', 'end_time': '16:50', 'cost': 3, 'distance': 6.66, 'price': 3, 'tickets': 1}, {'start': '江锦路-地铁站', 'end': '芽笼芽笼新加坡餐厅(来福士店)', 'mode': 'walk', 'start_time': '16:50', 'end_time': '16:52', 'cost': 0, 'distance': 0.25, 'price': 0}]}, {'start_time': '20:59', 'end_time': '06:26', 'start': '杭州东站', 'end': '深圳北站', 'price': 631.19, 'cost': 631.19, 'tickets': 1, 'transports': [{'start': '芽笼芽笼新加坡餐厅(来福士店)', 'end': '江锦路-地铁站', 'mode': 'walk', 'start_time': '18:00', 'end_time': '18:02', 'cost': 0, 'distance': 0.25, 'price': 0}, {'start': '江锦路-地铁站', 'end': '火车东站(东广场)-地铁站', 'mode': 'metro', 'start_time': '18:02', 'end_time': '18:11', 'cost': 3, 'distance': 4.91, 'price': 3, 'tickets': 1}, {'start': '火车东站(东广场)-地铁站', 'end': '杭州东站', 'mode': 'walk', 'start_time': '18:11', 'end_time': '18:16', 'cost': 0, 'distance': 0.48, 'price': 0}], 'TrainID': 'D931', 'type': 'train'}]}], 'search_time_sec': 1.62766695022583, 'llm_inference_time_sec': 0}
