Created log directory: /Users/mac/Documents/6-Research/9-AutoDriving/9-AutoDriving-core/data/chinatravel_baseline12_20260912/planning/e20241028160251109186/logs
cache dir: /Users/mac/Documents/6-Research/9-AutoDriving/9-AutoDriving-core/data/chinatravel_baseline12_20260912/planning/e20241028160251109186/cache
广州 -> 深圳
   id                 name  ... price numbed
0   0  铂尔登美瑾酒店(深圳南山西丽地铁站店)  ...   331      1
1   1             深圳南山美爵酒店  ...   572      1
2   2           深圳罗湖地王亚朵酒店  ...   517      1
3   3   秋果S酒店(深圳会展中心联合广场店)  ...   499      1
4   4          深圳坂田希尔顿欢朋酒店  ...   545      2

[5 rows x 8 columns]
search: ...
candidates_type:  ['attraction', 'lunch', 'dinner', 'back-intercity-transport']
POI planning, day 0 06:55, 深圳东站, next-poi type: attraction
Can not go back source-city in time, current POI 较场尾龙岐湾游艇会, station arrived time: 22:39
The current time is too late to go hotel or back-transport, backtrack...
add_attraction failed, backtrack...
Can not go back source-city in time, current POI 较场尾龙岐湾游艇会, station arrived time: 19:35
The current time is too late to go hotel or back-transport, backtrack...
add_attraction failed, backtrack...
Can not go back source-city in time, current POI 较场尾龙岐湾游艇会, station arrived time: 21:03
The current time is too late to go hotel or back-transport, backtrack...
add_attraction failed, backtrack...
candidates_type:  ['attraction', 'lunch', 'dinner', 'back-intercity-transport']
POI planning, day 0 09:27, 宝安公园, next-poi type: attraction
Can not go back source-city in time, current POI 浪骑游艇会, station arrived time: 22:59
The current time is too late to go hotel or back-transport, backtrack...
add_attraction failed, backtrack...
Can not go back source-city in time, current POI 浪骑游艇会, station arrived time: 23:46
The current time is too late to go hotel or back-transport, backtrack...
add_attraction failed, backtrack...
The current time is too late...
candidates_type:  ['attraction', 'lunch', 'dinner', 'back-intercity-transport']
POI planning, day 0 11:30, 深圳蛇口海洋科普馆, next-poi type: lunch
candidates_type:  ['attraction', 'dinner', 'back-intercity-transport']
POI planning, day 0 13:04, 克茗冰室(中心城店), next-poi type: attraction
The attraction is closed now...
Can not go back source-city in time, current POI 深圳市大鹏新区古城博物馆, station arrived time: 20:05
The current time is too late to go hotel or back-transport, backtrack...
add_attraction failed, backtrack...
The current time is too late...
candidates_type:  ['attraction', 'dinner', 'back-intercity-transport']
POI planning, day 0 14:57, O·POWER文化艺术中心, next-poi type: attraction
The attraction is closed now...
Can not go back source-city in time, current POI 浪骑游艇会, station arrived time: 23:11
The current time is too late to go hotel or back-transport, backtrack...
add_attraction failed, backtrack...
The current time is too late...
Can not go back source-city in time, current POI 滨海文化公园, station arrived time: 20:10
The current time is too late to go hotel or back-transport, backtrack...
add_attraction failed, backtrack...
Can not go back source-city in time, current POI 滨海文化公园, station arrived time: 19:50
The current time is too late to go hotel or back-transport, backtrack...
add_attraction failed, backtrack...
Can not go back source-city in time, current POI 滨海文化公园, station arrived time: 21:42
The current time is too late to go hotel or back-transport, backtrack...
add_attraction failed, backtrack...
The attraction is closed now...
Can not go back source-city in time, current POI 新体育海洋运动中心（大鹏游艇会）, station arrived time: 23:34
The current time is too late to go hotel or back-transport, backtrack...
add_attraction failed, backtrack...
The current time is too late...
Can not go back source-city in time, current POI 东部华侨城直升机体验, station arrived time: 19:21
The current time is too late to go hotel or back-transport, backtrack...
add_attraction failed, backtrack...
Can not go back source-city in time, current POI 东部华侨城直升机体验, station arrived time: 22:44
The current time is too late to go hotel or back-transport, backtrack...
add_attraction failed, backtrack...
The current time is too late...
The current time is too late...
Can not go back source-city in time, current POI 七娘山, station arrived time: 23:54
The current time is too late to go hotel or back-transport, backtrack...
add_attraction failed, backtrack...
The current time is too late...
Can not go back source-city in time, current POI 灯塔图书馆, station arrived time: 22:09
The current time is too late to go hotel or back-transport, backtrack...
add_attraction failed, backtrack...
Can not go back source-city in time, current POI 灯塔图书馆, station arrived time: 21:44
The current time is too late to go hotel or back-transport, backtrack...
add_attraction failed, backtrack...
The attraction is closed now...
Can not go back source-city in time, current POI 龙潭公园, station arrived time: 22:58
The current time is too late to go hotel or back-transport, backtrack...
add_attraction failed, backtrack...
Can not go back source-city in time, current POI 龙潭公园, station arrived time: 22:31
The current time is too late to go hotel or back-transport, backtrack...
add_attraction failed, backtrack...
The current time is too late...
Can not go back source-city in time, current POI 坪山美术馆, station arrived time: 24:02
The current time is too late to go hotel or back-transport, backtrack...
add_attraction failed, backtrack...
Can not go back source-city in time, current POI 坪山美术馆, station arrived time: 24:02
The current time is too late to go hotel or back-transport, backtrack...
add_attraction failed, backtrack...
The current time is too late...
candidates_type:  ['attraction', 'dinner', 'back-intercity-transport']
POI planning, day 0 16:52, 紫荆坊香港国际风情街, next-poi type: back-intercity-transport
validate the plan [for query e20241028160251109186]: 
{'people_number': 1, 'start_city': '广州', 'target_city': '深圳', 'itinerary': [{'day': 1, 'activities': [{'start_time': '05:03', 'end_time': '06:55', 'start': '广州北站', 'end': '深圳东站', 'price': 41.68, 'cost': 41.68, 'tickets': 1, 'transports': [], 'TrainID': 'K9259', 'type': 'train'}, {'position': '宝安公园', 'type': 'attraction', 'price': 0, 'cost': 0, 'start_time': '07:57', 'end_time': '09:27', 'transports': [{'start': '深圳东站', 'end': '布吉-地铁站', 'mode': 'walk', 'start_time': '06:55', 'end_time': '06:58', 'cost': 0, 'distance': 0.28, 'price': 0}, {'start': '布吉-地铁站', 'end': '兴东-地铁站', 'mode': 'metro', 'start_time': '06:58', 'end_time': '07:39', 'cost': 5, 'distance': 20.91, 'price': 5, 'tickets': 1}, {'start': '兴东-地铁站', 'end': '宝安公园', 'mode': 'walk', 'start_time': '07:39', 'end_time': '07:57', 'cost': 0, 'distance': 1.52, 'price': 0}], 'tickets': 1}, {'position': '深圳蛇口海洋科普馆', 'type': 'attraction', 'price': 0, 'cost': 0, 'start_time': '10:11', 'end_time': '11:30', 'transports': [{'start': '宝安公园', 'end': '兴东-地铁站', 'mode': 'walk', 'start_time': '09:27', 'end_time': '09:45', 'cost': 0, 'distance': 1.52, 'price': 0}, {'start': '兴东-地铁站', 'end': '湾厦-地铁站', 'mode': 'metro', 'start_time': '09:45', 'end_time': '10:05', 'cost': 4, 'distance': 10.0, 'price': 4, 'tickets': 1}, {'start': '湾厦-地铁站', 'end': '深圳蛇口海洋科普馆', 'mode': 'walk', 'start_time': '10:05', 'end_time': '10:11', 'cost': 0, 'distance': 0.55, 'price': 0}], 'tickets': 1}, {'position': '克茗冰室(中心城店)', 'type': 'lunch', 'price': 57, 'cost': 57, 'start_time': '12:04', 'end_time': '13:04', 'transports': [{'start': '深圳蛇口海洋科普馆', 'end': '湾厦-地铁站', 'mode': 'walk', 'start_time': '11:30', 'end_time': '11:36', 'cost': 0, 'distance': 0.55, 'price': 0}, {'start': '湾厦-地铁站', 'end': '会展中心-地铁站', 'mode': 'metro', 'start_time': '11:36', 'end_time': '12:02', 'cost': 4, 'distance': 13.41, 'price': 4, 'tickets': 1}, {'start': '会展中心-地铁站', 'end': '克茗冰室(中心城店)', 'mode': 'walk', 'start_time': '12:02', 'end_time': '12:04', 'cost': 0, 'distance': 0.21, 'price': 0}]}, {'position': 'O·POWER文化艺术中心', 'type': 'attraction', 'price': 0, 'cost': 0, 'start_time': '13:27', 'end_time': '14:57', 'transports': [{'start': '克茗冰室(中心城店)', 'end': '会展中心-地铁站', 'mode': 'walk', 'start_time': '13:04', 'end_time': '13:06', 'cost': 0, 'distance': 0.21, 'price': 0}, {'start': '会展中心-地铁站', 'end': '深云-地铁站', 'mode': 'metro', 'start_time': '13:06', 'end_time': '13:20', 'cost': 3, 'distance': 7.34, 'price': 3, 'tickets': 1}, {'start': '深云-地铁站', 'end': 'O·POWER文化艺术中心', 'mode': 'walk', 'start_time': '13:20', 'end_time': '13:27', 'cost': 0, 'distance': 0.59, 'price': 0}], 'tickets': 1}, {'position': '紫荆坊香港国际风情街', 'type': 'attraction', 'price': 0, 'cost': 0, 'start_time': '15:22', 'end_time': '16:52', 'transports': [{'start': 'O·POWER文化艺术中心', 'end': '深云-地铁站', 'mode': 'walk', 'start_time': '14:57', 'end_time': '15:04', 'cost': 0, 'distance': 0.59, 'price': 0}, {'start': '深云-地铁站', 'end': '福田口岸-地铁站', 'mode': 'metro', 'start_time': '15:04', 'end_time': '15:21', 'cost': 3, 'distance': 8.75, 'price': 3, 'tickets': 1}, {'start': '福田口岸-地铁站', 'end': '紫荆坊香港国际风情街', 'mode': 'walk', 'start_time': '15:21', 'end_time': '15:22', 'cost': 0, 'distance': 0.14, 'price': 0}], 'tickets': 1}, {'start_time': '19:14', 'end_time': '19:50', 'start': '深圳北站', 'end': '广州南站', 'price': 67.73, 'cost': 67.73, 'tickets': 1, 'transports': [{'start': '紫荆坊香港国际风情街', 'end': '福田口岸-地铁站', 'mode': 'walk', 'start_time': '16:52', 'end_time': '16:53', 'cost': 0, 'distance': 0.14, 'price': 0}, {'start': '福田口岸-地铁站', 'end': '深圳北站-地铁站', 'mode': 'metro', 'start_time': '16:53', 'end_time': '17:15', 'cost': 4, 'distance': 11.04, 'price': 4, 'tickets': 1}, {'start': '深圳北站-地铁站', 'end': '深圳北站', 'mode': 'walk', 'start_time': '17:15', 'end_time': '17:16', 'cost': 0, 'distance': 0.15, 'price': 0}], 'TrainID': 'G9642', 'type': 'train'}]}]}
Activity grounding passed!
Intercity_transport passed!
Attractions passed!
Hotels passed!
Restaurants passed!
Innercity transport  passed!
Time passed!
Space passed!
{'days': 1, 'people_number': 1, 'cost': 189.41000000000003, 'transport_type': {'metro'}, 'intercity_transport': {'train'}, 'train_type': {'G', 'K'}, 'food_type': {'粤菜'}, 'spot_type': {'公园', '博物馆/纪念馆', '商业街区', '美术馆/艺术馆'}, 'hotel_feature': set(), 'food_price': 57.0, 'hotel_price': 0, 'hotel_names': set(), 'restaurant_names': {'克茗冰室(中心城店)'}, 'attraction_names': {'宝安公园', '深圳蛇口海洋科普馆', 'O·POWER文化艺术中心', '紫荆坊香港国际风情街'}, 'tickets': 1, 'rooms': None, 'room_type': None}
[True, True, True]
result=(day_count(plan)==1) passed!
result=(people_count(plan)==1) passed!
total=0
for activity in allactivities(plan):
 total+=activity_cost(activity)
 total+=innercity_transport_cost(activity_transports(activity))
result=(total<=1000) passed!

 Pass! 

True {'people_number': 1, 'start_city': '广州', 'target_city': '深圳', 'itinerary': [{'day': 1, 'activities': [{'start_time': '05:03', 'end_time': '06:55', 'start': '广州北站', 'end': '深圳东站', 'price': 41.68, 'cost': 41.68, 'tickets': 1, 'transports': [], 'TrainID': 'K9259', 'type': 'train'}, {'position': '宝安公园', 'type': 'attraction', 'price': 0, 'cost': 0, 'start_time': '07:57', 'end_time': '09:27', 'transports': [{'start': '深圳东站', 'end': '布吉-地铁站', 'mode': 'walk', 'start_time': '06:55', 'end_time': '06:58', 'cost': 0, 'distance': 0.28, 'price': 0}, {'start': '布吉-地铁站', 'end': '兴东-地铁站', 'mode': 'metro', 'start_time': '06:58', 'end_time': '07:39', 'cost': 5, 'distance': 20.91, 'price': 5, 'tickets': 1}, {'start': '兴东-地铁站', 'end': '宝安公园', 'mode': 'walk', 'start_time': '07:39', 'end_time': '07:57', 'cost': 0, 'distance': 1.52, 'price': 0}], 'tickets': 1}, {'position': '深圳蛇口海洋科普馆', 'type': 'attraction', 'price': 0, 'cost': 0, 'start_time': '10:11', 'end_time': '11:30', 'transports': [{'start': '宝安公园', 'end': '兴东-地铁站', 'mode': 'walk', 'start_time': '09:27', 'end_time': '09:45', 'cost': 0, 'distance': 1.52, 'price': 0}, {'start': '兴东-地铁站', 'end': '湾厦-地铁站', 'mode': 'metro', 'start_time': '09:45', 'end_time': '10:05', 'cost': 4, 'distance': 10.0, 'price': 4, 'tickets': 1}, {'start': '湾厦-地铁站', 'end': '深圳蛇口海洋科普馆', 'mode': 'walk', 'start_time': '10:05', 'end_time': '10:11', 'cost': 0, 'distance': 0.55, 'price': 0}], 'tickets': 1}, {'position': '克茗冰室(中心城店)', 'type': 'lunch', 'price': 57, 'cost': 57, 'start_time': '12:04', 'end_time': '13:04', 'transports': [{'start': '深圳蛇口海洋科普馆', 'end': '湾厦-地铁站', 'mode': 'walk', 'start_time': '11:30', 'end_time': '11:36', 'cost': 0, 'distance': 0.55, 'price': 0}, {'start': '湾厦-地铁站', 'end': '会展中心-地铁站', 'mode': 'metro', 'start_time': '11:36', 'end_time': '12:02', 'cost': 4, 'distance': 13.41, 'price': 4, 'tickets': 1}, {'start': '会展中心-地铁站', 'end': '克茗冰室(中心城店)', 'mode': 'walk', 'start_time': '12:02', 'end_time': '12:04', 'cost': 0, 'distance': 0.21, 'price': 0}]}, {'position': 'O·POWER文化艺术中心', 'type': 'attraction', 'price': 0, 'cost': 0, 'start_time': '13:27', 'end_time': '14:57', 'transports': [{'start': '克茗冰室(中心城店)', 'end': '会展中心-地铁站', 'mode': 'walk', 'start_time': '13:04', 'end_time': '13:06', 'cost': 0, 'distance': 0.21, 'price': 0}, {'start': '会展中心-地铁站', 'end': '深云-地铁站', 'mode': 'metro', 'start_time': '13:06', 'end_time': '13:20', 'cost': 3, 'distance': 7.34, 'price': 3, 'tickets': 1}, {'start': '深云-地铁站', 'end': 'O·POWER文化艺术中心', 'mode': 'walk', 'start_time': '13:20', 'end_time': '13:27', 'cost': 0, 'distance': 0.59, 'price': 0}], 'tickets': 1}, {'position': '紫荆坊香港国际风情街', 'type': 'attraction', 'price': 0, 'cost': 0, 'start_time': '15:22', 'end_time': '16:52', 'transports': [{'start': 'O·POWER文化艺术中心', 'end': '深云-地铁站', 'mode': 'walk', 'start_time': '14:57', 'end_time': '15:04', 'cost': 0, 'distance': 0.59, 'price': 0}, {'start': '深云-地铁站', 'end': '福田口岸-地铁站', 'mode': 'metro', 'start_time': '15:04', 'end_time': '15:21', 'cost': 3, 'distance': 8.75, 'price': 3, 'tickets': 1}, {'start': '福田口岸-地铁站', 'end': '紫荆坊香港国际风情街', 'mode': 'walk', 'start_time': '15:21', 'end_time': '15:22', 'cost': 0, 'distance': 0.14, 'price': 0}], 'tickets': 1}, {'start_time': '19:14', 'end_time': '19:50', 'start': '深圳北站', 'end': '广州南站', 'price': 67.73, 'cost': 67.73, 'tickets': 1, 'transports': [{'start': '紫荆坊香港国际风情街', 'end': '福田口岸-地铁站', 'mode': 'walk', 'start_time': '16:52', 'end_time': '16:53', 'cost': 0, 'distance': 0.14, 'price': 0}, {'start': '福田口岸-地铁站', 'end': '深圳北站-地铁站', 'mode': 'metro', 'start_time': '16:53', 'end_time': '17:15', 'cost': 4, 'distance': 11.04, 'price': 4, 'tickets': 1}, {'start': '深圳北站-地铁站', 'end': '深圳北站', 'mode': 'walk', 'start_time': '17:15', 'end_time': '17:16', 'cost': 0, 'distance': 0.15, 'price': 0}], 'TrainID': 'G9642', 'type': 'train'}]}], 'search_time_sec': 1.5279419422149658, 'llm_inference_time_sec': 0}
True {'people_number': 1, 'start_city': '广州', 'target_city': '深圳', 'itinerary': [{'day': 1, 'activities': [{'start_time': '05:03', 'end_time': '06:55', 'start': '广州北站', 'end': '深圳东站', 'price': 41.68, 'cost': 41.68, 'tickets': 1, 'transports': [], 'TrainID': 'K9259', 'type': 'train'}, {'position': '宝安公园', 'type': 'attraction', 'price': 0, 'cost': 0, 'start_time': '07:57', 'end_time': '09:27', 'transports': [{'start': '深圳东站', 'end': '布吉-地铁站', 'mode': 'walk', 'start_time': '06:55', 'end_time': '06:58', 'cost': 0, 'distance': 0.28, 'price': 0}, {'start': '布吉-地铁站', 'end': '兴东-地铁站', 'mode': 'metro', 'start_time': '06:58', 'end_time': '07:39', 'cost': 5, 'distance': 20.91, 'price': 5, 'tickets': 1}, {'start': '兴东-地铁站', 'end': '宝安公园', 'mode': 'walk', 'start_time': '07:39', 'end_time': '07:57', 'cost': 0, 'distance': 1.52, 'price': 0}], 'tickets': 1}, {'position': '深圳蛇口海洋科普馆', 'type': 'attraction', 'price': 0, 'cost': 0, 'start_time': '10:11', 'end_time': '11:30', 'transports': [{'start': '宝安公园', 'end': '兴东-地铁站', 'mode': 'walk', 'start_time': '09:27', 'end_time': '09:45', 'cost': 0, 'distance': 1.52, 'price': 0}, {'start': '兴东-地铁站', 'end': '湾厦-地铁站', 'mode': 'metro', 'start_time': '09:45', 'end_time': '10:05', 'cost': 4, 'distance': 10.0, 'price': 4, 'tickets': 1}, {'start': '湾厦-地铁站', 'end': '深圳蛇口海洋科普馆', 'mode': 'walk', 'start_time': '10:05', 'end_time': '10:11', 'cost': 0, 'distance': 0.55, 'price': 0}], 'tickets': 1}, {'position': '克茗冰室(中心城店)', 'type': 'lunch', 'price': 57, 'cost': 57, 'start_time': '12:04', 'end_time': '13:04', 'transports': [{'start': '深圳蛇口海洋科普馆', 'end': '湾厦-地铁站', 'mode': 'walk', 'start_time': '11:30', 'end_time': '11:36', 'cost': 0, 'distance': 0.55, 'price': 0}, {'start': '湾厦-地铁站', 'end': '会展中心-地铁站', 'mode': 'metro', 'start_time': '11:36', 'end_time': '12:02', 'cost': 4, 'distance': 13.41, 'price': 4, 'tickets': 1}, {'start': '会展中心-地铁站', 'end': '克茗冰室(中心城店)', 'mode': 'walk', 'start_time': '12:02', 'end_time': '12:04', 'cost': 0, 'distance': 0.21, 'price': 0}]}, {'position': 'O·POWER文化艺术中心', 'type': 'attraction', 'price': 0, 'cost': 0, 'start_time': '13:27', 'end_time': '14:57', 'transports': [{'start': '克茗冰室(中心城店)', 'end': '会展中心-地铁站', 'mode': 'walk', 'start_time': '13:04', 'end_time': '13:06', 'cost': 0, 'distance': 0.21, 'price': 0}, {'start': '会展中心-地铁站', 'end': '深云-地铁站', 'mode': 'metro', 'start_time': '13:06', 'end_time': '13:20', 'cost': 3, 'distance': 7.34, 'price': 3, 'tickets': 1}, {'start': '深云-地铁站', 'end': 'O·POWER文化艺术中心', 'mode': 'walk', 'start_time': '13:20', 'end_time': '13:27', 'cost': 0, 'distance': 0.59, 'price': 0}], 'tickets': 1}, {'position': '紫荆坊香港国际风情街', 'type': 'attraction', 'price': 0, 'cost': 0, 'start_time': '15:22', 'end_time': '16:52', 'transports': [{'start': 'O·POWER文化艺术中心', 'end': '深云-地铁站', 'mode': 'walk', 'start_time': '14:57', 'end_time': '15:04', 'cost': 0, 'distance': 0.59, 'price': 0}, {'start': '深云-地铁站', 'end': '福田口岸-地铁站', 'mode': 'metro', 'start_time': '15:04', 'end_time': '15:21', 'cost': 3, 'distance': 8.75, 'price': 3, 'tickets': 1}, {'start': '福田口岸-地铁站', 'end': '紫荆坊香港国际风情街', 'mode': 'walk', 'start_time': '15:21', 'end_time': '15:22', 'cost': 0, 'distance': 0.14, 'price': 0}], 'tickets': 1}, {'start_time': '19:14', 'end_time': '19:50', 'start': '深圳北站', 'end': '广州南站', 'price': 67.73, 'cost': 67.73, 'tickets': 1, 'transports': [{'start': '紫荆坊香港国际风情街', 'end': '福田口岸-地铁站', 'mode': 'walk', 'start_time': '16:52', 'end_time': '16:53', 'cost': 0, 'distance': 0.14, 'price': 0}, {'start': '福田口岸-地铁站', 'end': '深圳北站-地铁站', 'mode': 'metro', 'start_time': '16:53', 'end_time': '17:15', 'cost': 4, 'distance': 11.04, 'price': 4, 'tickets': 1}, {'start': '深圳北站-地铁站', 'end': '深圳北站', 'mode': 'walk', 'start_time': '17:15', 'end_time': '17:16', 'cost': 0, 'distance': 0.15, 'price': 0}], 'TrainID': 'G9642', 'type': 'train'}]}], 'search_time_sec': 1.5279419422149658, 'llm_inference_time_sec': 0}
