Created log directory: /Users/mac/Documents/6-Research/9-AutoDriving/9-AutoDriving-core/data/chinatravel_repair_v1_deepseek6_retry1/planning/e20241028160845920703/logs
cache dir: /Users/mac/Documents/6-Research/9-AutoDriving/9-AutoDriving-core/data/chinatravel_repair_v1_deepseek6_retry1/planning/e20241028160845920703/cache
深圳 -> 广州
   id            name  ... price numbed
0   0    广州番禺万博中心舒与酒店  ...   493      1
1   1    广州天河体育中心美居酒店  ...   474      1
2   2        广州东站城际酒店  ...   551      1
3   3          广州建国酒店  ...   502      1
4   4  广州北京路天字码头亚朵S酒店  ...   561      1

[5 rows x 8 columns]
search: ...
candidates_type:  ['attraction', 'lunch', 'dinner', 'hotel']
POI planning, day 0 08:49, 广州东站, next-poi type: attraction
candidates_type:  ['attraction', 'lunch', 'dinner', 'hotel']
POI planning, day 0 10:43, 岭南金融博物馆, next-poi type: lunch
candidates_type:  ['attraction', 'dinner', 'hotel']
POI planning, day 0 12:09, 隴熙火锅(珠江新城店), next-poi type: attraction
candidates_type:  ['attraction', 'dinner', 'hotel']
POI planning, day 0 18:30, 珠江夜游省总码头, next-poi type: dinner
Can not go back to hotel, current POI 明华饼店, hotel arrived time: 25:06
The current time is too late to go hotel or back-transport, backtrack...
add_restaurant failed, backtrack...
Can not go back to hotel, current POI 明华饼店, hotel arrived time: 24:59
The current time is too late to go hotel or back-transport, backtrack...
add_restaurant failed, backtrack...
Can not go back to hotel, current POI 明华饼店, hotel arrived time: 25:03
The current time is too late to go hotel or back-transport, backtrack...
add_restaurant failed, backtrack...
candidates_type:  ['attraction', 'hotel']
POI planning, day 0 19:46, EGGY·蛋料理食所, next-poi type: attraction
Can not go back to hotel, current POI 广州起义烈士陵园, hotel arrived time: 25:54
The current time is too late to go hotel or back-transport, backtrack...
add_attraction failed, backtrack...
Can not go back to hotel, current POI 广州起义烈士陵园, hotel arrived time: 25:54
The current time is too late to go hotel or back-transport, backtrack...
add_attraction failed, backtrack...
Can not go back to hotel, current POI 广州起义烈士陵园, hotel arrived time: 25:54
The current time is too late to go hotel or back-transport, backtrack...
add_attraction failed, backtrack...
Can not go back to hotel, current POI TaxiWay飞行中心(广州塔店), hotel arrived time: 25:39
The current time is too late to go hotel or back-transport, backtrack...
add_attraction failed, backtrack...
Can not go back to hotel, current POI TaxiWay飞行中心(广州塔店), hotel arrived time: 25:27
The current time is too late to go hotel or back-transport, backtrack...
add_attraction failed, backtrack...
Can not go back to hotel, current POI TaxiWay飞行中心(广州塔店), hotel arrived time: 25:48
The current time is too late to go hotel or back-transport, backtrack...
add_attraction failed, backtrack...
Can not go back to hotel, current POI 夜上海(时尚天河商业广场店), hotel arrived time: 25:32
The current time is too late to go hotel or back-transport, backtrack...
add_attraction failed, backtrack...
Can not go back to hotel, current POI 夜上海(时尚天河商业广场店), hotel arrived time: 25:22
The current time is too late to go hotel or back-transport, backtrack...
add_attraction failed, backtrack...
Can not go back to hotel, current POI 夜上海(时尚天河商业广场店), hotel arrived time: 25:35
The current time is too late to go hotel or back-transport, backtrack...
add_attraction failed, backtrack...
Can not go back to hotel, current POI 欧洲风情街, hotel arrived time: 24:33
The current time is too late to go hotel or back-transport, backtrack...
add_attraction failed, backtrack...
Can not go back to hotel, current POI 欧洲风情街, hotel arrived time: 27:33
The current time is too late to go hotel or back-transport, backtrack...
add_attraction failed, backtrack...
The current time is too late...
Can not go back to hotel, current POI 广东花都湖国家湿地公园, hotel arrived time: 24:31
The current time is too late to go hotel or back-transport, backtrack...
add_attraction failed, backtrack...
Can not go back to hotel, current POI 广东花都湖国家湿地公园, hotel arrived time: 24:31
The current time is too late to go hotel or back-transport, backtrack...
add_attraction failed, backtrack...
The current time is too late...
Can not go back to hotel, current POI 深井古村, hotel arrived time: 24:40
The current time is too late to go hotel or back-transport, backtrack...
add_attraction failed, backtrack...
Can not go back to hotel, current POI 深井古村, hotel arrived time: 24:10
The current time is too late to go hotel or back-transport, backtrack...
add_attraction failed, backtrack...
The current time is too late...
Can not go back to hotel, current POI 龟岗民国建筑群, hotel arrived time: 26:17
The current time is too late to go hotel or back-transport, backtrack...
add_attraction failed, backtrack...
Can not go back to hotel, current POI 龟岗民国建筑群, hotel arrived time: 26:05
The current time is too late to go hotel or back-transport, backtrack...
add_attraction failed, backtrack...
Can not go back to hotel, current POI 龟岗民国建筑群, hotel arrived time: 26:34
The current time is too late to go hotel or back-transport, backtrack...
add_attraction failed, backtrack...
Can not go back to hotel, current POI 天河大观湿地公园, hotel arrived time: 24:11
The current time is too late to go hotel or back-transport, backtrack...
add_attraction failed, backtrack...
candidates_type:  ['attraction', 'hotel']
POI planning, day 0 21:34, 天河大观湿地公园, next-poi type: hotel
candidates_type:  ['attraction', 'lunch', 'dinner', 'back-intercity-transport']
POI planning, day 1 08:30, 骏业国际公寓, next-poi type: attraction
candidates_type:  ['attraction', 'lunch', 'dinner', 'back-intercity-transport']
POI planning, day 1 11:26, 广东中医药博物馆, next-poi type: lunch
candidates_type:  ['attraction', 'dinner', 'back-intercity-transport']
POI planning, day 1 12:57, COLINMINT简悦厨(维多利广场店), next-poi type: attraction
candidates_type:  ['attraction', 'dinner', 'back-intercity-transport']
POI planning, day 1 14:41, 广州起义烈士陵园, next-poi type: attraction
candidates_type:  ['attraction', 'dinner', 'back-intercity-transport']
POI planning, day 1 16:35, 奈尔宝家庭中心(悦汇城店), next-poi type: dinner
candidates_type:  ['attraction', 'back-intercity-transport']
POI planning, day 1 18:03, 乐凯撒披萨(万国广场店), next-poi type: attraction
Can not go back source-city in time, current POI 广州翔云跳伞俱乐部(增城基地), station arrived time: 24:06
The current time is too late to go hotel or back-transport, backtrack...
add_attraction failed, backtrack...
Can not go back source-city in time, current POI 广州翔云跳伞俱乐部(增城基地), station arrived time: 34:06
The current time is too late to go hotel or back-transport, backtrack...
add_attraction failed, backtrack...
The current time is too late...
Can not go back source-city in time, current POI 南沙慧谷超级堤, station arrived time: 23:33
The current time is too late to go hotel or back-transport, backtrack...
add_attraction failed, backtrack...
Can not go back source-city in time, current POI 南沙慧谷超级堤, station arrived time: 29:41
The current time is too late to go hotel or back-transport, backtrack...
add_attraction failed, backtrack...
The current time is too late...
Can not go back source-city in time, current POI 鱼珠码头, station arrived time: 24:30
The current time is too late to go hotel or back-transport, backtrack...
add_attraction failed, backtrack...
Can not go back source-city in time, current POI 鱼珠码头, station arrived time: 24:11
The current time is too late to go hotel or back-transport, backtrack...
add_attraction failed, backtrack...
The current time is too late...
Can not go back source-city in time, current POI 广州8号艺术晒谷场, station arrived time: 24:18
The current time is too late to go hotel or back-transport, backtrack...
add_attraction failed, backtrack...
Can not go back source-city in time, current POI 广州8号艺术晒谷场, station arrived time: 23:37
The current time is too late to go hotel or back-transport, backtrack...
add_attraction failed, backtrack...
The current time is too late...
The current time is too late...
Can not go back source-city in time, current POI 南沙十九涌, station arrived time: 25:31
The current time is too late to go hotel or back-transport, backtrack...
add_attraction failed, backtrack...
The current time is too late...
Can not go back source-city in time, current POI 石基, station arrived time: 24:35
The current time is too late to go hotel or back-transport, backtrack...
add_attraction failed, backtrack...
Can not go back source-city in time, current POI 石基, station arrived time: 23:33
The current time is too late to go hotel or back-transport, backtrack...
add_attraction failed, backtrack...
The current time is too late...
Can not go back source-city in time, current POI 南沙大角山海滨公园, station arrived time: 23:34
The current time is too late to go hotel or back-transport, backtrack...
add_attraction failed, backtrack...
Can not go back source-city in time, current POI 南沙大角山海滨公园, station arrived time: 29:48
The current time is too late to go hotel or back-transport, backtrack...
add_attraction failed, backtrack...
The current time is too late...
Can not go back source-city in time, current POI 海傍水乡, station arrived time: 25:01
The current time is too late to go hotel or back-transport, backtrack...
add_attraction failed, backtrack...
Can not go back source-city in time, current POI 海傍水乡, station arrived time: 24:28
The current time is too late to go hotel or back-transport, backtrack...
add_attraction failed, backtrack...
The current time is too late...
Can not go back source-city in time, current POI 虎门大桥, station arrived time: 23:54
The current time is too late to go hotel or back-transport, backtrack...
add_attraction failed, backtrack...
Can not go back source-city in time, current POI 虎门大桥, station arrived time: 29:04
The current time is too late to go hotel or back-transport, backtrack...
add_attraction failed, backtrack...
The current time is too late...
Out of search_width [10], break
validate the plan [for query e20241028160845920703]: 
{'people_number': 1, 'start_city': '深圳', 'target_city': '广州', 'itinerary': [{'day': 1, 'activities': [{'start_time': '07:26', 'end_time': '08:49', 'start': '深圳站', 'end': '广州东站', 'price': 46.89, 'cost': 46.89, 'tickets': 1, 'transports': [], 'TrainID': 'C7074', 'type': 'train'}, {'position': '岭南金融博物馆', 'type': 'attraction', 'price': 0, 'cost': 0, 'start_time': '09:13', 'end_time': '10:43', 'transports': [{'start': '广州东站', 'end': '燕塘-地铁站', 'mode': 'walk', 'start_time': '08:49', 'end_time': '08:56', 'cost': 0, 'distance': 0.66, 'price': 0}, {'start': '燕塘-地铁站', 'end': '农讲所-地铁站', 'mode': 'metro', 'start_time': '08:56', 'end_time': '09:08', 'cost': 3, 'distance': 6.44, 'price': 3, 'tickets': 1}, {'start': '农讲所-地铁站', 'end': '岭南金融博物馆', 'mode': 'walk', 'start_time': '09:08', 'end_time': '09:13', 'cost': 0, 'distance': 0.47, 'price': 0}], 'tickets': 1}, {'position': '隴熙火锅(珠江新城店)', 'type': 'lunch', 'price': 199, 'cost': 199, 'start_time': '11:09', 'end_time': '12:09', 'transports': [{'start': '岭南金融博物馆', 'end': '农讲所-地铁站', 'mode': 'walk', 'start_time': '10:43', 'end_time': '10:48', 'cost': 0, 'distance': 0.47, 'price': 0}, {'start': '农讲所-地铁站', 'end': '石牌桥-地铁站', 'mode': 'metro', 'start_time': '10:48', 'end_time': '10:59', 'cost': 3, 'distance': 5.83, 'price': 3, 'tickets': 1}, {'start': '石牌桥-地铁站', 'end': '隴熙火锅(珠江新城店)', 'mode': 'walk', 'start_time': '10:59', 'end_time': '11:09', 'cost': 0, 'distance': 0.91, 'price': 0}]}, {'position': '珠江夜游省总码头', 'type': 'attraction', 'price': 0, 'cost': 0, 'start_time': '17:00', 'end_time': '18:30', 'transports': [{'start': '隴熙火锅(珠江新城店)', 'end': '石牌桥-地铁站', 'mode': 'walk', 'start_time': '12:09', 'end_time': '12:19', 'cost': 0, 'distance': 0.91, 'price': 0}, {'start': '石牌桥-地铁站', 'end': '北京路-地铁站', 'mode': 'metro', 'start_time': '12:19', 'end_time': '12:32', 'cost': 3, 'distance': 6.53, 'price': 3, 'tickets': 1}, {'start': '北京路-地铁站', 'end': '珠江夜游省总码头', 'mode': 'walk', 'start_time': '12:32', 'end_time': '12:34', 'cost': 0, 'distance': 0.23, 'price': 0}], 'tickets': 1}, {'position': 'EGGY·蛋料理食所', 'type': 'dinner', 'price': 40, 'cost': 40, 'start_time': '18:46', 'end_time': '19:46', 'transports': [{'start': '珠江夜游省总码头', 'end': '北京路-地铁站', 'mode': 'walk', 'start_time': '18:30', 'end_time': '18:32', 'cost': 0, 'distance': 0.23, 'price': 0}, {'start': '北京路-地铁站', 'end': '天河南-地铁站', 'mode': 'metro', 'start_time': '18:32', 'end_time': '18:43', 'cost': 3, 'distance': 5.73, 'price': 3, 'tickets': 1}, {'start': '天河南-地铁站', 'end': 'EGGY·蛋料理食所', 'mode': 'walk', 'start_time': '18:43', 'end_time': '18:46', 'cost': 0, 'distance': 0.28, 'price': 0}]}, {'position': '天河大观湿地公园', 'type': 'attraction', 'price': 0, 'cost': 0, 'start_time': '20:04', 'end_time': '21:34', 'transports': [{'start': 'EGGY·蛋料理食所', 'end': '天河大观湿地公园', 'mode': 'taxi', 'start_time': '19:46', 'end_time': '20:04', 'cost': 49.44, 'distance': 12.16, 'price': 49.44, 'cars': 1}], 'tickets': 1}, {'position': '骏业国际公寓', 'type': 'accommodation', 'price': 168, 'cost': 168, 'start_time': '23:04', 'end_time': '24:00', 'transports': [{'start': '天河大观湿地公园', 'end': '黄陂-地铁站', 'mode': 'walk', 'start_time': '21:34', 'end_time': '21:40', 'cost': 0, 'distance': 0.56, 'price': 0}, {'start': '黄陂-地铁站', 'end': '南岗-地铁站', 'mode': 'metro', 'start_time': '21:40', 'end_time': '22:10', 'cost': 5, 'distance': 15.1, 'price': 5, 'tickets': 1}, {'start': '南岗-地铁站', 'end': '骏业国际公寓', 'mode': 'walk', 'start_time': '22:10', 'end_time': '23:04', 'cost': 0, 'distance': 4.58, 'price': 0}], 'room_type': 1, 'rooms': 1}]}, {'day': 2, 'activities': [{'position': '骏业国际公寓', 'type': 'breakfast', 'price': 0, 'cost': 0, 'start_time': '08:00', 'end_time': '08:30', 'transports': []}, {'position': '广东中医药博物馆', 'type': 'attraction', 'price': 0, 'cost': 0, 'start_time': '09:56', 'end_time': '11:26', 'transports': [{'start': '骏业国际公寓', 'end': '南岗-地铁站', 'mode': 'walk', 'start_time': '08:30', 'end_time': '09:24', 'cost': 0, 'distance': 4.58, 'price': 0}, {'start': '南岗-地铁站', 'end': '深井-地铁站', 'mode': 'metro', 'start_time': '09:24', 'end_time': '09:51', 'cost': 4, 'distance': 13.83, 'price': 4, 'tickets': 1}, {'start': '深井-地铁站', 'end': '广东中医药博物馆', 'mode': 'walk', 'start_time': '09:51', 'end_time': '09:56', 'cost': 0, 'distance': 0.46, 'price': 0}], 'tickets': 1}, {'position': 'COLINMINT简悦厨(维多利广场店)', 'type': 'lunch', 'price': 99, 'cost': 99, 'start_time': '11:57', 'end_time': '12:57', 'transports': [{'start': '广东中医药博物馆', 'end': '深井-地铁站', 'mode': 'walk', 'start_time': '11:26', 'end_time': '11:31', 'cost': 0, 'distance': 0.46, 'price': 0}, {'start': '深井-地铁站', 'end': '体育中心南-地铁站', 'mode': 'metro', 'start_time': '11:31', 'end_time': '11:53', 'cost': 4, 'distance': 11.36, 'price': 4, 'tickets': 1}, {'start': '体育中心南-地铁站', 'end': 'COLINMINT简悦厨(维多利广场店)', 'mode': 'walk', 'start_time': '11:53', 'end_time': '11:57', 'cost': 0, 'distance': 0.35, 'price': 0}]}, {'position': '广州起义烈士陵园', 'type': 'attraction', 'price': 0, 'cost': 0, 'start_time': '13:11', 'end_time': '14:41', 'transports': [{'start': 'COLINMINT简悦厨(维多利广场店)', 'end': '体育中心南-地铁站', 'mode': 'walk', 'start_time': '12:57', 'end_time': '13:01', 'cost': 0, 'distance': 0.35, 'price': 0}, {'start': '体育中心南-地铁站', 'end': '区庄-地铁站', 'mode': 'metro', 'start_time': '13:01', 'end_time': '13:06', 'cost': 2, 'distance': 2.83, 'price': 2, 'tickets': 1}, {'start': '区庄-地铁站', 'end': '广州起义烈士陵园', 'mode': 'walk', 'start_time': '13:06', 'end_time': '13:11', 'cost': 0, 'distance': 0.48, 'price': 0}], 'tickets': 1}, {'position': '奈尔宝家庭中心(悦汇城店)', 'type': 'attraction', 'price': 0, 'cost': 0, 'start_time': '15:05', 'end_time': '16:35', 'transports': [{'start': '广州起义烈士陵园', 'end': '区庄-地铁站', 'mode': 'walk', 'start_time': '14:41', 'end_time': '14:46', 'cost': 0, 'distance': 0.48, 'price': 0}, {'start': '区庄-地铁站', 'end': '三元里-地铁站', 'mode': 'metro', 'start_time': '14:46', 'end_time': '14:55', 'cost': 3, 'distance': 4.93, 'price': 3, 'tickets': 1}, {'start': '三元里-地铁站', 'end': '奈尔宝家庭中心(悦汇城店)', 'mode': 'walk', 'start_time': '14:55', 'end_time': '15:05', 'cost': 0, 'distance': 0.85, 'price': 0}], 'tickets': 1}, {'position': '乐凯撒披萨(万国广场店)', 'type': 'dinner', 'price': 60, 'cost': 60, 'start_time': '17:03', 'end_time': '18:03', 'transports': [{'start': '奈尔宝家庭中心(悦汇城店)', 'end': '三元里-地铁站', 'mode': 'walk', 'start_time': '16:35', 'end_time': '16:45', 'cost': 0, 'distance': 0.85, 'price': 0}, {'start': '三元里-地铁站', 'end': '市二宫-地铁站', 'mode': 'metro', 'start_time': '16:45', 'end_time': '16:57', 'cost': 3, 'distance': 6.06, 'price': 3, 'tickets': 1}, {'start': '市二宫-地铁站', 'end': '乐凯撒披萨(万国广场店)', 'mode': 'walk', 'start_time': '16:57', 'end_time': '17:03', 'cost': 0, 'distance': 0.56, 'price': 0}]}, {'start_time': '23:28', 'end_time': '23:57', 'start': '广州南站', 'end': '深圳北站', 'price': 67.73, 'cost': 67.73, 'tickets': 1, 'transports': [{'start': '乐凯撒披萨(万国广场店)', 'end': '市二宫-地铁站', 'mode': 'walk', 'start_time': '18:03', 'end_time': '18:09', 'cost': 0, 'distance': 0.56, 'price': 0}, {'start': '市二宫-地铁站', 'end': '广州南站-地铁站', 'mode': 'metro', 'start_time': '18:09', 'end_time': '18:34', 'cost': 4, 'distance': 12.98, 'price': 4, 'tickets': 1}, {'start': '广州南站-地铁站', 'end': '广州南站', 'mode': 'walk', 'start_time': '18:34', 'end_time': '18:36', 'cost': 0, 'distance': 0.19, 'price': 0}], 'TrainID': 'G6025', 'type': 'train'}]}]}
Activity grounding passed!
Intercity_transport passed!
Attractions passed!
Hotels passed!
Restaurants passed!
Innercity transport  passed!
Time passed!
Space passed!
{'days': 2, 'people_number': 1, 'cost': 767.06, 'transport_type': {'taxi', 'metro'}, 'intercity_transport': {'train'}, 'train_type': {'C', 'G'}, 'food_type': {'西餐', '快餐简餐', '火锅'}, 'spot_type': {'人文景观', '博物馆/纪念馆', '游乐园/体育娱乐', '公园', '红色景点'}, 'hotel_feature': {'免费停车'}, 'food_price': 79.6, 'hotel_price': 168.0, 'hotel_names': {'骏业国际公寓'}, 'restaurant_names': {'骏业国际公寓', 'COLINMINT简悦厨(维多利广场店)', '乐凯撒披萨(万国广场店)', '隴熙火锅(珠江新城店)', 'EGGY·蛋料理食所'}, 'attraction_names': {'岭南金融博物馆', '广东中医药博物馆', '广州起义烈士陵园', '珠江夜游省总码头', '天河大观湿地公园', '奈尔宝家庭中心(悦汇城店)'}, 'tickets': 1, 'rooms': 1, 'room_type': 1}
[True, True, True, True, True, True]
result=(day_count(plan)==2) passed!
result=(people_count(plan)==1) passed!
total=0
for activity in allactivities(plan):
 total+=activity_cost(activity)
 total+=innercity_transport_cost(activity_transports(activity))
result=(total<=1000) passed!
result=True
for activity in allactivities(plan):
 if activity_type(activity)=="accommodation" and room_count(activity)!=1: result=False passed!
result=True
for activity in allactivities(plan):
 if activity_type(activity)=="accommodation" and room_type(activity)!=1: result=False passed!
found=False
for activity in allactivities(plan):
 if activity_type(activity) in ["breakfast","lunch","dinner"] and restaurant_type(activity,target_city(plan))=="火锅": found=True
result=found passed!

 Pass! 

True {'people_number': 1, 'start_city': '深圳', 'target_city': '广州', 'itinerary': [{'day': 1, 'activities': [{'start_time': '07:26', 'end_time': '08:49', 'start': '深圳站', 'end': '广州东站', 'price': 46.89, 'cost': 46.89, 'tickets': 1, 'transports': [], 'TrainID': 'C7074', 'type': 'train'}, {'position': '岭南金融博物馆', 'type': 'attraction', 'price': 0, 'cost': 0, 'start_time': '09:13', 'end_time': '10:43', 'transports': [{'start': '广州东站', 'end': '燕塘-地铁站', 'mode': 'walk', 'start_time': '08:49', 'end_time': '08:56', 'cost': 0, 'distance': 0.66, 'price': 0}, {'start': '燕塘-地铁站', 'end': '农讲所-地铁站', 'mode': 'metro', 'start_time': '08:56', 'end_time': '09:08', 'cost': 3, 'distance': 6.44, 'price': 3, 'tickets': 1}, {'start': '农讲所-地铁站', 'end': '岭南金融博物馆', 'mode': 'walk', 'start_time': '09:08', 'end_time': '09:13', 'cost': 0, 'distance': 0.47, 'price': 0}], 'tickets': 1}, {'position': '隴熙火锅(珠江新城店)', 'type': 'lunch', 'price': 199, 'cost': 199, 'start_time': '11:09', 'end_time': '12:09', 'transports': [{'start': '岭南金融博物馆', 'end': '农讲所-地铁站', 'mode': 'walk', 'start_time': '10:43', 'end_time': '10:48', 'cost': 0, 'distance': 0.47, 'price': 0}, {'start': '农讲所-地铁站', 'end': '石牌桥-地铁站', 'mode': 'metro', 'start_time': '10:48', 'end_time': '10:59', 'cost': 3, 'distance': 5.83, 'price': 3, 'tickets': 1}, {'start': '石牌桥-地铁站', 'end': '隴熙火锅(珠江新城店)', 'mode': 'walk', 'start_time': '10:59', 'end_time': '11:09', 'cost': 0, 'distance': 0.91, 'price': 0}]}, {'position': '珠江夜游省总码头', 'type': 'attraction', 'price': 0, 'cost': 0, 'start_time': '17:00', 'end_time': '18:30', 'transports': [{'start': '隴熙火锅(珠江新城店)', 'end': '石牌桥-地铁站', 'mode': 'walk', 'start_time': '12:09', 'end_time': '12:19', 'cost': 0, 'distance': 0.91, 'price': 0}, {'start': '石牌桥-地铁站', 'end': '北京路-地铁站', 'mode': 'metro', 'start_time': '12:19', 'end_time': '12:32', 'cost': 3, 'distance': 6.53, 'price': 3, 'tickets': 1}, {'start': '北京路-地铁站', 'end': '珠江夜游省总码头', 'mode': 'walk', 'start_time': '12:32', 'end_time': '12:34', 'cost': 0, 'distance': 0.23, 'price': 0}], 'tickets': 1}, {'position': 'EGGY·蛋料理食所', 'type': 'dinner', 'price': 40, 'cost': 40, 'start_time': '18:46', 'end_time': '19:46', 'transports': [{'start': '珠江夜游省总码头', 'end': '北京路-地铁站', 'mode': 'walk', 'start_time': '18:30', 'end_time': '18:32', 'cost': 0, 'distance': 0.23, 'price': 0}, {'start': '北京路-地铁站', 'end': '天河南-地铁站', 'mode': 'metro', 'start_time': '18:32', 'end_time': '18:43', 'cost': 3, 'distance': 5.73, 'price': 3, 'tickets': 1}, {'start': '天河南-地铁站', 'end': 'EGGY·蛋料理食所', 'mode': 'walk', 'start_time': '18:43', 'end_time': '18:46', 'cost': 0, 'distance': 0.28, 'price': 0}]}, {'position': '天河大观湿地公园', 'type': 'attraction', 'price': 0, 'cost': 0, 'start_time': '20:04', 'end_time': '21:34', 'transports': [{'start': 'EGGY·蛋料理食所', 'end': '天河大观湿地公园', 'mode': 'taxi', 'start_time': '19:46', 'end_time': '20:04', 'cost': 49.44, 'distance': 12.16, 'price': 49.44, 'cars': 1}], 'tickets': 1}, {'position': '骏业国际公寓', 'type': 'accommodation', 'price': 168, 'cost': 168, 'start_time': '23:04', 'end_time': '24:00', 'transports': [{'start': '天河大观湿地公园', 'end': '黄陂-地铁站', 'mode': 'walk', 'start_time': '21:34', 'end_time': '21:40', 'cost': 0, 'distance': 0.56, 'price': 0}, {'start': '黄陂-地铁站', 'end': '南岗-地铁站', 'mode': 'metro', 'start_time': '21:40', 'end_time': '22:10', 'cost': 5, 'distance': 15.1, 'price': 5, 'tickets': 1}, {'start': '南岗-地铁站', 'end': '骏业国际公寓', 'mode': 'walk', 'start_time': '22:10', 'end_time': '23:04', 'cost': 0, 'distance': 4.58, 'price': 0}], 'room_type': 1, 'rooms': 1}]}, {'day': 2, 'activities': [{'position': '骏业国际公寓', 'type': 'breakfast', 'price': 0, 'cost': 0, 'start_time': '08:00', 'end_time': '08:30', 'transports': []}, {'position': '广东中医药博物馆', 'type': 'attraction', 'price': 0, 'cost': 0, 'start_time': '09:56', 'end_time': '11:26', 'transports': [{'start': '骏业国际公寓', 'end': '南岗-地铁站', 'mode': 'walk', 'start_time': '08:30', 'end_time': '09:24', 'cost': 0, 'distance': 4.58, 'price': 0}, {'start': '南岗-地铁站', 'end': '深井-地铁站', 'mode': 'metro', 'start_time': '09:24', 'end_time': '09:51', 'cost': 4, 'distance': 13.83, 'price': 4, 'tickets': 1}, {'start': '深井-地铁站', 'end': '广东中医药博物馆', 'mode': 'walk', 'start_time': '09:51', 'end_time': '09:56', 'cost': 0, 'distance': 0.46, 'price': 0}], 'tickets': 1}, {'position': 'COLINMINT简悦厨(维多利广场店)', 'type': 'lunch', 'price': 99, 'cost': 99, 'start_time': '11:57', 'end_time': '12:57', 'transports': [{'start': '广东中医药博物馆', 'end': '深井-地铁站', 'mode': 'walk', 'start_time': '11:26', 'end_time': '11:31', 'cost': 0, 'distance': 0.46, 'price': 0}, {'start': '深井-地铁站', 'end': '体育中心南-地铁站', 'mode': 'metro', 'start_time': '11:31', 'end_time': '11:53', 'cost': 4, 'distance': 11.36, 'price': 4, 'tickets': 1}, {'start': '体育中心南-地铁站', 'end': 'COLINMINT简悦厨(维多利广场店)', 'mode': 'walk', 'start_time': '11:53', 'end_time': '11:57', 'cost': 0, 'distance': 0.35, 'price': 0}]}, {'position': '广州起义烈士陵园', 'type': 'attraction', 'price': 0, 'cost': 0, 'start_time': '13:11', 'end_time': '14:41', 'transports': [{'start': 'COLINMINT简悦厨(维多利广场店)', 'end': '体育中心南-地铁站', 'mode': 'walk', 'start_time': '12:57', 'end_time': '13:01', 'cost': 0, 'distance': 0.35, 'price': 0}, {'start': '体育中心南-地铁站', 'end': '区庄-地铁站', 'mode': 'metro', 'start_time': '13:01', 'end_time': '13:06', 'cost': 2, 'distance': 2.83, 'price': 2, 'tickets': 1}, {'start': '区庄-地铁站', 'end': '广州起义烈士陵园', 'mode': 'walk', 'start_time': '13:06', 'end_time': '13:11', 'cost': 0, 'distance': 0.48, 'price': 0}], 'tickets': 1}, {'position': '奈尔宝家庭中心(悦汇城店)', 'type': 'attraction', 'price': 0, 'cost': 0, 'start_time': '15:05', 'end_time': '16:35', 'transports': [{'start': '广州起义烈士陵园', 'end': '区庄-地铁站', 'mode': 'walk', 'start_time': '14:41', 'end_time': '14:46', 'cost': 0, 'distance': 0.48, 'price': 0}, {'start': '区庄-地铁站', 'end': '三元里-地铁站', 'mode': 'metro', 'start_time': '14:46', 'end_time': '14:55', 'cost': 3, 'distance': 4.93, 'price': 3, 'tickets': 1}, {'start': '三元里-地铁站', 'end': '奈尔宝家庭中心(悦汇城店)', 'mode': 'walk', 'start_time': '14:55', 'end_time': '15:05', 'cost': 0, 'distance': 0.85, 'price': 0}], 'tickets': 1}, {'position': '乐凯撒披萨(万国广场店)', 'type': 'dinner', 'price': 60, 'cost': 60, 'start_time': '17:03', 'end_time': '18:03', 'transports': [{'start': '奈尔宝家庭中心(悦汇城店)', 'end': '三元里-地铁站', 'mode': 'walk', 'start_time': '16:35', 'end_time': '16:45', 'cost': 0, 'distance': 0.85, 'price': 0}, {'start': '三元里-地铁站', 'end': '市二宫-地铁站', 'mode': 'metro', 'start_time': '16:45', 'end_time': '16:57', 'cost': 3, 'distance': 6.06, 'price': 3, 'tickets': 1}, {'start': '市二宫-地铁站', 'end': '乐凯撒披萨(万国广场店)', 'mode': 'walk', 'start_time': '16:57', 'end_time': '17:03', 'cost': 0, 'distance': 0.56, 'price': 0}]}, {'start_time': '23:28', 'end_time': '23:57', 'start': '广州南站', 'end': '深圳北站', 'price': 67.73, 'cost': 67.73, 'tickets': 1, 'transports': [{'start': '乐凯撒披萨(万国广场店)', 'end': '市二宫-地铁站', 'mode': 'walk', 'start_time': '18:03', 'end_time': '18:09', 'cost': 0, 'distance': 0.56, 'price': 0}, {'start': '市二宫-地铁站', 'end': '广州南站-地铁站', 'mode': 'metro', 'start_time': '18:09', 'end_time': '18:34', 'cost': 4, 'distance': 12.98, 'price': 4, 'tickets': 1}, {'start': '广州南站-地铁站', 'end': '广州南站', 'mode': 'walk', 'start_time': '18:34', 'end_time': '18:36', 'cost': 0, 'distance': 0.19, 'price': 0}], 'TrainID': 'G6025', 'type': 'train'}]}], 'search_time_sec': 6.179691791534424, 'llm_inference_time_sec': 0}
True {'people_number': 1, 'start_city': '深圳', 'target_city': '广州', 'itinerary': [{'day': 1, 'activities': [{'start_time': '07:26', 'end_time': '08:49', 'start': '深圳站', 'end': '广州东站', 'price': 46.89, 'cost': 46.89, 'tickets': 1, 'transports': [], 'TrainID': 'C7074', 'type': 'train'}, {'position': '岭南金融博物馆', 'type': 'attraction', 'price': 0, 'cost': 0, 'start_time': '09:13', 'end_time': '10:43', 'transports': [{'start': '广州东站', 'end': '燕塘-地铁站', 'mode': 'walk', 'start_time': '08:49', 'end_time': '08:56', 'cost': 0, 'distance': 0.66, 'price': 0}, {'start': '燕塘-地铁站', 'end': '农讲所-地铁站', 'mode': 'metro', 'start_time': '08:56', 'end_time': '09:08', 'cost': 3, 'distance': 6.44, 'price': 3, 'tickets': 1}, {'start': '农讲所-地铁站', 'end': '岭南金融博物馆', 'mode': 'walk', 'start_time': '09:08', 'end_time': '09:13', 'cost': 0, 'distance': 0.47, 'price': 0}], 'tickets': 1}, {'position': '隴熙火锅(珠江新城店)', 'type': 'lunch', 'price': 199, 'cost': 199, 'start_time': '11:09', 'end_time': '12:09', 'transports': [{'start': '岭南金融博物馆', 'end': '农讲所-地铁站', 'mode': 'walk', 'start_time': '10:43', 'end_time': '10:48', 'cost': 0, 'distance': 0.47, 'price': 0}, {'start': '农讲所-地铁站', 'end': '石牌桥-地铁站', 'mode': 'metro', 'start_time': '10:48', 'end_time': '10:59', 'cost': 3, 'distance': 5.83, 'price': 3, 'tickets': 1}, {'start': '石牌桥-地铁站', 'end': '隴熙火锅(珠江新城店)', 'mode': 'walk', 'start_time': '10:59', 'end_time': '11:09', 'cost': 0, 'distance': 0.91, 'price': 0}]}, {'position': '珠江夜游省总码头', 'type': 'attraction', 'price': 0, 'cost': 0, 'start_time': '17:00', 'end_time': '18:30', 'transports': [{'start': '隴熙火锅(珠江新城店)', 'end': '石牌桥-地铁站', 'mode': 'walk', 'start_time': '12:09', 'end_time': '12:19', 'cost': 0, 'distance': 0.91, 'price': 0}, {'start': '石牌桥-地铁站', 'end': '北京路-地铁站', 'mode': 'metro', 'start_time': '12:19', 'end_time': '12:32', 'cost': 3, 'distance': 6.53, 'price': 3, 'tickets': 1}, {'start': '北京路-地铁站', 'end': '珠江夜游省总码头', 'mode': 'walk', 'start_time': '12:32', 'end_time': '12:34', 'cost': 0, 'distance': 0.23, 'price': 0}], 'tickets': 1}, {'position': 'EGGY·蛋料理食所', 'type': 'dinner', 'price': 40, 'cost': 40, 'start_time': '18:46', 'end_time': '19:46', 'transports': [{'start': '珠江夜游省总码头', 'end': '北京路-地铁站', 'mode': 'walk', 'start_time': '18:30', 'end_time': '18:32', 'cost': 0, 'distance': 0.23, 'price': 0}, {'start': '北京路-地铁站', 'end': '天河南-地铁站', 'mode': 'metro', 'start_time': '18:32', 'end_time': '18:43', 'cost': 3, 'distance': 5.73, 'price': 3, 'tickets': 1}, {'start': '天河南-地铁站', 'end': 'EGGY·蛋料理食所', 'mode': 'walk', 'start_time': '18:43', 'end_time': '18:46', 'cost': 0, 'distance': 0.28, 'price': 0}]}, {'position': '天河大观湿地公园', 'type': 'attraction', 'price': 0, 'cost': 0, 'start_time': '20:04', 'end_time': '21:34', 'transports': [{'start': 'EGGY·蛋料理食所', 'end': '天河大观湿地公园', 'mode': 'taxi', 'start_time': '19:46', 'end_time': '20:04', 'cost': 49.44, 'distance': 12.16, 'price': 49.44, 'cars': 1}], 'tickets': 1}, {'position': '骏业国际公寓', 'type': 'accommodation', 'price': 168, 'cost': 168, 'start_time': '23:04', 'end_time': '24:00', 'transports': [{'start': '天河大观湿地公园', 'end': '黄陂-地铁站', 'mode': 'walk', 'start_time': '21:34', 'end_time': '21:40', 'cost': 0, 'distance': 0.56, 'price': 0}, {'start': '黄陂-地铁站', 'end': '南岗-地铁站', 'mode': 'metro', 'start_time': '21:40', 'end_time': '22:10', 'cost': 5, 'distance': 15.1, 'price': 5, 'tickets': 1}, {'start': '南岗-地铁站', 'end': '骏业国际公寓', 'mode': 'walk', 'start_time': '22:10', 'end_time': '23:04', 'cost': 0, 'distance': 4.58, 'price': 0}], 'room_type': 1, 'rooms': 1}]}, {'day': 2, 'activities': [{'position': '骏业国际公寓', 'type': 'breakfast', 'price': 0, 'cost': 0, 'start_time': '08:00', 'end_time': '08:30', 'transports': []}, {'position': '广东中医药博物馆', 'type': 'attraction', 'price': 0, 'cost': 0, 'start_time': '09:56', 'end_time': '11:26', 'transports': [{'start': '骏业国际公寓', 'end': '南岗-地铁站', 'mode': 'walk', 'start_time': '08:30', 'end_time': '09:24', 'cost': 0, 'distance': 4.58, 'price': 0}, {'start': '南岗-地铁站', 'end': '深井-地铁站', 'mode': 'metro', 'start_time': '09:24', 'end_time': '09:51', 'cost': 4, 'distance': 13.83, 'price': 4, 'tickets': 1}, {'start': '深井-地铁站', 'end': '广东中医药博物馆', 'mode': 'walk', 'start_time': '09:51', 'end_time': '09:56', 'cost': 0, 'distance': 0.46, 'price': 0}], 'tickets': 1}, {'position': 'COLINMINT简悦厨(维多利广场店)', 'type': 'lunch', 'price': 99, 'cost': 99, 'start_time': '11:57', 'end_time': '12:57', 'transports': [{'start': '广东中医药博物馆', 'end': '深井-地铁站', 'mode': 'walk', 'start_time': '11:26', 'end_time': '11:31', 'cost': 0, 'distance': 0.46, 'price': 0}, {'start': '深井-地铁站', 'end': '体育中心南-地铁站', 'mode': 'metro', 'start_time': '11:31', 'end_time': '11:53', 'cost': 4, 'distance': 11.36, 'price': 4, 'tickets': 1}, {'start': '体育中心南-地铁站', 'end': 'COLINMINT简悦厨(维多利广场店)', 'mode': 'walk', 'start_time': '11:53', 'end_time': '11:57', 'cost': 0, 'distance': 0.35, 'price': 0}]}, {'position': '广州起义烈士陵园', 'type': 'attraction', 'price': 0, 'cost': 0, 'start_time': '13:11', 'end_time': '14:41', 'transports': [{'start': 'COLINMINT简悦厨(维多利广场店)', 'end': '体育中心南-地铁站', 'mode': 'walk', 'start_time': '12:57', 'end_time': '13:01', 'cost': 0, 'distance': 0.35, 'price': 0}, {'start': '体育中心南-地铁站', 'end': '区庄-地铁站', 'mode': 'metro', 'start_time': '13:01', 'end_time': '13:06', 'cost': 2, 'distance': 2.83, 'price': 2, 'tickets': 1}, {'start': '区庄-地铁站', 'end': '广州起义烈士陵园', 'mode': 'walk', 'start_time': '13:06', 'end_time': '13:11', 'cost': 0, 'distance': 0.48, 'price': 0}], 'tickets': 1}, {'position': '奈尔宝家庭中心(悦汇城店)', 'type': 'attraction', 'price': 0, 'cost': 0, 'start_time': '15:05', 'end_time': '16:35', 'transports': [{'start': '广州起义烈士陵园', 'end': '区庄-地铁站', 'mode': 'walk', 'start_time': '14:41', 'end_time': '14:46', 'cost': 0, 'distance': 0.48, 'price': 0}, {'start': '区庄-地铁站', 'end': '三元里-地铁站', 'mode': 'metro', 'start_time': '14:46', 'end_time': '14:55', 'cost': 3, 'distance': 4.93, 'price': 3, 'tickets': 1}, {'start': '三元里-地铁站', 'end': '奈尔宝家庭中心(悦汇城店)', 'mode': 'walk', 'start_time': '14:55', 'end_time': '15:05', 'cost': 0, 'distance': 0.85, 'price': 0}], 'tickets': 1}, {'position': '乐凯撒披萨(万国广场店)', 'type': 'dinner', 'price': 60, 'cost': 60, 'start_time': '17:03', 'end_time': '18:03', 'transports': [{'start': '奈尔宝家庭中心(悦汇城店)', 'end': '三元里-地铁站', 'mode': 'walk', 'start_time': '16:35', 'end_time': '16:45', 'cost': 0, 'distance': 0.85, 'price': 0}, {'start': '三元里-地铁站', 'end': '市二宫-地铁站', 'mode': 'metro', 'start_time': '16:45', 'end_time': '16:57', 'cost': 3, 'distance': 6.06, 'price': 3, 'tickets': 1}, {'start': '市二宫-地铁站', 'end': '乐凯撒披萨(万国广场店)', 'mode': 'walk', 'start_time': '16:57', 'end_time': '17:03', 'cost': 0, 'distance': 0.56, 'price': 0}]}, {'start_time': '23:28', 'end_time': '23:57', 'start': '广州南站', 'end': '深圳北站', 'price': 67.73, 'cost': 67.73, 'tickets': 1, 'transports': [{'start': '乐凯撒披萨(万国广场店)', 'end': '市二宫-地铁站', 'mode': 'walk', 'start_time': '18:03', 'end_time': '18:09', 'cost': 0, 'distance': 0.56, 'price': 0}, {'start': '市二宫-地铁站', 'end': '广州南站-地铁站', 'mode': 'metro', 'start_time': '18:09', 'end_time': '18:34', 'cost': 4, 'distance': 12.98, 'price': 4, 'tickets': 1}, {'start': '广州南站-地铁站', 'end': '广州南站', 'mode': 'walk', 'start_time': '18:34', 'end_time': '18:36', 'cost': 0, 'distance': 0.19, 'price': 0}], 'TrainID': 'G6025', 'type': 'train'}]}], 'search_time_sec': 6.179691791534424, 'llm_inference_time_sec': 0}
