Created log directory: /Users/mac/Documents/6-Research/9-AutoDriving/9-AutoDriving-core/data/chinatravel_baseline12_20260912/planning/e20241028160312706595/logs
cache dir: /Users/mac/Documents/6-Research/9-AutoDriving/9-AutoDriving-core/data/chinatravel_baseline12_20260912/planning/e20241028160312706595/cache
重庆 -> 苏州
   id             name  ... price numbed
0   0      苏州东太湖智选假日酒店  ...   446      1
1   1        苏州王府金科大酒店  ...   475      1
2   2  金海华LOHAS 华屿东方酒店  ...   537      1
3   3     苏州新城花园丽呈华廷酒店  ...   612      2
4   4         苏州平江华府酒店  ...   657      2

[5 rows x 8 columns]
back_transport BeginTime earlier than go_transport EndTime, backtrack...
back_transport BeginTime earlier than go_transport EndTime, backtrack...
back_transport BeginTime earlier than go_transport EndTime, backtrack...
back_transport BeginTime earlier than go_transport EndTime, backtrack...
back_transport BeginTime earlier than go_transport EndTime, backtrack...
back_transport BeginTime earlier than go_transport EndTime, backtrack...
back_transport BeginTime earlier than go_transport EndTime, backtrack...
back_transport BeginTime earlier than go_transport EndTime, backtrack...
back_transport BeginTime earlier than go_transport EndTime, backtrack...
back_transport BeginTime earlier than go_transport EndTime, backtrack...
back_transport BeginTime earlier than go_transport EndTime, backtrack...
back_transport BeginTime earlier than go_transport EndTime, backtrack...
back_transport BeginTime earlier than go_transport EndTime, backtrack...
back_transport BeginTime earlier than go_transport EndTime, backtrack...
back_transport BeginTime earlier than go_transport EndTime, backtrack...
back_transport BeginTime earlier than go_transport EndTime, backtrack...
search: ...
candidates_type:  ['attraction', 'lunch', 'dinner', 'back-intercity-transport']
POI planning, day 0 09:41, 苏州站, next-poi type: back-intercity-transport
validate the plan [for query e20241028160312706595]: 
{'people_number': 1, 'start_city': '重庆', 'target_city': '苏州', 'itinerary': [{'day': 1, 'activities': [{'start_time': '07:28', 'end_time': '09:41', 'start': '重庆西站', 'end': '苏州站', 'price': 679.06, 'cost': 679.06, 'tickets': 1, 'transports': [], 'TrainID': 'T238', 'type': 'train'}, {'start_time': '11:40', 'end_time': '14:08', 'start': '苏州站', 'end': '重庆西站', 'price': 679.06, 'cost': 679.06, 'tickets': 1, 'transports': [], 'TrainID': 'T237', 'type': 'train'}]}]}
Activity grounding passed!
Intercity_transport passed!
Attractions passed!
Hotels passed!
Restaurants passed!
Innercity transport  passed!
Time passed!
Space passed!
{'days': 1, 'people_number': 1, 'cost': 1358.12, 'transport_type': set(), 'intercity_transport': {'train'}, 'train_type': {'T'}, 'food_type': set(), 'spot_type': set(), 'hotel_feature': set(), 'food_price': 0, 'hotel_price': 0, 'hotel_names': set(), 'restaurant_names': set(), 'attraction_names': set(), 'tickets': 1, 'rooms': None, 'room_type': None}
[True, True, True]
result=(day_count(plan)==1) passed!
result=(people_count(plan)==1) passed!
total=0
for activity in allactivities(plan):
 total+=activity_cost(activity)
 total+=innercity_transport_cost(activity_transports(activity))
result=(total<=1400) passed!

 Pass! 

True {'people_number': 1, 'start_city': '重庆', 'target_city': '苏州', 'itinerary': [{'day': 1, 'activities': [{'start_time': '07:28', 'end_time': '09:41', 'start': '重庆西站', 'end': '苏州站', 'price': 679.06, 'cost': 679.06, 'tickets': 1, 'transports': [], 'TrainID': 'T238', 'type': 'train'}, {'start_time': '11:40', 'end_time': '14:08', 'start': '苏州站', 'end': '重庆西站', 'price': 679.06, 'cost': 679.06, 'tickets': 1, 'transports': [], 'TrainID': 'T237', 'type': 'train'}]}], 'search_time_sec': 0.09040307998657227, 'llm_inference_time_sec': 0}
True {'people_number': 1, 'start_city': '重庆', 'target_city': '苏州', 'itinerary': [{'day': 1, 'activities': [{'start_time': '07:28', 'end_time': '09:41', 'start': '重庆西站', 'end': '苏州站', 'price': 679.06, 'cost': 679.06, 'tickets': 1, 'transports': [], 'TrainID': 'T238', 'type': 'train'}, {'start_time': '11:40', 'end_time': '14:08', 'start': '苏州站', 'end': '重庆西站', 'price': 679.06, 'cost': 679.06, 'tickets': 1, 'transports': [], 'TrainID': 'T237', 'type': 'train'}]}], 'search_time_sec': 0.09040307998657227, 'llm_inference_time_sec': 0}
