Created log directory: /Users/mac/Documents/6-Research/9-AutoDriving/9-AutoDriving-core/data/chinatravel_baseline12_20260912/planning/e20241028160300570125/logs
cache dir: /Users/mac/Documents/6-Research/9-AutoDriving/9-AutoDriving-core/data/chinatravel_baseline12_20260912/planning/e20241028160300570125/cache
南京 -> 武汉
   id             name  ... price numbed
0   0  臻程酒店(武汉汉阳江滩国博店)  ...   308      1
1   1    武汉江滩好百年美仑国际酒店  ...   499      1
2   2      武汉汉口温德姆花园酒店  ...   498      1
3   3           武汉会议中心  ...   518      1
4   4       武汉江滩世茂凡象酒店  ...   471      1

[5 rows x 8 columns]
search: ...
candidates_type:  ['attraction', 'lunch', 'dinner', 'back-intercity-transport']
POI planning, day 0 12:30, 武汉站, next-poi type: lunch
add_restaurant failed, backtrack...
candidates_type:  ['attraction', 'dinner', 'back-intercity-transport']
POI planning, day 0 13:48, 棠户小龙虾私房料理, next-poi type: attraction
candidates_type:  ['attraction', 'dinner', 'back-intercity-transport']
POI planning, day 0 15:33, 刘少奇同志旧居, next-poi type: attraction
Can not go back source-city in time, current POI 盛世欢乐世界, station arrived time: 22:37
The current time is too late to go hotel or back-transport, backtrack...
add_attraction failed, backtrack...
Can not go back source-city in time, current POI 盛世欢乐世界, station arrived time: 22:11
The current time is too late to go hotel or back-transport, backtrack...
add_attraction failed, backtrack...
Can not go back source-city in time, current POI 盛世欢乐世界, station arrived time: 20:42
The current time is too late to go hotel or back-transport, backtrack...
add_attraction failed, backtrack...
candidates_type:  ['attraction', 'dinner', 'back-intercity-transport']
POI planning, day 0 17:26, 洪山公园, next-poi type: back-intercity-transport
validate the plan [for query e20241028160300570125]: 
{'people_number': 1, 'start_city': '南京', 'target_city': '武汉', 'itinerary': [{'day': 1, 'activities': [{'start_time': '09:33', 'end_time': '12:30', 'start': '南京南站', 'end': '武汉站', 'price': 296.86, 'cost': 296.86, 'tickets': 1, 'transports': [], 'TrainID': 'G1549', 'type': 'train'}, {'position': '棠户小龙虾私房料理', 'type': 'lunch', 'price': 154, 'cost': 154, 'start_time': '12:48', 'end_time': '13:48', 'transports': [{'start': '武汉站', 'end': '棠户小龙虾私房料理', 'mode': 'taxi', 'start_time': '12:30', 'end_time': '12:48', 'cost': 51.1, 'distance': 12.53, 'price': 51.1, 'cars': 1}]}, {'position': '刘少奇同志旧居', 'type': 'attraction', 'price': 0, 'cost': 0, 'start_time': '14:03', 'end_time': '15:33', 'transports': [{'start': '棠户小龙虾私房料理', 'end': '江汉路-地铁站', 'mode': 'walk', 'start_time': '13:48', 'end_time': '13:57', 'cost': 0, 'distance': 0.76, 'price': 0}, {'start': '江汉路-地铁站', 'end': '三阳路-地铁站', 'mode': 'metro', 'start_time': '13:57', 'end_time': '14:01', 'cost': 2, 'distance': 2.29, 'price': 2, 'tickets': 1}, {'start': '三阳路-地铁站', 'end': '刘少奇同志旧居', 'mode': 'walk', 'start_time': '14:01', 'end_time': '14:03', 'cost': 0, 'distance': 0.19, 'price': 0}], 'tickets': 1}, {'position': '洪山公园', 'type': 'attraction', 'price': 0, 'cost': 0, 'start_time': '15:56', 'end_time': '17:26', 'transports': [{'start': '刘少奇同志旧居', 'end': '三阳路-地铁站', 'mode': 'walk', 'start_time': '15:33', 'end_time': '15:35', 'cost': 0, 'distance': 0.19, 'price': 0}, {'start': '三阳路-地铁站', 'end': '洪山路-地铁站', 'mode': 'metro', 'start_time': '15:35', 'end_time': '15:49', 'cost': 3, 'distance': 7.17, 'price': 3, 'tickets': 1}, {'start': '洪山路-地铁站', 'end': '洪山公园', 'mode': 'walk', 'start_time': '15:49', 'end_time': '15:56', 'cost': 0, 'distance': 0.62, 'price': 0}], 'tickets': 1}, {'start_time': '19:52', 'end_time': '22:37', 'start': '武汉站', 'end': '南京南站', 'price': 296.86, 'cost': 296.86, 'tickets': 1, 'transports': [{'start': '洪山公园', 'end': '洪山路-地铁站', 'mode': 'walk', 'start_time': '17:26', 'end_time': '17:33', 'cost': 0, 'distance': 0.62, 'price': 0}, {'start': '洪山路-地铁站', 'end': '武汉站东广场-地铁站', 'mode': 'metro', 'start_time': '17:33', 'end_time': '17:53', 'cost': 4, 'distance': 10.47, 'price': 4, 'tickets': 1}, {'start': '武汉站东广场-地铁站', 'end': '武汉站', 'mode': 'walk', 'start_time': '17:53', 'end_time': '17:55', 'cost': 0, 'distance': 0.19, 'price': 0}], 'TrainID': 'G1428', 'type': 'train'}]}]}
Activity grounding passed!
Intercity_transport passed!
Attractions passed!
Hotels passed!
Restaurants passed!
Innercity transport  passed!
Time passed!
Space passed!
{'days': 1, 'people_number': 1, 'cost': 807.82, 'transport_type': {'taxi', 'metro'}, 'intercity_transport': {'train'}, 'train_type': {'G'}, 'food_type': {'小吃'}, 'spot_type': {'红色景点', '公园'}, 'hotel_feature': set(), 'food_price': 154.0, 'hotel_price': 0, 'hotel_names': set(), 'restaurant_names': {'棠户小龙虾私房料理'}, 'attraction_names': {'刘少奇同志旧居', '洪山公园'}, 'tickets': 1, 'rooms': None, 'room_type': None}
[True, True, True]
result=(day_count(plan)==1) passed!
result=(people_count(plan)==1) passed!
total=0
for activity in allactivities(plan):
 total+=activity_cost(activity)
 total+=innercity_transport_cost(activity_transports(activity))
result=(total<=1500) passed!

 Pass! 

True {'people_number': 1, 'start_city': '南京', 'target_city': '武汉', 'itinerary': [{'day': 1, 'activities': [{'start_time': '09:33', 'end_time': '12:30', 'start': '南京南站', 'end': '武汉站', 'price': 296.86, 'cost': 296.86, 'tickets': 1, 'transports': [], 'TrainID': 'G1549', 'type': 'train'}, {'position': '棠户小龙虾私房料理', 'type': 'lunch', 'price': 154, 'cost': 154, 'start_time': '12:48', 'end_time': '13:48', 'transports': [{'start': '武汉站', 'end': '棠户小龙虾私房料理', 'mode': 'taxi', 'start_time': '12:30', 'end_time': '12:48', 'cost': 51.1, 'distance': 12.53, 'price': 51.1, 'cars': 1}]}, {'position': '刘少奇同志旧居', 'type': 'attraction', 'price': 0, 'cost': 0, 'start_time': '14:03', 'end_time': '15:33', 'transports': [{'start': '棠户小龙虾私房料理', 'end': '江汉路-地铁站', 'mode': 'walk', 'start_time': '13:48', 'end_time': '13:57', 'cost': 0, 'distance': 0.76, 'price': 0}, {'start': '江汉路-地铁站', 'end': '三阳路-地铁站', 'mode': 'metro', 'start_time': '13:57', 'end_time': '14:01', 'cost': 2, 'distance': 2.29, 'price': 2, 'tickets': 1}, {'start': '三阳路-地铁站', 'end': '刘少奇同志旧居', 'mode': 'walk', 'start_time': '14:01', 'end_time': '14:03', 'cost': 0, 'distance': 0.19, 'price': 0}], 'tickets': 1}, {'position': '洪山公园', 'type': 'attraction', 'price': 0, 'cost': 0, 'start_time': '15:56', 'end_time': '17:26', 'transports': [{'start': '刘少奇同志旧居', 'end': '三阳路-地铁站', 'mode': 'walk', 'start_time': '15:33', 'end_time': '15:35', 'cost': 0, 'distance': 0.19, 'price': 0}, {'start': '三阳路-地铁站', 'end': '洪山路-地铁站', 'mode': 'metro', 'start_time': '15:35', 'end_time': '15:49', 'cost': 3, 'distance': 7.17, 'price': 3, 'tickets': 1}, {'start': '洪山路-地铁站', 'end': '洪山公园', 'mode': 'walk', 'start_time': '15:49', 'end_time': '15:56', 'cost': 0, 'distance': 0.62, 'price': 0}], 'tickets': 1}, {'start_time': '19:52', 'end_time': '22:37', 'start': '武汉站', 'end': '南京南站', 'price': 296.86, 'cost': 296.86, 'tickets': 1, 'transports': [{'start': '洪山公园', 'end': '洪山路-地铁站', 'mode': 'walk', 'start_time': '17:26', 'end_time': '17:33', 'cost': 0, 'distance': 0.62, 'price': 0}, {'start': '洪山路-地铁站', 'end': '武汉站东广场-地铁站', 'mode': 'metro', 'start_time': '17:33', 'end_time': '17:53', 'cost': 4, 'distance': 10.47, 'price': 4, 'tickets': 1}, {'start': '武汉站东广场-地铁站', 'end': '武汉站', 'mode': 'walk', 'start_time': '17:53', 'end_time': '17:55', 'cost': 0, 'distance': 0.19, 'price': 0}], 'TrainID': 'G1428', 'type': 'train'}]}], 'search_time_sec': 0.8425719738006592, 'llm_inference_time_sec': 0}
True {'people_number': 1, 'start_city': '南京', 'target_city': '武汉', 'itinerary': [{'day': 1, 'activities': [{'start_time': '09:33', 'end_time': '12:30', 'start': '南京南站', 'end': '武汉站', 'price': 296.86, 'cost': 296.86, 'tickets': 1, 'transports': [], 'TrainID': 'G1549', 'type': 'train'}, {'position': '棠户小龙虾私房料理', 'type': 'lunch', 'price': 154, 'cost': 154, 'start_time': '12:48', 'end_time': '13:48', 'transports': [{'start': '武汉站', 'end': '棠户小龙虾私房料理', 'mode': 'taxi', 'start_time': '12:30', 'end_time': '12:48', 'cost': 51.1, 'distance': 12.53, 'price': 51.1, 'cars': 1}]}, {'position': '刘少奇同志旧居', 'type': 'attraction', 'price': 0, 'cost': 0, 'start_time': '14:03', 'end_time': '15:33', 'transports': [{'start': '棠户小龙虾私房料理', 'end': '江汉路-地铁站', 'mode': 'walk', 'start_time': '13:48', 'end_time': '13:57', 'cost': 0, 'distance': 0.76, 'price': 0}, {'start': '江汉路-地铁站', 'end': '三阳路-地铁站', 'mode': 'metro', 'start_time': '13:57', 'end_time': '14:01', 'cost': 2, 'distance': 2.29, 'price': 2, 'tickets': 1}, {'start': '三阳路-地铁站', 'end': '刘少奇同志旧居', 'mode': 'walk', 'start_time': '14:01', 'end_time': '14:03', 'cost': 0, 'distance': 0.19, 'price': 0}], 'tickets': 1}, {'position': '洪山公园', 'type': 'attraction', 'price': 0, 'cost': 0, 'start_time': '15:56', 'end_time': '17:26', 'transports': [{'start': '刘少奇同志旧居', 'end': '三阳路-地铁站', 'mode': 'walk', 'start_time': '15:33', 'end_time': '15:35', 'cost': 0, 'distance': 0.19, 'price': 0}, {'start': '三阳路-地铁站', 'end': '洪山路-地铁站', 'mode': 'metro', 'start_time': '15:35', 'end_time': '15:49', 'cost': 3, 'distance': 7.17, 'price': 3, 'tickets': 1}, {'start': '洪山路-地铁站', 'end': '洪山公园', 'mode': 'walk', 'start_time': '15:49', 'end_time': '15:56', 'cost': 0, 'distance': 0.62, 'price': 0}], 'tickets': 1}, {'start_time': '19:52', 'end_time': '22:37', 'start': '武汉站', 'end': '南京南站', 'price': 296.86, 'cost': 296.86, 'tickets': 1, 'transports': [{'start': '洪山公园', 'end': '洪山路-地铁站', 'mode': 'walk', 'start_time': '17:26', 'end_time': '17:33', 'cost': 0, 'distance': 0.62, 'price': 0}, {'start': '洪山路-地铁站', 'end': '武汉站东广场-地铁站', 'mode': 'metro', 'start_time': '17:33', 'end_time': '17:53', 'cost': 4, 'distance': 10.47, 'price': 4, 'tickets': 1}, {'start': '武汉站东广场-地铁站', 'end': '武汉站', 'mode': 'walk', 'start_time': '17:53', 'end_time': '17:55', 'cost': 0, 'distance': 0.19, 'price': 0}], 'TrainID': 'G1428', 'type': 'train'}]}], 'search_time_sec': 0.8425719738006592, 'llm_inference_time_sec': 0}
