Created log directory: /Users/mac/Documents/6-Research/9-AutoDriving/9-AutoDriving-core/data/chinatravel_baseline12_20260912/planning/e20241028160258515151/logs
cache dir: /Users/mac/Documents/6-Research/9-AutoDriving/9-AutoDriving-core/data/chinatravel_baseline12_20260912/planning/e20241028160258515151/cache
杭州 -> 上海
   id               name  ... price numbed
0   0          上海静安昆仑大酒店  ...   939      1
1   1     上海陆家嘴世博中心亚朵S酒店  ...   737      1
2   2     上海国际旅游度假区荷逸唐酒店  ...   437      2
3   3  美豪丽致酒店(上海徐家汇衡山路店)  ...   615      1
4   4             上海南郊宾馆  ...   522      1

[5 rows x 8 columns]
search: ...
candidates_type:  ['attraction', 'lunch', 'dinner', 'back-intercity-transport']
POI planning, day 0 05:18, 上海南站, next-poi type: attraction
Can not go back source-city in time, current POI ORIENS LUMINA焕光森林•东方曦望, station arrived time: 21:43
The current time is too late to go hotel or back-transport, backtrack...
add_attraction failed, backtrack...
Can not go back source-city in time, current POI ORIENS LUMINA焕光森林•东方曦望, station arrived time: 21:43
The current time is too late to go hotel or back-transport, backtrack...
add_attraction failed, backtrack...
Can not go back source-city in time, current POI ORIENS LUMINA焕光森林•东方曦望, station arrived time: 21:43
The current time is too late to go hotel or back-transport, backtrack...
add_attraction failed, backtrack...
candidates_type:  ['attraction', 'lunch', 'dinner', 'back-intercity-transport']
POI planning, day 0 11:30, 魔都360°球幕宇宙探索馆, next-poi type: lunch
add_restaurant failed, backtrack...
candidates_type:  ['attraction', 'dinner', 'back-intercity-transport']
POI planning, day 0 13:19, AZUL italiano意大利餐厅(大洋千树店), next-poi type: attraction
Can not go back source-city in time, current POI ORIENS LUMINA焕光森林•东方曦望, station arrived time: 21:43
The current time is too late to go hotel or back-transport, backtrack...
add_attraction failed, backtrack...
Can not go back source-city in time, current POI ORIENS LUMINA焕光森林•东方曦望, station arrived time: 21:43
The current time is too late to go hotel or back-transport, backtrack...
add_attraction failed, backtrack...
Can not go back source-city in time, current POI ORIENS LUMINA焕光森林•东方曦望, station arrived time: 22:48
The current time is too late to go hotel or back-transport, backtrack...
add_attraction failed, backtrack...
Can not go back source-city in time, current POI 朵云书院(广富林店), station arrived time: 21:07
The current time is too late to go hotel or back-transport, backtrack...
add_attraction failed, backtrack...
candidates_type:  ['attraction', 'dinner', 'back-intercity-transport']
POI planning, day 0 15:34, 朵云书院(广富林店), next-poi type: attraction
Can not go back source-city in time, current POI ORIENS LUMINA焕光森林•东方曦望, station arrived time: 21:43
The current time is too late to go hotel or back-transport, backtrack...
add_attraction failed, backtrack...
Can not go back source-city in time, current POI ORIENS LUMINA焕光森林•东方曦望, station arrived time: 21:43
The current time is too late to go hotel or back-transport, backtrack...
add_attraction failed, backtrack...
The current time is too late...
The attraction is closed now...
Can not go back source-city in time, current POI 中国兵器博览馆, station arrived time: 24:16
The current time is too late to go hotel or back-transport, backtrack...
add_attraction failed, backtrack...
The attraction is closed now...
Can not go back source-city in time, current POI 北大街, station arrived time: 20:22
The current time is too late to go hotel or back-transport, backtrack...
add_attraction failed, backtrack...
Can not go back source-city in time, current POI 北大街, station arrived time: 24:28
The current time is too late to go hotel or back-transport, backtrack...
add_attraction failed, backtrack...
Can not go back source-city in time, current POI 北大街, station arrived time: 21:39
The current time is too late to go hotel or back-transport, backtrack...
add_attraction failed, backtrack...
Can not go back source-city in time, current POI 久事体育旗忠网球中心, station arrived time: 20:21
The current time is too late to go hotel or back-transport, backtrack...
add_attraction failed, backtrack...
candidates_type:  ['attraction', 'dinner', 'back-intercity-transport']
POI planning, day 0 17:27, 久事体育旗忠网球中心, next-poi type: back-intercity-transport
validate the plan [for query e20241028160258515151]: 
{'people_number': 1, 'start_city': '杭州', 'target_city': '上海', 'itinerary': [{'day': 1, 'activities': [{'start_time': '02:48', 'end_time': '05:18', 'start': '杭州南站', 'end': '上海南站', 'price': 65.95, 'cost': 65.95, 'tickets': 1, 'transports': [], 'TrainID': 'K752', 'type': 'train'}, {'position': '魔都360°球幕宇宙探索馆', 'type': 'attraction', 'price': 78, 'cost': 78, 'start_time': '10:00', 'end_time': '11:30', 'transports': [{'start': '上海南站', 'end': '上海南站-地铁站', 'mode': 'walk', 'start_time': '05:18', 'end_time': '05:20', 'cost': 0, 'distance': 0.18, 'price': 0}, {'start': '上海南站-地铁站', 'end': '奉浦大道-地铁站', 'mode': 'metro', 'start_time': '05:20', 'end_time': '06:07', 'cost': 6, 'distance': 23.63, 'price': 6, 'tickets': 1}, {'start': '奉浦大道-地铁站', 'end': '魔都360°球幕宇宙探索馆', 'mode': 'walk', 'start_time': '06:07', 'end_time': '06:26', 'cost': 0, 'distance': 1.65, 'price': 0}], 'tickets': 1}, {'position': 'AZUL italiano意大利餐厅(大洋千树店)', 'type': 'lunch', 'price': 209, 'cost': 209, 'start_time': '12:19', 'end_time': '13:19', 'transports': [{'start': '魔都360°球幕宇宙探索馆', 'end': 'AZUL italiano意大利餐厅(大洋千树店)', 'mode': 'taxi', 'start_time': '11:30', 'end_time': '12:19', 'cost': 144.61, 'distance': 33.31, 'price': 144.61, 'cars': 1}]}, {'position': '朵云书院(广富林店)', 'type': 'attraction', 'price': 0, 'cost': 0, 'start_time': '14:04', 'end_time': '15:34', 'transports': [{'start': 'AZUL italiano意大利餐厅(大洋千树店)', 'end': '朵云书院(广富林店)', 'mode': 'taxi', 'start_time': '13:19', 'end_time': '14:04', 'cost': 131.99, 'distance': 30.51, 'price': 131.99, 'cars': 1}], 'tickets': 1}, {'position': '久事体育旗忠网球中心', 'type': 'attraction', 'price': 335, 'cost': 335, 'start_time': '15:57', 'end_time': '17:27', 'transports': [{'start': '朵云书院(广富林店)', 'end': '久事体育旗忠网球中心', 'mode': 'taxi', 'start_time': '15:34', 'end_time': '15:57', 'cost': 64.26, 'distance': 15.46, 'price': 64.26, 'cars': 1}], 'tickets': 1}, {'start_time': '20:21', 'end_time': '22:58', 'start': '上海南站', 'end': '杭州南站', 'price': 65.95, 'cost': 65.95, 'tickets': 1, 'transports': [{'start': '久事体育旗忠网球中心', 'end': '颛桥-地铁站', 'mode': 'walk', 'start_time': '17:27', 'end_time': '18:20', 'cost': 0, 'distance': 4.46, 'price': 0}, {'start': '颛桥-地铁站', 'end': '上海南站-地铁站', 'mode': 'metro', 'start_time': '18:20', 'end_time': '18:40', 'cost': 4, 'distance': 10.07, 'price': 4, 'tickets': 1}, {'start': '上海南站-地铁站', 'end': '上海南站', 'mode': 'walk', 'start_time': '18:40', 'end_time': '18:42', 'cost': 0, 'distance': 0.18, 'price': 0}], 'TrainID': 'K287', 'type': 'train'}]}]}
Activity grounding passed!
Intercity_transport passed!
Attractions passed!
Hotels passed!
Restaurants passed!
Innercity transport  passed!
Time passed!
Space passed!
{'days': 1, 'people_number': 1, 'cost': 1104.76, 'transport_type': {'taxi', 'metro'}, 'intercity_transport': {'train'}, 'train_type': {'K'}, 'food_type': {'西餐'}, 'spot_type': {'游乐园/体育娱乐', '文化旅游区'}, 'hotel_feature': set(), 'food_price': 209.0, 'hotel_price': 0, 'hotel_names': set(), 'restaurant_names': {'AZUL italiano意大利餐厅(大洋千树店)'}, 'attraction_names': {'魔都360°球幕宇宙探索馆', '久事体育旗忠网球中心', '朵云书院(广富林店)'}, 'tickets': 1, 'rooms': None, 'room_type': None}
[True, True, True]
result=(day_count(plan)==1) passed!
result=(people_count(plan)==1) passed!
total=0
for activity in allactivities(plan):
 total+=activity_cost(activity)
 total+=innercity_transport_cost(activity_transports(activity))
result=(total<=1600) passed!

 Pass! 

True {'people_number': 1, 'start_city': '杭州', 'target_city': '上海', 'itinerary': [{'day': 1, 'activities': [{'start_time': '02:48', 'end_time': '05:18', 'start': '杭州南站', 'end': '上海南站', 'price': 65.95, 'cost': 65.95, 'tickets': 1, 'transports': [], 'TrainID': 'K752', 'type': 'train'}, {'position': '魔都360°球幕宇宙探索馆', 'type': 'attraction', 'price': 78, 'cost': 78, 'start_time': '10:00', 'end_time': '11:30', 'transports': [{'start': '上海南站', 'end': '上海南站-地铁站', 'mode': 'walk', 'start_time': '05:18', 'end_time': '05:20', 'cost': 0, 'distance': 0.18, 'price': 0}, {'start': '上海南站-地铁站', 'end': '奉浦大道-地铁站', 'mode': 'metro', 'start_time': '05:20', 'end_time': '06:07', 'cost': 6, 'distance': 23.63, 'price': 6, 'tickets': 1}, {'start': '奉浦大道-地铁站', 'end': '魔都360°球幕宇宙探索馆', 'mode': 'walk', 'start_time': '06:07', 'end_time': '06:26', 'cost': 0, 'distance': 1.65, 'price': 0}], 'tickets': 1}, {'position': 'AZUL italiano意大利餐厅(大洋千树店)', 'type': 'lunch', 'price': 209, 'cost': 209, 'start_time': '12:19', 'end_time': '13:19', 'transports': [{'start': '魔都360°球幕宇宙探索馆', 'end': 'AZUL italiano意大利餐厅(大洋千树店)', 'mode': 'taxi', 'start_time': '11:30', 'end_time': '12:19', 'cost': 144.61, 'distance': 33.31, 'price': 144.61, 'cars': 1}]}, {'position': '朵云书院(广富林店)', 'type': 'attraction', 'price': 0, 'cost': 0, 'start_time': '14:04', 'end_time': '15:34', 'transports': [{'start': 'AZUL italiano意大利餐厅(大洋千树店)', 'end': '朵云书院(广富林店)', 'mode': 'taxi', 'start_time': '13:19', 'end_time': '14:04', 'cost': 131.99, 'distance': 30.51, 'price': 131.99, 'cars': 1}], 'tickets': 1}, {'position': '久事体育旗忠网球中心', 'type': 'attraction', 'price': 335, 'cost': 335, 'start_time': '15:57', 'end_time': '17:27', 'transports': [{'start': '朵云书院(广富林店)', 'end': '久事体育旗忠网球中心', 'mode': 'taxi', 'start_time': '15:34', 'end_time': '15:57', 'cost': 64.26, 'distance': 15.46, 'price': 64.26, 'cars': 1}], 'tickets': 1}, {'start_time': '20:21', 'end_time': '22:58', 'start': '上海南站', 'end': '杭州南站', 'price': 65.95, 'cost': 65.95, 'tickets': 1, 'transports': [{'start': '久事体育旗忠网球中心', 'end': '颛桥-地铁站', 'mode': 'walk', 'start_time': '17:27', 'end_time': '18:20', 'cost': 0, 'distance': 4.46, 'price': 0}, {'start': '颛桥-地铁站', 'end': '上海南站-地铁站', 'mode': 'metro', 'start_time': '18:20', 'end_time': '18:40', 'cost': 4, 'distance': 10.07, 'price': 4, 'tickets': 1}, {'start': '上海南站-地铁站', 'end': '上海南站', 'mode': 'walk', 'start_time': '18:40', 'end_time': '18:42', 'cost': 0, 'distance': 0.18, 'price': 0}], 'TrainID': 'K287', 'type': 'train'}]}], 'search_time_sec': 1.2615392208099365, 'llm_inference_time_sec': 0}
True {'people_number': 1, 'start_city': '杭州', 'target_city': '上海', 'itinerary': [{'day': 1, 'activities': [{'start_time': '02:48', 'end_time': '05:18', 'start': '杭州南站', 'end': '上海南站', 'price': 65.95, 'cost': 65.95, 'tickets': 1, 'transports': [], 'TrainID': 'K752', 'type': 'train'}, {'position': '魔都360°球幕宇宙探索馆', 'type': 'attraction', 'price': 78, 'cost': 78, 'start_time': '10:00', 'end_time': '11:30', 'transports': [{'start': '上海南站', 'end': '上海南站-地铁站', 'mode': 'walk', 'start_time': '05:18', 'end_time': '05:20', 'cost': 0, 'distance': 0.18, 'price': 0}, {'start': '上海南站-地铁站', 'end': '奉浦大道-地铁站', 'mode': 'metro', 'start_time': '05:20', 'end_time': '06:07', 'cost': 6, 'distance': 23.63, 'price': 6, 'tickets': 1}, {'start': '奉浦大道-地铁站', 'end': '魔都360°球幕宇宙探索馆', 'mode': 'walk', 'start_time': '06:07', 'end_time': '06:26', 'cost': 0, 'distance': 1.65, 'price': 0}], 'tickets': 1}, {'position': 'AZUL italiano意大利餐厅(大洋千树店)', 'type': 'lunch', 'price': 209, 'cost': 209, 'start_time': '12:19', 'end_time': '13:19', 'transports': [{'start': '魔都360°球幕宇宙探索馆', 'end': 'AZUL italiano意大利餐厅(大洋千树店)', 'mode': 'taxi', 'start_time': '11:30', 'end_time': '12:19', 'cost': 144.61, 'distance': 33.31, 'price': 144.61, 'cars': 1}]}, {'position': '朵云书院(广富林店)', 'type': 'attraction', 'price': 0, 'cost': 0, 'start_time': '14:04', 'end_time': '15:34', 'transports': [{'start': 'AZUL italiano意大利餐厅(大洋千树店)', 'end': '朵云书院(广富林店)', 'mode': 'taxi', 'start_time': '13:19', 'end_time': '14:04', 'cost': 131.99, 'distance': 30.51, 'price': 131.99, 'cars': 1}], 'tickets': 1}, {'position': '久事体育旗忠网球中心', 'type': 'attraction', 'price': 335, 'cost': 335, 'start_time': '15:57', 'end_time': '17:27', 'transports': [{'start': '朵云书院(广富林店)', 'end': '久事体育旗忠网球中心', 'mode': 'taxi', 'start_time': '15:34', 'end_time': '15:57', 'cost': 64.26, 'distance': 15.46, 'price': 64.26, 'cars': 1}], 'tickets': 1}, {'start_time': '20:21', 'end_time': '22:58', 'start': '上海南站', 'end': '杭州南站', 'price': 65.95, 'cost': 65.95, 'tickets': 1, 'transports': [{'start': '久事体育旗忠网球中心', 'end': '颛桥-地铁站', 'mode': 'walk', 'start_time': '17:27', 'end_time': '18:20', 'cost': 0, 'distance': 4.46, 'price': 0}, {'start': '颛桥-地铁站', 'end': '上海南站-地铁站', 'mode': 'metro', 'start_time': '18:20', 'end_time': '18:40', 'cost': 4, 'distance': 10.07, 'price': 4, 'tickets': 1}, {'start': '上海南站-地铁站', 'end': '上海南站', 'mode': 'walk', 'start_time': '18:40', 'end_time': '18:42', 'cost': 0, 'distance': 0.18, 'price': 0}], 'TrainID': 'K287', 'type': 'train'}]}], 'search_time_sec': 1.2615392208099365, 'llm_inference_time_sec': 0}
