Created log directory: /Users/mac/Documents/6-Research/9-AutoDriving/9-AutoDriving-core/data/chinatravel_baseline12_20260912/planning/e20241028160253742452/logs
cache dir: /Users/mac/Documents/6-Research/9-AutoDriving/9-AutoDriving-core/data/chinatravel_baseline12_20260912/planning/e20241028160253742452/cache
重庆 -> 成都
   id                 name  ... price numbed
0   0           成都东方美豪丽致酒店  ...   399      2
1   1   索菲斯锦苑宾馆(成都春熙路文殊院店)  ...   416      2
2   2             成都城市名人酒店  ...   353      2
3   3            成都悠泊豪生荟酒店  ...   408      2
4   4  美豪丽致酒店成都天府新区环球中心会展店  ...   349      2

[5 rows x 8 columns]
search: ...
candidates_type:  ['attraction', 'lunch', 'dinner', 'back-intercity-transport']
POI planning, day 0 08:58, 成都西站, next-poi type: attraction
candidates_type:  ['attraction', 'lunch', 'dinner', 'back-intercity-transport']
POI planning, day 0 11:30, 成都失恋博物馆(春熙路旗舰店), next-poi type: lunch
candidates_type:  ['attraction', 'dinner', 'back-intercity-transport']
POI planning, day 0 12:36, Godiva歌帝梵(成都远洋太古里店), next-poi type: attraction
The current time is too late...
Can not go back source-city in time, current POI 小九寨, station arrived time: 30:22
The current time is too late to go hotel or back-transport, backtrack...
add_attraction failed, backtrack...
The current time is too late...
The current time is too late...
Can not go back source-city in time, current POI 阴阳界, station arrived time: 29:30
The current time is too late to go hotel or back-transport, backtrack...
add_attraction failed, backtrack...
The current time is too late...
The current time is too late...
Can not go back source-city in time, current POI 白鹿森林公园, station arrived time: 25:53
The current time is too late to go hotel or back-transport, backtrack...
add_attraction failed, backtrack...
The current time is too late...
candidates_type:  ['attraction', 'dinner', 'back-intercity-transport']
POI planning, day 0 14:20, 锦里古戏台, next-poi type: attraction
Can not go back source-city in time, current POI 心道天堂, station arrived time: 26:32
The current time is too late to go hotel or back-transport, backtrack...
add_attraction failed, backtrack...
Can not go back source-city in time, current POI 心道天堂, station arrived time: 25:05
The current time is too late to go hotel or back-transport, backtrack...
add_attraction failed, backtrack...
The current time is too late...
candidates_type:  ['attraction', 'dinner', 'back-intercity-transport']
POI planning, day 0 16:27, 成都超音速国际卡丁车公园, next-poi type: dinner
candidates_type:  ['attraction', 'back-intercity-transport']
POI planning, day 0 18:00, 蜀九香火锅(九眼桥店), next-poi type: attraction
The current time is too late...
Can not go back source-city in time, current POI 小九寨, station arrived time: 35:45
The current time is too late to go hotel or back-transport, backtrack...
add_attraction failed, backtrack...
The current time is too late...
The current time is too late...
Can not go back source-city in time, current POI 西岭峡谷漂流, station arrived time: 32:57
The current time is too late to go hotel or back-transport, backtrack...
add_attraction failed, backtrack...
The current time is too late...
Can not go back source-city in time, current POI 金沙遗址博物馆乌木林, station arrived time: 22:36
The current time is too late to go hotel or back-transport, backtrack...
add_attraction failed, backtrack...
candidates_type:  ['attraction', 'back-intercity-transport']
POI planning, day 0 19:42, 金沙遗址博物馆乌木林, next-poi type: back-intercity-transport
validate the plan [for query e20241028160253742452]: 
{'people_number': 1, 'start_city': '重庆', 'target_city': '成都', 'itinerary': [{'day': 1, 'activities': [{'start_time': '05:15', 'end_time': '08:58', 'start': '重庆北站', 'end': '成都西站', 'price': 105.66, 'cost': 105.66, 'tickets': 1, 'transports': [], 'TrainID': 'K1256', 'type': 'train'}, {'position': '成都失恋博物馆(春熙路旗舰店)', 'type': 'attraction', 'price': 39, 'cost': 39, 'start_time': '10:00', 'end_time': '11:30', 'transports': [{'start': '成都西站', 'end': '成都西站-地铁站', 'mode': 'walk', 'start_time': '08:58', 'end_time': '09:01', 'cost': 0, 'distance': 0.28, 'price': 0}, {'start': '成都西站-地铁站', 'end': '市二医院-地铁站', 'mode': 'metro', 'start_time': '09:01', 'end_time': '09:22', 'cost': 4, 'distance': 10.59, 'price': 4, 'tickets': 1}, {'start': '市二医院-地铁站', 'end': '成都失恋博物馆(春熙路旗舰店)', 'mode': 'walk', 'start_time': '09:22', 'end_time': '09:25', 'cost': 0, 'distance': 0.3, 'price': 0}], 'tickets': 1}, {'position': 'Godiva歌帝梵(成都远洋太古里店)', 'type': 'lunch', 'price': 57, 'cost': 57, 'start_time': '11:36', 'end_time': '12:36', 'transports': [{'start': '成都失恋博物馆(春熙路旗舰店)', 'end': '市二医院-地铁站', 'mode': 'walk', 'start_time': '11:30', 'end_time': '11:33', 'cost': 0, 'distance': 0.3, 'price': 0}, {'start': '市二医院-地铁站', 'end': '春熙路-地铁站', 'mode': 'metro', 'start_time': '11:33', 'end_time': '11:34', 'cost': 2, 'distance': 0.9, 'price': 2, 'tickets': 1}, {'start': '春熙路-地铁站', 'end': 'Godiva歌帝梵(成都远洋太古里店)', 'mode': 'walk', 'start_time': '11:34', 'end_time': '11:36', 'cost': 0, 'distance': 0.25, 'price': 0}]}, {'position': '锦里古戏台', 'type': 'attraction', 'price': 0, 'cost': 0, 'start_time': '12:50', 'end_time': '14:20', 'transports': [{'start': 'Godiva歌帝梵(成都远洋太古里店)', 'end': '春熙路-地铁站', 'mode': 'walk', 'start_time': '12:36', 'end_time': '12:38', 'cost': 0, 'distance': 0.25, 'price': 0}, {'start': '春熙路-地铁站', 'end': '人民公园-地铁站', 'mode': 'metro', 'start_time': '12:38', 'end_time': '12:42', 'cost': 2, 'distance': 2.32, 'price': 2, 'tickets': 1}, {'start': '人民公园-地铁站', 'end': '锦里古戏台', 'mode': 'walk', 'start_time': '12:42', 'end_time': '12:50', 'cost': 0, 'distance': 0.74, 'price': 0}], 'tickets': 1}, {'position': '成都超音速国际卡丁车公园', 'type': 'attraction', 'price': 0, 'cost': 0, 'start_time': '14:57', 'end_time': '16:27', 'transports': [{'start': '锦里古戏台', 'end': '人民公园-地铁站', 'mode': 'walk', 'start_time': '14:20', 'end_time': '14:28', 'cost': 0, 'distance': 0.74, 'price': 0}, {'start': '人民公园-地铁站', 'end': '来龙-地铁站', 'mode': 'metro', 'start_time': '14:28', 'end_time': '14:48', 'cost': 4, 'distance': 10.41, 'price': 4, 'tickets': 1}, {'start': '来龙-地铁站', 'end': '成都超音速国际卡丁车公园', 'mode': 'walk', 'start_time': '14:48', 'end_time': '14:57', 'cost': 0, 'distance': 0.82, 'price': 0}], 'tickets': 1}, {'position': '蜀九香火锅(九眼桥店)', 'type': 'dinner', 'price': 117, 'cost': 117, 'start_time': '17:00', 'end_time': '18:00', 'transports': [{'start': '成都超音速国际卡丁车公园', 'end': '来龙-地铁站', 'mode': 'walk', 'start_time': '16:27', 'end_time': '16:36', 'cost': 0, 'distance': 0.82, 'price': 0}, {'start': '来龙-地铁站', 'end': '顺江路-地铁站', 'mode': 'metro', 'start_time': '16:36', 'end_time': '16:49', 'cost': 3, 'distance': 6.96, 'price': 3, 'tickets': 1}, {'start': '顺江路-地铁站', 'end': '蜀九香火锅(九眼桥店)', 'mode': 'walk', 'start_time': '16:49', 'end_time': '16:56', 'cost': 0, 'distance': 0.62, 'price': 0}]}, {'position': '金沙遗址博物馆乌木林', 'type': 'attraction', 'price': 0, 'cost': 0, 'start_time': '18:12', 'end_time': '19:42', 'transports': [{'start': '蜀九香火锅(九眼桥店)', 'end': '金沙遗址博物馆乌木林', 'mode': 'taxi', 'start_time': '18:00', 'end_time': '18:12', 'cost': 34.18, 'distance': 8.42, 'price': 34.18, 'cars': 1}], 'tickets': 1}, {'start_time': '22:31', 'end_time': '23:49', 'start': '成都东站', 'end': '重庆西站', 'price': 171.7, 'cost': 171.7, 'tickets': 1, 'transports': [{'start': '金沙遗址博物馆乌木林', 'end': '一品天下-地铁站', 'mode': 'walk', 'start_time': '19:42', 'end_time': '19:46', 'cost': 0, 'distance': 0.36, 'price': 0}, {'start': '一品天下-地铁站', 'end': '成都东客站-地铁站', 'mode': 'metro', 'start_time': '19:46', 'end_time': '20:12', 'cost': 4, 'distance': 13.29, 'price': 4, 'tickets': 1}, {'start': '成都东客站-地铁站', 'end': '成都东站', 'mode': 'walk', 'start_time': '20:12', 'end_time': '20:12', 'cost': 0, 'distance': 0.0, 'price': 0}], 'TrainID': 'G8749', 'type': 'train'}]}]}
Activity grounding passed!
Intercity_transport passed!
Attractions passed!
Hotels passed!
Restaurants passed!
Innercity transport  passed!
Time passed!
Space passed!
{'days': 1, 'people_number': 1, 'cost': 543.54, 'transport_type': {'taxi', 'metro'}, 'intercity_transport': {'train'}, 'train_type': {'G', 'K'}, 'food_type': {'火锅', '面包甜点'}, 'spot_type': {'游乐园/体育娱乐', '博物馆/纪念馆', '历史古迹'}, 'hotel_feature': set(), 'food_price': 87.0, 'hotel_price': 0, 'hotel_names': set(), 'restaurant_names': {'蜀九香火锅(九眼桥店)', 'Godiva歌帝梵(成都远洋太古里店)'}, 'attraction_names': {'成都超音速国际卡丁车公园', '锦里古戏台', '金沙遗址博物馆乌木林', '成都失恋博物馆(春熙路旗舰店)'}, 'tickets': 1, 'rooms': None, 'room_type': None}
[True, True, True]
result=(day_count(plan)==1) passed!
result=(people_count(plan)==1) passed!
total=0
for activity in allactivities(plan):
 total+=activity_cost(activity)
 total+=innercity_transport_cost(activity_transports(activity))
result=(total<=1200) passed!

 Pass! 

True {'people_number': 1, 'start_city': '重庆', 'target_city': '成都', 'itinerary': [{'day': 1, 'activities': [{'start_time': '05:15', 'end_time': '08:58', 'start': '重庆北站', 'end': '成都西站', 'price': 105.66, 'cost': 105.66, 'tickets': 1, 'transports': [], 'TrainID': 'K1256', 'type': 'train'}, {'position': '成都失恋博物馆(春熙路旗舰店)', 'type': 'attraction', 'price': 39, 'cost': 39, 'start_time': '10:00', 'end_time': '11:30', 'transports': [{'start': '成都西站', 'end': '成都西站-地铁站', 'mode': 'walk', 'start_time': '08:58', 'end_time': '09:01', 'cost': 0, 'distance': 0.28, 'price': 0}, {'start': '成都西站-地铁站', 'end': '市二医院-地铁站', 'mode': 'metro', 'start_time': '09:01', 'end_time': '09:22', 'cost': 4, 'distance': 10.59, 'price': 4, 'tickets': 1}, {'start': '市二医院-地铁站', 'end': '成都失恋博物馆(春熙路旗舰店)', 'mode': 'walk', 'start_time': '09:22', 'end_time': '09:25', 'cost': 0, 'distance': 0.3, 'price': 0}], 'tickets': 1}, {'position': 'Godiva歌帝梵(成都远洋太古里店)', 'type': 'lunch', 'price': 57, 'cost': 57, 'start_time': '11:36', 'end_time': '12:36', 'transports': [{'start': '成都失恋博物馆(春熙路旗舰店)', 'end': '市二医院-地铁站', 'mode': 'walk', 'start_time': '11:30', 'end_time': '11:33', 'cost': 0, 'distance': 0.3, 'price': 0}, {'start': '市二医院-地铁站', 'end': '春熙路-地铁站', 'mode': 'metro', 'start_time': '11:33', 'end_time': '11:34', 'cost': 2, 'distance': 0.9, 'price': 2, 'tickets': 1}, {'start': '春熙路-地铁站', 'end': 'Godiva歌帝梵(成都远洋太古里店)', 'mode': 'walk', 'start_time': '11:34', 'end_time': '11:36', 'cost': 0, 'distance': 0.25, 'price': 0}]}, {'position': '锦里古戏台', 'type': 'attraction', 'price': 0, 'cost': 0, 'start_time': '12:50', 'end_time': '14:20', 'transports': [{'start': 'Godiva歌帝梵(成都远洋太古里店)', 'end': '春熙路-地铁站', 'mode': 'walk', 'start_time': '12:36', 'end_time': '12:38', 'cost': 0, 'distance': 0.25, 'price': 0}, {'start': '春熙路-地铁站', 'end': '人民公园-地铁站', 'mode': 'metro', 'start_time': '12:38', 'end_time': '12:42', 'cost': 2, 'distance': 2.32, 'price': 2, 'tickets': 1}, {'start': '人民公园-地铁站', 'end': '锦里古戏台', 'mode': 'walk', 'start_time': '12:42', 'end_time': '12:50', 'cost': 0, 'distance': 0.74, 'price': 0}], 'tickets': 1}, {'position': '成都超音速国际卡丁车公园', 'type': 'attraction', 'price': 0, 'cost': 0, 'start_time': '14:57', 'end_time': '16:27', 'transports': [{'start': '锦里古戏台', 'end': '人民公园-地铁站', 'mode': 'walk', 'start_time': '14:20', 'end_time': '14:28', 'cost': 0, 'distance': 0.74, 'price': 0}, {'start': '人民公园-地铁站', 'end': '来龙-地铁站', 'mode': 'metro', 'start_time': '14:28', 'end_time': '14:48', 'cost': 4, 'distance': 10.41, 'price': 4, 'tickets': 1}, {'start': '来龙-地铁站', 'end': '成都超音速国际卡丁车公园', 'mode': 'walk', 'start_time': '14:48', 'end_time': '14:57', 'cost': 0, 'distance': 0.82, 'price': 0}], 'tickets': 1}, {'position': '蜀九香火锅(九眼桥店)', 'type': 'dinner', 'price': 117, 'cost': 117, 'start_time': '17:00', 'end_time': '18:00', 'transports': [{'start': '成都超音速国际卡丁车公园', 'end': '来龙-地铁站', 'mode': 'walk', 'start_time': '16:27', 'end_time': '16:36', 'cost': 0, 'distance': 0.82, 'price': 0}, {'start': '来龙-地铁站', 'end': '顺江路-地铁站', 'mode': 'metro', 'start_time': '16:36', 'end_time': '16:49', 'cost': 3, 'distance': 6.96, 'price': 3, 'tickets': 1}, {'start': '顺江路-地铁站', 'end': '蜀九香火锅(九眼桥店)', 'mode': 'walk', 'start_time': '16:49', 'end_time': '16:56', 'cost': 0, 'distance': 0.62, 'price': 0}]}, {'position': '金沙遗址博物馆乌木林', 'type': 'attraction', 'price': 0, 'cost': 0, 'start_time': '18:12', 'end_time': '19:42', 'transports': [{'start': '蜀九香火锅(九眼桥店)', 'end': '金沙遗址博物馆乌木林', 'mode': 'taxi', 'start_time': '18:00', 'end_time': '18:12', 'cost': 34.18, 'distance': 8.42, 'price': 34.18, 'cars': 1}], 'tickets': 1}, {'start_time': '22:31', 'end_time': '23:49', 'start': '成都东站', 'end': '重庆西站', 'price': 171.7, 'cost': 171.7, 'tickets': 1, 'transports': [{'start': '金沙遗址博物馆乌木林', 'end': '一品天下-地铁站', 'mode': 'walk', 'start_time': '19:42', 'end_time': '19:46', 'cost': 0, 'distance': 0.36, 'price': 0}, {'start': '一品天下-地铁站', 'end': '成都东客站-地铁站', 'mode': 'metro', 'start_time': '19:46', 'end_time': '20:12', 'cost': 4, 'distance': 13.29, 'price': 4, 'tickets': 1}, {'start': '成都东客站-地铁站', 'end': '成都东站', 'mode': 'walk', 'start_time': '20:12', 'end_time': '20:12', 'cost': 0, 'distance': 0.0, 'price': 0}], 'TrainID': 'G8749', 'type': 'train'}]}], 'search_time_sec': 1.501420021057129, 'llm_inference_time_sec': 0}
True {'people_number': 1, 'start_city': '重庆', 'target_city': '成都', 'itinerary': [{'day': 1, 'activities': [{'start_time': '05:15', 'end_time': '08:58', 'start': '重庆北站', 'end': '成都西站', 'price': 105.66, 'cost': 105.66, 'tickets': 1, 'transports': [], 'TrainID': 'K1256', 'type': 'train'}, {'position': '成都失恋博物馆(春熙路旗舰店)', 'type': 'attraction', 'price': 39, 'cost': 39, 'start_time': '10:00', 'end_time': '11:30', 'transports': [{'start': '成都西站', 'end': '成都西站-地铁站', 'mode': 'walk', 'start_time': '08:58', 'end_time': '09:01', 'cost': 0, 'distance': 0.28, 'price': 0}, {'start': '成都西站-地铁站', 'end': '市二医院-地铁站', 'mode': 'metro', 'start_time': '09:01', 'end_time': '09:22', 'cost': 4, 'distance': 10.59, 'price': 4, 'tickets': 1}, {'start': '市二医院-地铁站', 'end': '成都失恋博物馆(春熙路旗舰店)', 'mode': 'walk', 'start_time': '09:22', 'end_time': '09:25', 'cost': 0, 'distance': 0.3, 'price': 0}], 'tickets': 1}, {'position': 'Godiva歌帝梵(成都远洋太古里店)', 'type': 'lunch', 'price': 57, 'cost': 57, 'start_time': '11:36', 'end_time': '12:36', 'transports': [{'start': '成都失恋博物馆(春熙路旗舰店)', 'end': '市二医院-地铁站', 'mode': 'walk', 'start_time': '11:30', 'end_time': '11:33', 'cost': 0, 'distance': 0.3, 'price': 0}, {'start': '市二医院-地铁站', 'end': '春熙路-地铁站', 'mode': 'metro', 'start_time': '11:33', 'end_time': '11:34', 'cost': 2, 'distance': 0.9, 'price': 2, 'tickets': 1}, {'start': '春熙路-地铁站', 'end': 'Godiva歌帝梵(成都远洋太古里店)', 'mode': 'walk', 'start_time': '11:34', 'end_time': '11:36', 'cost': 0, 'distance': 0.25, 'price': 0}]}, {'position': '锦里古戏台', 'type': 'attraction', 'price': 0, 'cost': 0, 'start_time': '12:50', 'end_time': '14:20', 'transports': [{'start': 'Godiva歌帝梵(成都远洋太古里店)', 'end': '春熙路-地铁站', 'mode': 'walk', 'start_time': '12:36', 'end_time': '12:38', 'cost': 0, 'distance': 0.25, 'price': 0}, {'start': '春熙路-地铁站', 'end': '人民公园-地铁站', 'mode': 'metro', 'start_time': '12:38', 'end_time': '12:42', 'cost': 2, 'distance': 2.32, 'price': 2, 'tickets': 1}, {'start': '人民公园-地铁站', 'end': '锦里古戏台', 'mode': 'walk', 'start_time': '12:42', 'end_time': '12:50', 'cost': 0, 'distance': 0.74, 'price': 0}], 'tickets': 1}, {'position': '成都超音速国际卡丁车公园', 'type': 'attraction', 'price': 0, 'cost': 0, 'start_time': '14:57', 'end_time': '16:27', 'transports': [{'start': '锦里古戏台', 'end': '人民公园-地铁站', 'mode': 'walk', 'start_time': '14:20', 'end_time': '14:28', 'cost': 0, 'distance': 0.74, 'price': 0}, {'start': '人民公园-地铁站', 'end': '来龙-地铁站', 'mode': 'metro', 'start_time': '14:28', 'end_time': '14:48', 'cost': 4, 'distance': 10.41, 'price': 4, 'tickets': 1}, {'start': '来龙-地铁站', 'end': '成都超音速国际卡丁车公园', 'mode': 'walk', 'start_time': '14:48', 'end_time': '14:57', 'cost': 0, 'distance': 0.82, 'price': 0}], 'tickets': 1}, {'position': '蜀九香火锅(九眼桥店)', 'type': 'dinner', 'price': 117, 'cost': 117, 'start_time': '17:00', 'end_time': '18:00', 'transports': [{'start': '成都超音速国际卡丁车公园', 'end': '来龙-地铁站', 'mode': 'walk', 'start_time': '16:27', 'end_time': '16:36', 'cost': 0, 'distance': 0.82, 'price': 0}, {'start': '来龙-地铁站', 'end': '顺江路-地铁站', 'mode': 'metro', 'start_time': '16:36', 'end_time': '16:49', 'cost': 3, 'distance': 6.96, 'price': 3, 'tickets': 1}, {'start': '顺江路-地铁站', 'end': '蜀九香火锅(九眼桥店)', 'mode': 'walk', 'start_time': '16:49', 'end_time': '16:56', 'cost': 0, 'distance': 0.62, 'price': 0}]}, {'position': '金沙遗址博物馆乌木林', 'type': 'attraction', 'price': 0, 'cost': 0, 'start_time': '18:12', 'end_time': '19:42', 'transports': [{'start': '蜀九香火锅(九眼桥店)', 'end': '金沙遗址博物馆乌木林', 'mode': 'taxi', 'start_time': '18:00', 'end_time': '18:12', 'cost': 34.18, 'distance': 8.42, 'price': 34.18, 'cars': 1}], 'tickets': 1}, {'start_time': '22:31', 'end_time': '23:49', 'start': '成都东站', 'end': '重庆西站', 'price': 171.7, 'cost': 171.7, 'tickets': 1, 'transports': [{'start': '金沙遗址博物馆乌木林', 'end': '一品天下-地铁站', 'mode': 'walk', 'start_time': '19:42', 'end_time': '19:46', 'cost': 0, 'distance': 0.36, 'price': 0}, {'start': '一品天下-地铁站', 'end': '成都东客站-地铁站', 'mode': 'metro', 'start_time': '19:46', 'end_time': '20:12', 'cost': 4, 'distance': 13.29, 'price': 4, 'tickets': 1}, {'start': '成都东客站-地铁站', 'end': '成都东站', 'mode': 'walk', 'start_time': '20:12', 'end_time': '20:12', 'cost': 0, 'distance': 0.0, 'price': 0}], 'TrainID': 'G8749', 'type': 'train'}]}], 'search_time_sec': 1.501420021057129, 'llm_inference_time_sec': 0}
